Archive member included to satisfy reference by file (symbol)

/usr/lib/gcc/arm-none-eabi/6.3.1/../../../../arm-none-eabi/lib/armv7e-m/softfp/libc.a(lib_a-calloc.o)
                              ./BUILD/NUCLEO_F401RE/GCC_ARM/mbed-os/features/mbedtls/src/asn1parse.o (calloc)
/usr/lib/gcc/arm-none-eabi/6.3.1/../../../../arm-none-eabi/lib/armv7e-m/softfp/libc.a(lib_a-callocr.o)
                              ./BUILD/NUCLEO_F401RE/GCC_ARM/mbed-os/platform/mbed_alloc_wrappers.o (_calloc_r)
/usr/lib/gcc/arm-none-eabi/6.3.1/../../../../arm-none-eabi/lib/armv7e-m/softfp/libc.a(lib_a-errno.o)
                              ./BUILD/NUCLEO_F401RE/GCC_ARM/mbed-os/features/filesystem/fat/FATFileSystem.o (__errno)
/usr/lib/gcc/arm-none-eabi/6.3.1/../../../../arm-none-eabi/lib/armv7e-m/softfp/libc.a(lib_a-fclose.o)
                              ./BUILD/NUCLEO_F401RE/GCC_ARM/mbed-os/drivers/Stream.o (fclose)
/usr/lib/gcc/arm-none-eabi/6.3.1/../../../../arm-none-eabi/lib/armv7e-m/softfp/libc.a(lib_a-fflush.o)
                              /usr/lib/gcc/arm-none-eabi/6.3.1/../../../../arm-none-eabi/lib/armv7e-m/softfp/libc.a(lib_a-fclose.o) (__sflush_r)
/usr/lib/gcc/arm-none-eabi/6.3.1/../../../../arm-none-eabi/lib/armv7e-m/softfp/libc.a(lib_a-fgetc.o)
                              ./BUILD/NUCLEO_F401RE/GCC_ARM/mbed-os/platform/mbed_retarget.o (fgetc)
/usr/lib/gcc/arm-none-eabi/6.3.1/../../../../arm-none-eabi/lib/armv7e-m/softfp/libc.a(lib_a-fgets.o)
                              ./BUILD/NUCLEO_F401RE/GCC_ARM/mbed-os/platform/mbed_retarget.o (fgets)
/usr/lib/gcc/arm-none-eabi/6.3.1/../../../../arm-none-eabi/lib/armv7e-m/softfp/libc.a(lib_a-findfp.o)
                              /usr/lib/gcc/arm-none-eabi/6.3.1/../../../../arm-none-eabi/lib/armv7e-m/softfp/libc.a(lib_a-fclose.o) (__sinit)
/usr/lib/gcc/arm-none-eabi/6.3.1/../../../../arm-none-eabi/lib/armv7e-m/softfp/libc.a(lib_a-fini.o)
                              /usr/lib/gcc/arm-none-eabi/6.3.1/../../../../arm-none-eabi/lib/armv7e-m/softfp/crt0.o (__libc_fini_array)
/usr/lib/gcc/arm-none-eabi/6.3.1/../../../../arm-none-eabi/lib/armv7e-m/softfp/libc.a(lib_a-fopen.o)
                              ./BUILD/NUCLEO_F401RE/GCC_ARM/mbed-os/drivers/Stream.o (fopen)
/usr/lib/gcc/arm-none-eabi/6.3.1/../../../../arm-none-eabi/lib/armv7e-m/softfp/libc.a(lib_a-fputc.o)
                              ./BUILD/NUCLEO_F401RE/GCC_ARM/mbed-os/drivers/Stream.o (fputc)
/usr/lib/gcc/arm-none-eabi/6.3.1/../../../../arm-none-eabi/lib/armv7e-m/softfp/libc.a(lib_a-fputs.o)
                              ./BUILD/NUCLEO_F401RE/GCC_ARM/mbed-os/drivers/Stream.o (fputs)
/usr/lib/gcc/arm-none-eabi/6.3.1/../../../../arm-none-eabi/lib/armv7e-m/softfp/libc.a(lib_a-freer.o)
                              ./BUILD/NUCLEO_F401RE/GCC_ARM/mbed-os/platform/mbed_alloc_wrappers.o (_free_r)
/usr/lib/gcc/arm-none-eabi/6.3.1/../../../../arm-none-eabi/lib/armv7e-m/softfp/libc.a(lib_a-fseek.o)
                              /usr/lib/gcc/arm-none-eabi/6.3.1/../../../../arm-none-eabi/lib/armv7e-m/softfp/libc.a(lib_a-fopen.o) (_fseek_r)
/usr/lib/gcc/arm-none-eabi/6.3.1/../../../../arm-none-eabi/lib/armv7e-m/softfp/libc.a(lib_a-fseeko.o)
                              /usr/lib/gcc/arm-none-eabi/6.3.1/../../../../arm-none-eabi/lib/armv7e-m/softfp/libc.a(lib_a-fseek.o) (_fseeko_r)
/usr/lib/gcc/arm-none-eabi/6.3.1/../../../../arm-none-eabi/lib/armv7e-m/softfp/libc.a(lib_a-fstatr.o)
                              /usr/lib/gcc/arm-none-eabi/6.3.1/../../../../arm-none-eabi/lib/armv7e-m/softfp/libc.a(lib_a-fseeko.o) (_fstat_r)
/usr/lib/gcc/arm-none-eabi/6.3.1/../../../../arm-none-eabi/lib/armv7e-m/softfp/libc.a(lib_a-fvwrite.o)
                              /usr/lib/gcc/arm-none-eabi/6.3.1/../../../../arm-none-eabi/lib/armv7e-m/softfp/libc.a(lib_a-fputs.o) (__sfvwrite_r)
/usr/lib/gcc/arm-none-eabi/6.3.1/../../../../arm-none-eabi/lib/armv7e-m/softfp/libc.a(lib_a-fwalk.o)
                              /usr/lib/gcc/arm-none-eabi/6.3.1/../../../../arm-none-eabi/lib/armv7e-m/softfp/libc.a(lib_a-findfp.o) (_fwalk)
/usr/lib/gcc/arm-none-eabi/6.3.1/../../../../arm-none-eabi/lib/armv7e-m/softfp/libc.a(lib_a-impure.o)
                              /usr/lib/gcc/arm-none-eabi/6.3.1/../../../../arm-none-eabi/lib/armv7e-m/softfp/libc.a(lib_a-fflush.o) (_global_impure_ptr)
/usr/lib/gcc/arm-none-eabi/6.3.1/../../../../arm-none-eabi/lib/armv7e-m/softfp/libc.a(lib_a-init.o)
                              /usr/lib/gcc/arm-none-eabi/6.3.1/../../../../arm-none-eabi/lib/armv7e-m/softfp/crt0.o (__libc_init_array)
/usr/lib/gcc/arm-none-eabi/6.3.1/../../../../arm-none-eabi/lib/armv7e-m/softfp/libc.a(lib_a-isalpha.o)
                              ./BUILD/NUCLEO_F401RE/GCC_ARM/mbed-os/features/frameworks/greentea-client/source/greentea_test_env.o (isalpha)
/usr/lib/gcc/arm-none-eabi/6.3.1/../../../../arm-none-eabi/lib/armv7e-m/softfp/libc.a(lib_a-isdigit.o)
[...]
Memory Configuration

Name             Origin             Length             Attributes
FLASH            0x0000000008000000 0x0000000000080000 xr
RAM              0x0000000020000194 0x0000000000017e6c xrw
*default*        0x0000000000000000 0xffffffffffffffff

Linker script and memory map

LOAD /usr/lib/gcc/arm-none-eabi/6.3.1/armv7e-m/softfp/crti.o
LOAD /usr/lib/gcc/arm-none-eabi/6.3.1/armv7e-m/softfp/crtbegin.o
LOAD /usr/lib/gcc/arm-none-eabi/6.3.1/../../../../arm-none-eabi/lib/armv7e-m/softfp/crt0.o
LOAD ./BUILD/NUCLEO_F401RE/GCC_ARM/./test_env.o
LOAD ./BUILD/NUCLEO_F401RE/GCC_ARM/hts221/hts221.o
LOAD ./BUILD/NUCLEO_F401RE/GCC_ARM/mbed-os/drivers/AnalogIn.o
LOAD ./BUILD/NUCLEO_F401RE/GCC_ARM/mbed-os/drivers/BusIn.o
LOAD ./BUILD/NUCLEO_F401RE/GCC_ARM/mbed-os/drivers/BusInOut.o
LOAD ./BUILD/NUCLEO_F401RE/GCC_ARM/mbed-os/drivers/BusOut.o
LOAD ./BUILD/NUCLEO_F401RE/GCC_ARM/mbed-os/drivers/CAN.o
LOAD ./BUILD/NUCLEO_F401RE/GCC_ARM/mbed-os/drivers/Ethernet.o
LOAD ./BUILD/NUCLEO_F401RE/GCC_ARM/mbed-os/drivers/FileBase.o
LOAD ./BUILD/NUCLEO_F401RE/GCC_ARM/mbed-os/drivers/FilePath.o
LOAD ./BUILD/NUCLEO_F401RE/GCC_ARM/mbed-os/drivers/FileSystemLike.o
LOAD ./BUILD/NUCLEO_F401RE/GCC_ARM/mbed-os/drivers/FlashIAP.o
LOAD ./BUILD/NUCLEO_F401RE/GCC_ARM/mbed-os/drivers/I2C.o
LOAD ./BUILD/NUCLEO_F401RE/GCC_ARM/mbed-os/drivers/I2CSlave.o
LOAD ./BUILD/NUCLEO_F401RE/GCC_ARM/mbed-os/drivers/InterruptIn.o
LOAD ./BUILD/NUCLEO_F401RE/GCC_ARM/mbed-os/drivers/InterruptManager.o
LOAD ./BUILD/NUCLEO_F401RE/GCC_ARM/mbed-os/drivers/LocalFileSystem.o
LOAD ./BUILD/NUCLEO_F401RE/GCC_ARM/mbed-os/drivers/RawSerial.o
LOAD ./BUILD/NUCLEO_F401RE/GCC_ARM/mbed-os/drivers/SPI.o
LOAD ./BUILD/NUCLEO_F401RE/GCC_ARM/mbed-os/drivers/SPISlave.o
LOAD ./BUILD/NUCLEO_F401RE/GCC_ARM/mbed-os/drivers/Serial.o
LOAD ./BUILD/NUCLEO_F401RE/GCC_ARM/mbed-os/drivers/SerialBase.o
LOAD ./BUILD/NUCLEO_F401RE/GCC_ARM/mbed-os/drivers/Stream.o
LOAD ./BUILD/NUCLEO_F401RE/GCC_ARM/mbed-os/drivers/Ticker.o
LOAD ./BUILD/NUCLEO_F401RE/GCC_ARM/mbed-os/drivers/Timeout.o
LOAD ./BUILD/NUCLEO_F401RE/GCC_ARM/mbed-os/drivers/Timer.o
LOAD ./BUILD/NUCLEO_F401RE/GCC_ARM/mbed-os/drivers/TimerEvent.o
LOAD ./BUILD/NUCLEO_F401RE/GCC_ARM/mbed-os/events/EventQueue.o
LOAD ./BUILD/NUCLEO_F401RE/GCC_ARM/mbed-os/events/equeue/equeue.o
LOAD ./BUILD/NUCLEO_F401RE/GCC_ARM/mbed-os/events/equeue/equeue_mbed.o
LOAD ./BUILD/NUCLEO_F401RE/GCC_ARM/mbed-os/events/equeue/equeue_posix.o
LOAD ./BUILD/NUCLEO_F401RE/GCC_ARM/mbed-os/features/filesystem/Dir.o
LOAD ./BUILD/NUCLEO_F401RE/GCC_ARM/mbed-os/features/filesystem/File.o
LOAD ./BUILD/NUCLEO_F401RE/GCC_ARM/mbed-os/features/filesystem/FileSystem.o
LOAD ./BUILD/NUCLEO_F401RE/GCC_ARM/mbed-os/features/filesystem/bd/ChainingBlockDevice.o
LOAD ./BUILD/NUCLEO_F401RE/GCC_ARM/mbed-os/features/filesystem/bd/HeapBlockDevice.o
LOAD ./BUILD/NUCLEO_F401RE/GCC_ARM/mbed-os/features/filesystem/bd/SlicingBlockDevice.o
LOAD ./BUILD/NUCLEO_F401RE/GCC_ARM/mbed-os/features/filesystem/fat/ChaN/ccsbcs.o
LOAD ./BUILD/NUCLEO_F401RE/GCC_ARM/mbed-os/features/filesystem/fat/ChaN/ff.o
LOAD ./BUILD/NUCLEO_F401RE/GCC_ARM/mbed-os/features/filesystem/fat/FATFileSystem.o
LOAD ./BUILD/NUCLEO_F401RE/GCC_ARM/mbed-os/features/frameworks/greentea-client/source/greentea_metrics.o
LOAD ./BUILD/NUCLEO_F401RE/GCC_ARM/mbed-os/features/frameworks/greentea-client/source/greentea_serial.o
LOAD ./BUILD/NUCLEO_F401RE/GCC_ARM/mbed-os/features/frameworks/greentea-client/source/greentea_test_env.o
LOAD ./BUILD/NUCLEO_F401RE/GCC_ARM/mbed-os/features/frameworks/unity/source/unity.o
LOAD ./BUILD/NUCLEO_F401RE/GCC_ARM/mbed-os/features/frameworks/utest/mbed-utest-shim.o
LOAD ./BUILD/NUCLEO_F401RE/GCC_ARM/mbed-os/features/frameworks/utest/source/unity_handler.o
LOAD ./BUILD/NUCLEO_F401RE/GCC_ARM/mbed-os/features/frameworks/utest/source/utest_case.o
LOAD ./BUILD/NUCLEO_F401RE/GCC_ARM/mbed-os/features/frameworks/utest/source/utest_default_handlers.o
LOAD ./BUILD/NUCLEO_F401RE/GCC_ARM/mbed-os/features/frameworks/utest/source/utest_greentea_handlers.o
LOAD ./BUILD/NUCLEO_F401RE/GCC_ARM/mbed-os/features/frameworks/utest/source/utest_harness.o
LOAD ./BUILD/NUCLEO_F401RE/GCC_ARM/mbed-os/features/frameworks/utest/source/utest_shim.o
LOAD ./BUILD/NUCLEO_F401RE/GCC_ARM/mbed-os/features/frameworks/utest/source/utest_stack_trace.o
LOAD ./BUILD/NUCLEO_F401RE/GCC_ARM/mbed-os/features/frameworks/utest/source/utest_types.o
LOAD ./BUILD/NUCLEO_F401RE/GCC_ARM/mbed-os/features/mbedtls/platform/src/mbed_trng.o
LOAD ./BUILD/NUCLEO_F401RE/GCC_ARM/mbed-os/features/mbedtls/src/aes.o
LOAD ./BUILD/NUCLEO_F401RE/GCC_ARM/mbed-os/features/mbedtls/src/aesni.o
LOAD ./BUILD/NUCLEO_F401RE/GCC_ARM/mbed-os/features/mbedtls/src/arc4.o
LOAD ./BUILD/NUCLEO_F401RE/GCC_ARM/mbed-os/features/mbedtls/src/asn1parse.o
LOAD ./BUILD/NUCLEO_F401RE/GCC_ARM/mbed-os/features/mbedtls/src/asn1write.o
LOAD ./BUILD/NUCLEO_F401RE/GCC_ARM/mbed-os/features/mbedtls/src/base64.o
LOAD ./BUILD/NUCLEO_F401RE/GCC_ARM/mbed-os/features/mbedtls/src/bignum.o
LOAD ./BUILD/NUCLEO_F401RE/GCC_ARM/mbed-os/features/mbedtls/src/blowfish.o
LOAD ./BUILD/NUCLEO_F401RE/GCC_ARM/mbed-os/features/mbedtls/src/camellia.o
LOAD ./BUILD/NUCLEO_F401RE/GCC_ARM/mbed-os/features/mbedtls/src/ccm.o
LOAD ./BUILD/NUCLEO_F401RE/GCC_ARM/mbed-os/features/mbedtls/src/certs.o
LOAD ./BUILD/NUCLEO_F401RE/GCC_ARM/mbed-os/features/mbedtls/src/cipher.o
LOAD ./BUILD/NUCLEO_F401RE/GCC_ARM/mbed-os/features/mbedtls/src/cipher_wrap.o
LOAD ./BUILD/NUCLEO_F401RE/GCC_ARM/mbed-os/features/mbedtls/src/cmac.o
LOAD ./BUILD/NUCLEO_F401RE/GCC_ARM/mbed-os/features/mbedtls/src/ctr_drbg.o
LOAD ./BUILD/NUCLEO_F401RE/GCC_ARM/mbed-os/features/mbedtls/src/debug.o
LOAD ./BUILD/NUCLEO_F401RE/GCC_ARM/mbed-os/features/mbedtls/src/des.o
LOAD ./BUILD/NUCLEO_F401RE/GCC_ARM/mbed-os/features/mbedtls/src/dhm.o
LOAD ./BUILD/NUCLEO_F401RE/GCC_ARM/mbed-os/features/mbedtls/src/ecdh.o
LOAD ./BUILD/NUCLEO_F401RE/GCC_ARM/mbed-os/features/mbedtls/src/ecdsa.o
LOAD ./BUILD/NUCLEO_F401RE/GCC_ARM/mbed-os/features/mbedtls/src/ecjpake.o
LOAD ./BUILD/NUCLEO_F401RE/GCC_ARM/mbed-os/features/mbedtls/src/ecp.o
LOAD ./BUILD/NUCLEO_F401RE/GCC_ARM/mbed-os/features/mbedtls/src/ecp_curves.o
LOAD ./BUILD/NUCLEO_F401RE/GCC_ARM/mbed-os/features/mbedtls/src/entropy.o
LOAD ./BUILD/NUCLEO_F401RE/GCC_ARM/mbed-os/features/mbedtls/src/entropy_poll.o
LOAD ./BUILD/NUCLEO_F401RE/GCC_ARM/mbed-os/features/mbedtls/src/error.o
LOAD ./BUILD/NUCLEO_F401RE/GCC_ARM/mbed-os/features/mbedtls/src/gcm.o
LOAD ./BUILD/NUCLEO_F401RE/GCC_ARM/mbed-os/features/mbedtls/src/havege.o
LOAD ./BUILD/NUCLEO_F401RE/GCC_ARM/mbed-os/features/mbedtls/src/hmac_drbg.o
LOAD ./BUILD/NUCLEO_F401RE/GCC_ARM/mbed-os/features/mbedtls/src/md.o
LOAD ./BUILD/NUCLEO_F401RE/GCC_ARM/mbed-os/features/mbedtls/src/md2.o
LOAD ./BUILD/NUCLEO_F401RE/GCC_ARM/mbed-os/features/mbedtls/src/md4.o
LOAD ./BUILD/NUCLEO_F401RE/GCC_ARM/mbed-os/features/mbedtls/src/md5.o
LOAD ./BUILD/NUCLEO_F401RE/GCC_ARM/mbed-os/features/mbedtls/src/md_wrap.o
LOAD ./BUILD/NUCLEO_F401RE/GCC_ARM/mbed-os/features/mbedtls/src/memory_buffer_alloc.o
LOAD ./BUILD/NUCLEO_F401RE/GCC_ARM/mbed-os/features/mbedtls/src/net_sockets.o
LOAD ./BUILD/NUCLEO_F401RE/GCC_ARM/mbed-os/features/mbedtls/src/oid.o
LOAD ./BUILD/NUCLEO_F401RE/GCC_ARM/mbed-os/features/mbedtls/src/padlock.o
LOAD ./BUILD/NUCLEO_F401RE/GCC_ARM/mbed-os/features/mbedtls/src/pem.o
LOAD ./BUILD/NUCLEO_F401RE/GCC_ARM/mbed-os/features/mbedtls/src/pk.o
LOAD ./BUILD/NUCLEO_F401RE/GCC_ARM/mbed-os/features/mbedtls/src/pk_wrap.o
LOAD ./BUILD/NUCLEO_F401RE/GCC_ARM/mbed-os/features/mbedtls/src/pkcs11.o
LOAD ./BUILD/NUCLEO_F401RE/GCC_ARM/mbed-os/features/mbedtls/src/pkcs12.o
LOAD ./BUILD/NUCLEO_F401RE/GCC_ARM/mbed-os/features/mbedtls/src/pkcs5.o
LOAD ./BUILD/NUCLEO_F401RE/GCC_ARM/mbed-os/features/mbedtls/src/pkparse.o
LOAD ./BUILD/NUCLEO_F401RE/GCC_ARM/mbed-os/features/mbedtls/src/pkwrite.o
LOAD ./BUILD/NUCLEO_F401RE/GCC_ARM/mbed-os/features/mbedtls/src/platform.o
LOAD ./BUILD/NUCLEO_F401RE/GCC_ARM/mbed-os/features/mbedtls/src/ripemd160.o
LOAD ./BUILD/NUCLEO_F401RE/GCC_ARM/mbed-os/features/mbedtls/src/rsa.o
LOAD ./BUILD/NUCLEO_F401RE/GCC_ARM/mbed-os/features/mbedtls/src/sha1.o
LOAD ./BUILD/NUCLEO_F401RE/GCC_ARM/mbed-os/features/mbedtls/src/sha256.o
LOAD ./BUILD/NUCLEO_F401RE/GCC_ARM/mbed-os/features/mbedtls/src/sha512.o
LOAD ./BUILD/NUCLEO_F401RE/GCC_ARM/mbed-os/features/mbedtls/src/ssl_cache.o
LOAD ./BUILD/NUCLEO_F401RE/GCC_ARM/mbed-os/features/mbedtls/src/ssl_ciphersuites.o
LOAD ./BUILD/NUCLEO_F401RE/GCC_ARM/mbed-os/features/mbedtls/src/ssl_cli.o
LOAD ./BUILD/NUCLEO_F401RE/GCC_ARM/mbed-os/features/mbedtls/src/ssl_cookie.o
LOAD ./BUILD/NUCLEO_F401RE/GCC_ARM/mbed-os/features/mbedtls/src/ssl_srv.o
LOAD ./BUILD/NUCLEO_F401RE/GCC_ARM/mbed-os/features/mbedtls/src/ssl_ticket.o
LOAD ./BUILD/NUCLEO_F401RE/GCC_ARM/mbed-os/features/mbedtls/src/ssl_tls.o
LOAD ./BUILD/NUCLEO_F401RE/GCC_ARM/mbed-os/features/mbedtls/src/threading.o
LOAD ./BUILD/NUCLEO_F401RE/GCC_ARM/mbed-os/features/mbedtls/src/timing.o
LOAD ./BUILD/NUCLEO_F401RE/GCC_ARM/mbed-os/features/mbedtls/src/version.o
LOAD ./BUILD/NUCLEO_F401RE/GCC_ARM/mbed-os/features/mbedtls/src/version_features.o
LOAD ./BUILD/NUCLEO_F401RE/GCC_ARM/mbed-os/features/mbedtls/src/x509.o
LOAD ./BUILD/NUCLEO_F401RE/GCC_ARM/mbed-os/features/mbedtls/src/x509_create.o
LOAD ./BUILD/NUCLEO_F401RE/GCC_ARM/mbed-os/features/mbedtls/src/x509_crl.o
LOAD ./BUILD/NUCLEO_F401RE/GCC_ARM/mbed-os/features/mbedtls/src/x509_crt.o
LOAD ./BUILD/NUCLEO_F401RE/GCC_ARM/mbed-os/features/mbedtls/src/x509_csr.o
LOAD ./BUILD/NUCLEO_F401RE/GCC_ARM/mbed-os/features/mbedtls/src/x509write_crt.o
LOAD ./BUILD/NUCLEO_F401RE/GCC_ARM/mbed-os/features/mbedtls/src/x509write_csr.o
LOAD ./BUILD/NUCLEO_F401RE/GCC_ARM/mbed-os/features/mbedtls/src/xtea.o
LOAD ./BUILD/NUCLEO_F401RE/GCC_ARM/mbed-os/features/mbedtls/targets/TARGET_STM/aes_alt.o
LOAD ./BUILD/NUCLEO_F401RE/GCC_ARM/mbed-os/features/netsocket/NetworkInterface.o
LOAD ./BUILD/NUCLEO_F401RE/GCC_ARM/mbed-os/features/netsocket/NetworkStack.o
LOAD ./BUILD/NUCLEO_F401RE/GCC_ARM/mbed-os/features/netsocket/Socket.o
LOAD ./BUILD/NUCLEO_F401RE/GCC_ARM/mbed-os/features/netsocket/SocketAddress.o
LOAD ./BUILD/NUCLEO_F401RE/GCC_ARM/mbed-os/features/netsocket/TCPServer.o
LOAD ./BUILD/NUCLEO_F401RE/GCC_ARM/mbed-os/features/netsocket/TCPSocket.o
LOAD ./BUILD/NUCLEO_F401RE/GCC_ARM/mbed-os/features/netsocket/UDPSocket.o
LOAD ./BUILD/NUCLEO_F401RE/GCC_ARM/mbed-os/features/netsocket/WiFiAccessPoint.o
LOAD ./BUILD/NUCLEO_F401RE/GCC_ARM/mbed-os/features/netsocket/nsapi_dns.o
LOAD ./BUILD/NUCLEO_F401RE/GCC_ARM/mbed-os/hal/mbed_gpio.o
LOAD ./BUILD/NUCLEO_F401RE/GCC_ARM/mbed-os/hal/mbed_lp_ticker_api.o
LOAD ./BUILD/NUCLEO_F401RE/GCC_ARM/mbed-os/hal/mbed_pinmap_common.o
LOAD ./BUILD/NUCLEO_F401RE/GCC_ARM/mbed-os/hal/mbed_ticker_api.o
LOAD ./BUILD/NUCLEO_F401RE/GCC_ARM/mbed-os/hal/mbed_us_ticker_api.o
LOAD ./BUILD/NUCLEO_F401RE/GCC_ARM/mbed-os/platform/CallChain.o
LOAD ./BUILD/NUCLEO_F401RE/GCC_ARM/mbed-os/platform/mbed_alloc_wrappers.o
LOAD ./BUILD/NUCLEO_F401RE/GCC_ARM/mbed-os/platform/mbed_application.o
LOAD ./BUILD/NUCLEO_F401RE/GCC_ARM/mbed-os/platform/mbed_assert.o
LOAD ./BUILD/NUCLEO_F401RE/GCC_ARM/mbed-os/platform/mbed_board.o
LOAD ./BUILD/NUCLEO_F401RE/GCC_ARM/mbed-os/platform/mbed_critical.o
LOAD ./BUILD/NUCLEO_F401RE/GCC_ARM/mbed-os/platform/mbed_error.o
LOAD ./BUILD/NUCLEO_F401RE/GCC_ARM/mbed-os/platform/mbed_interface.o
LOAD ./BUILD/NUCLEO_F401RE/GCC_ARM/mbed-os/platform/mbed_mem_trace.o
LOAD ./BUILD/NUCLEO_F401RE/GCC_ARM/mbed-os/platform/mbed_retarget.o
LOAD ./BUILD/NUCLEO_F401RE/GCC_ARM/mbed-os/platform/mbed_rtc_time.o
LOAD ./BUILD/NUCLEO_F401RE/GCC_ARM/mbed-os/platform/mbed_semihost_api.o
LOAD ./BUILD/NUCLEO_F401RE/GCC_ARM/mbed-os/platform/mbed_stats.o
LOAD ./BUILD/NUCLEO_F401RE/GCC_ARM/mbed-os/platform/mbed_wait_api_no_rtos.o
LOAD ./BUILD/NUCLEO_F401RE/GCC_ARM/mbed-os/platform/mbed_wait_api_rtos.o
LOAD ./BUILD/NUCLEO_F401RE/GCC_ARM/mbed-os/rtos/Mutex.o
LOAD ./BUILD/NUCLEO_F401RE/GCC_ARM/mbed-os/rtos/RtosTimer.o
LOAD ./BUILD/NUCLEO_F401RE/GCC_ARM/mbed-os/rtos/Semaphore.o
LOAD ./BUILD/NUCLEO_F401RE/GCC_ARM/mbed-os/rtos/Thread.o
LOAD ./BUILD/NUCLEO_F401RE/GCC_ARM/mbed-os/rtos/rtos_idle.o
LOAD ./BUILD/NUCLEO_F401RE/GCC_ARM/mbed-os/rtos/rtx/TARGET_CORTEX_M/HAL_CM.o
LOAD ./BUILD/NUCLEO_F401RE/GCC_ARM/mbed-os/rtos/rtx/TARGET_CORTEX_M/RTX_Conf_CM.o
LOAD ./BUILD/NUCLEO_F401RE/GCC_ARM/mbed-os/rtos/rtx/TARGET_CORTEX_M/TARGET_RTOS_M4_M7/TOOLCHAIN_GCC/HAL_CM4.o
LOAD ./BUILD/NUCLEO_F401RE/GCC_ARM/mbed-os/rtos/rtx/TARGET_CORTEX_M/TARGET_RTOS_M4_M7/TOOLCHAIN_GCC/SVC_Table.o
LOAD ./BUILD/NUCLEO_F401RE/GCC_ARM/mbed-os/rtos/rtx/TARGET_CORTEX_M/rt_CMSIS.o
LOAD ./BUILD/NUCLEO_F401RE/GCC_ARM/mbed-os/rtos/rtx/TARGET_CORTEX_M/rt_Event.o
LOAD ./BUILD/NUCLEO_F401RE/GCC_ARM/mbed-os/rtos/rtx/TARGET_CORTEX_M/rt_List.o
LOAD ./BUILD/NUCLEO_F401RE/GCC_ARM/mbed-os/rtos/rtx/TARGET_CORTEX_M/rt_Mailbox.o
LOAD ./BUILD/NUCLEO_F401RE/GCC_ARM/mbed-os/rtos/rtx/TARGET_CORTEX_M/rt_MemBox.o
LOAD ./BUILD/NUCLEO_F401RE/GCC_ARM/mbed-os/rtos/rtx/TARGET_CORTEX_M/rt_Memory.o
LOAD ./BUILD/NUCLEO_F401RE/GCC_ARM/mbed-os/rtos/rtx/TARGET_CORTEX_M/rt_Mutex.o
LOAD ./BUILD/NUCLEO_F401RE/GCC_ARM/mbed-os/rtos/rtx/TARGET_CORTEX_M/rt_OsEventObserver.o
LOAD ./BUILD/NUCLEO_F401RE/GCC_ARM/mbed-os/rtos/rtx/TARGET_CORTEX_M/rt_Robin.o
LOAD ./BUILD/NUCLEO_F401RE/GCC_ARM/mbed-os/rtos/rtx/TARGET_CORTEX_M/rt_Semaphore.o
LOAD ./BUILD/NUCLEO_F401RE/GCC_ARM/mbed-os/rtos/rtx/TARGET_CORTEX_M/rt_System.o
LOAD ./BUILD/NUCLEO_F401RE/GCC_ARM/mbed-os/rtos/rtx/TARGET_CORTEX_M/rt_Task.o
LOAD ./BUILD/NUCLEO_F401RE/GCC_ARM/mbed-os/rtos/rtx/TARGET_CORTEX_M/rt_Time.o
LOAD ./BUILD/NUCLEO_F401RE/GCC_ARM/mbed-os/rtos/rtx/TARGET_CORTEX_M/rt_Timer.o
LOAD ./BUILD/NUCLEO_F401RE/GCC_ARM/mbed-os/targets/TARGET_STM/TARGET_STM32F4/TARGET_STM32F401xE/TARGET_NUCLEO_F401RE/PeripheralPins.o
LOAD ./BUILD/NUCLEO_F401RE/GCC_ARM/mbed-os/targets/TARGET_STM/TARGET_STM32F4/TARGET_STM32F401xE/TARGET_NUCLEO_F401RE/system_stm32f4xx.o
LOAD ./BUILD/NUCLEO_F401RE/GCC_ARM/mbed-os/targets/TARGET_STM/TARGET_STM32F4/TARGET_STM32F401xE/device/TOOLCHAIN_GCC_ARM/startup_stm32f401xe.o
LOAD ./BUILD/NUCLEO_F401RE/GCC_ARM/mbed-os/targets/TARGET_STM/TARGET_STM32F4/TARGET_STM32F401xE/device/cmsis_nvic.o
LOAD ./BUILD/NUCLEO_F401RE/GCC_ARM/mbed-os/targets/TARGET_STM/TARGET_STM32F4/analogin_api.o
LOAD ./BUILD/NUCLEO_F401RE/GCC_ARM/mbed-os/targets/TARGET_STM/TARGET_STM32F4/analogout_api.o
LOAD ./BUILD/NUCLEO_F401RE/GCC_ARM/mbed-os/targets/TARGET_STM/TARGET_STM32F4/device/hal_init_pre.o
LOAD ./BUILD/NUCLEO_F401RE/GCC_ARM/mbed-os/targets/TARGET_STM/TARGET_STM32F4/device/stm32f4xx_hal.o
LOAD ./BUILD/NUCLEO_F401RE/GCC_ARM/mbed-os/targets/TARGET_STM/TARGET_STM32F4/device/stm32f4xx_hal_adc.o
LOAD ./BUILD/NUCLEO_F401RE/GCC_ARM/mbed-os/targets/TARGET_STM/TARGET_STM32F4/device/stm32f4xx_hal_adc_ex.o
LOAD ./BUILD/NUCLEO_F401RE/GCC_ARM/mbed-os/targets/TARGET_STM/TARGET_STM32F4/device/stm32f4xx_hal_can.o
LOAD ./BUILD/NUCLEO_F401RE/GCC_ARM/mbed-os/targets/TARGET_STM/TARGET_STM32F4/device/stm32f4xx_hal_cec.o
LOAD ./BUILD/NUCLEO_F401RE/GCC_ARM/mbed-os/targets/TARGET_STM/TARGET_STM32F4/device/stm32f4xx_hal_cortex.o
LOAD ./BUILD/NUCLEO_F401RE/GCC_ARM/mbed-os/targets/TARGET_STM/TARGET_STM32F4/device/stm32f4xx_hal_crc.o
LOAD ./BUILD/NUCLEO_F401RE/GCC_ARM/mbed-os/targets/TARGET_STM/TARGET_STM32F4/device/stm32f4xx_hal_cryp.o
LOAD ./BUILD/NUCLEO_F401RE/GCC_ARM/mbed-os/targets/TARGET_STM/TARGET_STM32F4/device/stm32f4xx_hal_cryp_ex.o
LOAD ./BUILD/NUCLEO_F401RE/GCC_ARM/mbed-os/targets/TARGET_STM/TARGET_STM32F4/device/stm32f4xx_hal_dac.o
LOAD ./BUILD/NUCLEO_F401RE/GCC_ARM/mbed-os/targets/TARGET_STM/TARGET_STM32F4/device/stm32f4xx_hal_dac_ex.o
LOAD ./BUILD/NUCLEO_F401RE/GCC_ARM/mbed-os/targets/TARGET_STM/TARGET_STM32F4/device/stm32f4xx_hal_dcmi.o
LOAD ./BUILD/NUCLEO_F401RE/GCC_ARM/mbed-os/targets/TARGET_STM/TARGET_STM32F4/device/stm32f4xx_hal_dcmi_ex.o
LOAD ./BUILD/NUCLEO_F401RE/GCC_ARM/mbed-os/targets/TARGET_STM/TARGET_STM32F4/device/stm32f4xx_hal_dfsdm.o
LOAD ./BUILD/NUCLEO_F401RE/GCC_ARM/mbed-os/targets/TARGET_STM/TARGET_STM32F4/device/stm32f4xx_hal_dma.o
LOAD ./BUILD/NUCLEO_F401RE/GCC_ARM/mbed-os/targets/TARGET_STM/TARGET_STM32F4/device/stm32f4xx_hal_dma2d.o
LOAD ./BUILD/NUCLEO_F401RE/GCC_ARM/mbed-os/targets/TARGET_STM/TARGET_STM32F4/device/stm32f4xx_hal_dma_ex.o
LOAD ./BUILD/NUCLEO_F401RE/GCC_ARM/mbed-os/targets/TARGET_STM/TARGET_STM32F4/device/stm32f4xx_hal_dsi.o
LOAD ./BUILD/NUCLEO_F401RE/GCC_ARM/mbed-os/targets/TARGET_STM/TARGET_STM32F4/device/stm32f4xx_hal_eth.o
LOAD ./BUILD/NUCLEO_F401RE/GCC_ARM/mbed-os/targets/TARGET_STM/TARGET_STM32F4/device/stm32f4xx_hal_flash.o
LOAD ./BUILD/NUCLEO_F401RE/GCC_ARM/mbed-os/targets/TARGET_STM/TARGET_STM32F4/device/stm32f4xx_hal_flash_ex.o
LOAD ./BUILD/NUCLEO_F401RE/GCC_ARM/mbed-os/targets/TARGET_STM/TARGET_STM32F4/device/stm32f4xx_hal_flash_ramfunc.o
LOAD ./BUILD/NUCLEO_F401RE/GCC_ARM/mbed-os/targets/TARGET_STM/TARGET_STM32F4/device/stm32f4xx_hal_fmpi2c.o
LOAD ./BUILD/NUCLEO_F401RE/GCC_ARM/mbed-os/targets/TARGET_STM/TARGET_STM32F4/device/stm32f4xx_hal_fmpi2c_ex.o
LOAD ./BUILD/NUCLEO_F401RE/GCC_ARM/mbed-os/targets/TARGET_STM/TARGET_STM32F4/device/stm32f4xx_hal_gpio.o
LOAD ./BUILD/NUCLEO_F401RE/GCC_ARM/mbed-os/targets/TARGET_STM/TARGET_STM32F4/device/stm32f4xx_hal_hash.o
LOAD ./BUILD/NUCLEO_F401RE/GCC_ARM/mbed-os/targets/TARGET_STM/TARGET_STM32F4/device/stm32f4xx_hal_hash_ex.o
LOAD ./BUILD/NUCLEO_F401RE/GCC_ARM/mbed-os/targets/TARGET_STM/TARGET_STM32F4/device/stm32f4xx_hal_hcd.o
LOAD ./BUILD/NUCLEO_F401RE/GCC_ARM/mbed-os/targets/TARGET_STM/TARGET_STM32F4/device/stm32f4xx_hal_i2c.o
LOAD ./BUILD/NUCLEO_F401RE/GCC_ARM/mbed-os/targets/TARGET_STM/TARGET_STM32F4/device/stm32f4xx_hal_i2c_ex.o
LOAD ./BUILD/NUCLEO_F401RE/GCC_ARM/mbed-os/targets/TARGET_STM/TARGET_STM32F4/device/stm32f4xx_hal_i2s.o
LOAD ./BUILD/NUCLEO_F401RE/GCC_ARM/mbed-os/targets/TARGET_STM/TARGET_STM32F4/device/stm32f4xx_hal_i2s_ex.o
LOAD ./BUILD/NUCLEO_F401RE/GCC_ARM/mbed-os/targets/TARGET_STM/TARGET_STM32F4/device/stm32f4xx_hal_irda.o
LOAD ./BUILD/NUCLEO_F401RE/GCC_ARM/mbed-os/targets/TARGET_STM/TARGET_STM32F4/device/stm32f4xx_hal_iwdg.o
LOAD ./BUILD/NUCLEO_F401RE/GCC_ARM/mbed-os/targets/TARGET_STM/TARGET_STM32F4/device/stm32f4xx_hal_lptim.o
LOAD ./BUILD/NUCLEO_F401RE/GCC_ARM/mbed-os/targets/TARGET_STM/TARGET_STM32F4/device/stm32f4xx_hal_ltdc.o
LOAD ./BUILD/NUCLEO_F401RE/GCC_ARM/mbed-os/targets/TARGET_STM/TARGET_STM32F4/device/stm32f4xx_hal_ltdc_ex.o
LOAD ./BUILD/NUCLEO_F401RE/GCC_ARM/mbed-os/targets/TARGET_STM/TARGET_STM32F4/device/stm32f4xx_hal_msp_template.o
LOAD ./BUILD/NUCLEO_F401RE/GCC_ARM/mbed-os/targets/TARGET_STM/TARGET_STM32F4/device/stm32f4xx_hal_nand.o
LOAD ./BUILD/NUCLEO_F401RE/GCC_ARM/mbed-os/targets/TARGET_STM/TARGET_STM32F4/device/stm32f4xx_hal_nor.o
LOAD ./BUILD/NUCLEO_F401RE/GCC_ARM/mbed-os/targets/TARGET_STM/TARGET_STM32F4/device/stm32f4xx_hal_pccard.o
LOAD ./BUILD/NUCLEO_F401RE/GCC_ARM/mbed-os/targets/TARGET_STM/TARGET_STM32F4/device/stm32f4xx_hal_pcd.o
LOAD ./BUILD/NUCLEO_F401RE/GCC_ARM/mbed-os/targets/TARGET_STM/TARGET_STM32F4/device/stm32f4xx_hal_pcd_ex.o
LOAD ./BUILD/NUCLEO_F401RE/GCC_ARM/mbed-os/targets/TARGET_STM/TARGET_STM32F4/device/stm32f4xx_hal_pwr.o
LOAD ./BUILD/NUCLEO_F401RE/GCC_ARM/mbed-os/targets/TARGET_STM/TARGET_STM32F4/device/stm32f4xx_hal_pwr_ex.o
LOAD ./BUILD/NUCLEO_F401RE/GCC_ARM/mbed-os/targets/TARGET_STM/TARGET_STM32F4/device/stm32f4xx_hal_qspi.o
LOAD ./BUILD/NUCLEO_F401RE/GCC_ARM/mbed-os/targets/TARGET_STM/TARGET_STM32F4/device/stm32f4xx_hal_rcc.o
LOAD ./BUILD/NUCLEO_F401RE/GCC_ARM/mbed-os/targets/TARGET_STM/TARGET_STM32F4/device/stm32f4xx_hal_rcc_ex.o
LOAD ./BUILD/NUCLEO_F401RE/GCC_ARM/mbed-os/targets/TARGET_STM/TARGET_STM32F4/device/stm32f4xx_hal_rng.o
LOAD ./BUILD/NUCLEO_F401RE/GCC_ARM/mbed-os/targets/TARGET_STM/TARGET_STM32F4/device/stm32f4xx_hal_rtc.o
LOAD ./BUILD/NUCLEO_F401RE/GCC_ARM/mbed-os/targets/TARGET_STM/TARGET_STM32F4/device/stm32f4xx_hal_rtc_ex.o
LOAD ./BUILD/NUCLEO_F401RE/GCC_ARM/mbed-os/targets/TARGET_STM/TARGET_STM32F4/device/stm32f4xx_hal_sai.o
LOAD ./BUILD/NUCLEO_F401RE/GCC_ARM/mbed-os/targets/TARGET_STM/TARGET_STM32F4/device/stm32f4xx_hal_sai_ex.o
LOAD ./BUILD/NUCLEO_F401RE/GCC_ARM/mbed-os/targets/TARGET_STM/TARGET_STM32F4/device/stm32f4xx_hal_sd.o
LOAD ./BUILD/NUCLEO_F401RE/GCC_ARM/mbed-os/targets/TARGET_STM/TARGET_STM32F4/device/stm32f4xx_hal_sdram.o
LOAD ./BUILD/NUCLEO_F401RE/GCC_ARM/mbed-os/targets/TARGET_STM/TARGET_STM32F4/device/stm32f4xx_hal_smartcard.o
LOAD ./BUILD/NUCLEO_F401RE/GCC_ARM/mbed-os/targets/TARGET_STM/TARGET_STM32F4/device/stm32f4xx_hal_spdifrx.o
LOAD ./BUILD/NUCLEO_F401RE/GCC_ARM/mbed-os/targets/TARGET_STM/TARGET_STM32F4/device/stm32f4xx_hal_spi.o
LOAD ./BUILD/NUCLEO_F401RE/GCC_ARM/mbed-os/targets/TARGET_STM/TARGET_STM32F4/device/stm32f4xx_hal_sram.o
LOAD ./BUILD/NUCLEO_F401RE/GCC_ARM/mbed-os/targets/TARGET_STM/TARGET_STM32F4/device/stm32f4xx_hal_tim.o
LOAD ./BUILD/NUCLEO_F401RE/GCC_ARM/mbed-os/targets/TARGET_STM/TARGET_STM32F4/device/stm32f4xx_hal_tim_ex.o
LOAD ./BUILD/NUCLEO_F401RE/GCC_ARM/mbed-os/targets/TARGET_STM/TARGET_STM32F4/device/stm32f4xx_hal_uart.o
LOAD ./BUILD/NUCLEO_F401RE/GCC_ARM/mbed-os/targets/TARGET_STM/TARGET_STM32F4/device/stm32f4xx_hal_usart.o
LOAD ./BUILD/NUCLEO_F401RE/GCC_ARM/mbed-os/targets/TARGET_STM/TARGET_STM32F4/device/stm32f4xx_hal_wwdg.o
LOAD ./BUILD/NUCLEO_F401RE/GCC_ARM/mbed-os/targets/TARGET_STM/TARGET_STM32F4/device/stm32f4xx_ll_fmc.o
LOAD ./BUILD/NUCLEO_F401RE/GCC_ARM/mbed-os/targets/TARGET_STM/TARGET_STM32F4/device/stm32f4xx_ll_fsmc.o
LOAD ./BUILD/NUCLEO_F401RE/GCC_ARM/mbed-os/targets/TARGET_STM/TARGET_STM32F4/device/stm32f4xx_ll_sdmmc.o
LOAD ./BUILD/NUCLEO_F401RE/GCC_ARM/mbed-os/targets/TARGET_STM/TARGET_STM32F4/device/stm32f4xx_ll_usb.o
LOAD ./BUILD/NUCLEO_F401RE/GCC_ARM/mbed-os/targets/TARGET_STM/TARGET_STM32F4/gpio_irq_device.o
LOAD ./BUILD/NUCLEO_F401RE/GCC_ARM/mbed-os/targets/TARGET_STM/TARGET_STM32F4/mbed_overrides.o
LOAD ./BUILD/NUCLEO_F401RE/GCC_ARM/mbed-os/targets/TARGET_STM/TARGET_STM32F4/pwmout_device.o
LOAD ./BUILD/NUCLEO_F401RE/GCC_ARM/mbed-os/targets/TARGET_STM/TARGET_STM32F4/serial_api.o
LOAD ./BUILD/NUCLEO_F401RE/GCC_ARM/mbed-os/targets/TARGET_STM/TARGET_STM32F4/spi_api.o
LOAD ./BUILD/NUCLEO_F401RE/GCC_ARM/mbed-os/targets/TARGET_STM/can_api.o
LOAD ./BUILD/NUCLEO_F401RE/GCC_ARM/mbed-os/targets/TARGET_STM/gpio_api.o
LOAD ./BUILD/NUCLEO_F401RE/GCC_ARM/mbed-os/targets/TARGET_STM/gpio_irq_api.o
LOAD ./BUILD/NUCLEO_F401RE/GCC_ARM/mbed-os/targets/TARGET_STM/hal_tick_16b.o
LOAD ./BUILD/NUCLEO_F401RE/GCC_ARM/mbed-os/targets/TARGET_STM/hal_tick_32b.o
LOAD ./BUILD/NUCLEO_F401RE/GCC_ARM/mbed-os/targets/TARGET_STM/i2c_api.o
LOAD ./BUILD/NUCLEO_F401RE/GCC_ARM/mbed-os/targets/TARGET_STM/lp_ticker.o
LOAD ./BUILD/NUCLEO_F401RE/GCC_ARM/mbed-os/targets/TARGET_STM/pinmap.o
LOAD ./BUILD/NUCLEO_F401RE/GCC_ARM/mbed-os/targets/TARGET_STM/port_api.o
LOAD ./BUILD/NUCLEO_F401RE/GCC_ARM/mbed-os/targets/TARGET_STM/pwmout_api.o
LOAD ./BUILD/NUCLEO_F401RE/GCC_ARM/mbed-os/targets/TARGET_STM/rtc_api.o
LOAD ./BUILD/NUCLEO_F401RE/GCC_ARM/mbed-os/targets/TARGET_STM/sleep.o
LOAD ./BUILD/NUCLEO_F401RE/GCC_ARM/mbed-os/targets/TARGET_STM/stm_spi_api.o
LOAD ./BUILD/NUCLEO_F401RE/GCC_ARM/mbed-os/targets/TARGET_STM/trng_api.o
LOAD ./BUILD/NUCLEO_F401RE/GCC_ARM/mbed-os/targets/TARGET_STM/us_ticker_16b.o
LOAD ./BUILD/NUCLEO_F401RE/GCC_ARM/mbed-os/targets/TARGET_STM/us_ticker_32b.o
LOAD ./BUILD/NUCLEO_F401RE/GCC_ARM/src/LPS25H.o
LOAD ./BUILD/NUCLEO_F401RE/GCC_ARM/src/data.o
LOAD ./BUILD/NUCLEO_F401RE/GCC_ARM/src/log.o
LOAD ./BUILD/NUCLEO_F401RE/GCC_ARM/src/main.o
LOAD ./BUILD/NUCLEO_F401RE/GCC_ARM/src/sensor.o
LOAD ./BUILD/NUCLEO_F401RE/GCC_ARM/src/shell.o
START GROUP
LOAD /usr/lib/gcc/arm-none-eabi/6.3.1/../../../../arm-none-eabi/lib/armv7e-m/softfp/libstdc++.a
LOAD /usr/lib/gcc/arm-none-eabi/6.3.1/../../../../arm-none-eabi/lib/armv7e-m/softfp/libsupc++.a
LOAD /usr/lib/gcc/arm-none-eabi/6.3.1/../../../../arm-none-eabi/lib/armv7e-m/softfp/libm.a
LOAD /usr/lib/gcc/arm-none-eabi/6.3.1/../../../../arm-none-eabi/lib/armv7e-m/softfp/libc.a
LOAD /usr/lib/gcc/arm-none-eabi/6.3.1/armv7e-m/softfp/libgcc.a
LOAD /usr/lib/gcc/arm-none-eabi/6.3.1/../../../../arm-none-eabi/lib/armv7e-m/softfp/libnosys.a
END GROUP
LOAD /usr/lib/gcc/arm-none-eabi/6.3.1/../../../../arm-none-eabi/lib/armv7e-m/softfp/libstdc++.a
LOAD /usr/lib/gcc/arm-none-eabi/6.3.1/../../../../arm-none-eabi/lib/armv7e-m/softfp/libsupc++.a
LOAD /usr/lib/gcc/arm-none-eabi/6.3.1/../../../../arm-none-eabi/lib/armv7e-m/softfp/libm.a
LOAD /usr/lib/gcc/arm-none-eabi/6.3.1/../../../../arm-none-eabi/lib/armv7e-m/softfp/libc.a
LOAD /usr/lib/gcc/arm-none-eabi/6.3.1/armv7e-m/softfp/libgcc.a
LOAD /usr/lib/gcc/arm-none-eabi/6.3.1/../../../../arm-none-eabi/lib/armv7e-m/softfp/libnosys.a
START GROUP
LOAD /usr/lib/gcc/arm-none-eabi/6.3.1/armv7e-m/softfp/libgcc.a
LOAD /usr/lib/gcc/arm-none-eabi/6.3.1/../../../../arm-none-eabi/lib/armv7e-m/softfp/libc.a
END GROUP
LOAD /usr/lib/gcc/arm-none-eabi/6.3.1/armv7e-m/softfp/crtend.o
LOAD /usr/lib/gcc/arm-none-eabi/6.3.1/armv7e-m/softfp/crtn.o

.text           0x0000000008000000    0x12d88
 *(.isr_vector)
 .isr_vector    0x0000000008000000      0x194 ./BUILD/NUCLEO_F401RE/GCC_ARM/mbed-os/targets/TARGET_STM/TARGET_STM32F4/TARGET_STM32F401xE/device/TOOLCHAIN_GCC_ARM/startup_stm32f401xe.o
                0x0000000008000000                g_pfnVectors
 *(.text*)
 .text.__do_global_dtors_aux
                0x0000000008000194       0x24 /usr/lib/gcc/arm-none-eabi/6.3.1/armv7e-m/softfp/crtbegin.o
 .text.frame_dummy
                0x00000000080001b8       0x34 /usr/lib/gcc/arm-none-eabi/6.3.1/armv7e-m/softfp/crtbegin.o
 .text          0x00000000080001ec       0x68 /usr/lib/gcc/arm-none-eabi/6.3.1/../../../../arm-none-eabi/lib/armv7e-m/softfp/crt0.o
                0x00000000080001ec                _mainCRTStartup
                0x00000000080001ec                _start
 .text._ZN6HTS22114register_writeEhh
                0x0000000008000254       0x1e ./BUILD/NUCLEO_F401RE/GCC_ARM/hts221/hts221.o
                0x0000000008000254                HTS221::register_write(unsigned char, unsigned char)
 .text._ZN6HTS22113register_readEcPch
                0x0000000008000272       0x2c ./BUILD/NUCLEO_F401RE/GCC_ARM/hts221/hts221.o
                0x0000000008000272                HTS221::register_read(char, char*, unsigned char)
 .text._ZN6HTS22117verify_product_idEv
                0x000000000800029e       0x1e ./BUILD/NUCLEO_F401RE/GCC_ARM/hts221/hts221.o
                0x000000000800029e                HTS221::verify_product_id()
 .text._ZN6HTS2214initEv
                0x00000000080002bc       0x40 ./BUILD/NUCLEO_F401RE/GCC_ARM/hts221/hts221.o
                0x00000000080002bc                HTS221::init()
 .text._ZN6HTS2215calibEv
                0x00000000080002fc      0x142 ./BUILD/NUCLEO_F401RE/GCC_ARM/hts221/hts221.o
                0x00000000080002fc                HTS221::calib()
 .text._ZN6HTS221C2E7PinNameS0_
                0x000000000800043e       0x18 ./BUILD/NUCLEO_F401RE/GCC_ARM/hts221/hts221.o
                0x000000000800043e                HTS221::HTS221(PinName, PinName)
                0x000000000800043e                HTS221::HTS221(PinName, PinName)
 .text._ZN4mbed8FileBase11getPathTypeEv
                0x0000000008000456        0x4 ./BUILD/NUCLEO_F401RE/GCC_ARM/mbed-os/drivers/FileBase.o
                0x0000000008000456                mbed::FileBase::getPathType()
 *fill*         0x000000000800045a        0x2 
 .text._ZN12SingletonPtrIN4rtos5MutexEE3getEv
                0x000000000800045c       0x4c ./BUILD/NUCLEO_F401RE/GCC_ARM/mbed-os/drivers/FileBase.o
                0x000000000800045c                SingletonPtr<rtos::Mutex>::get()
 .text._ZN4mbed8FileBaseC2EPKcNS_8PathTypeE
                0x00000000080004a8       0x48 ./BUILD/NUCLEO_F401RE/GCC_ARM/mbed-os/drivers/FileBase.o
                0x00000000080004a8                mbed::FileBase::FileBase(char const*, mbed::PathType)
                0x00000000080004a8                mbed::FileBase::FileBase(char const*, mbed::PathType)
 .text._ZN4mbed8FileBaseD2Ev
                0x00000000080004f0       0x58 ./BUILD/NUCLEO_F401RE/GCC_ARM/mbed-os/drivers/FileBase.o
                0x00000000080004f0                mbed::FileBase::~FileBase()
                0x00000000080004f0                mbed::FileBase::~FileBase()
 .text._ZN4mbed8FileBaseD0Ev
                0x0000000008000548       0x12 ./BUILD/NUCLEO_F401RE/GCC_ARM/mbed-os/drivers/FileBase.o
                0x0000000008000548                mbed::FileBase::~FileBase()
 *fill*         0x000000000800055a        0x2 
 .text._ZN4mbed8FileBase6lookupEPKcj
                0x000000000800055c       0x4c ./BUILD/NUCLEO_F401RE/GCC_ARM/mbed-os/drivers/FileBase.o
                0x000000000800055c                mbed::FileBase::lookup(char const*, unsigned int)
 .text._ZN4mbed8FilePathC2EPKc
                0x00000000080005a8       0x3c ./BUILD/NUCLEO_F401RE/GCC_ARM/mbed-os/drivers/FilePath.o
                0x00000000080005a8                mbed::FilePath::FilePath(char const*)
                0x00000000080005a8                mbed::FilePath::FilePath(char const*)
 .text._ZN4mbed8FilePath8fileNameEv
                0x00000000080005e4        0x4 ./BUILD/NUCLEO_F401RE/GCC_ARM/mbed-os/drivers/FilePath.o
                0x00000000080005e4                mbed::FilePath::fileName()
 .text._ZN4mbed8FilePath12isFileSystemEv
                0x00000000080005e8       0x12 ./BUILD/NUCLEO_F401RE/GCC_ARM/mbed-os/drivers/FilePath.o
                0x00000000080005e8                mbed::FilePath::isFileSystem()
 .text._ZN4mbed8FilePath10fileSystemEv
                0x00000000080005fa        0xe ./BUILD/NUCLEO_F401RE/GCC_ARM/mbed-os/drivers/FilePath.o
                0x00000000080005fa                mbed::FilePath::fileSystem()
 .text._ZN4mbed8FilePath6isFileEv
                0x0000000008000608       0x12 ./BUILD/NUCLEO_F401RE/GCC_ARM/mbed-os/drivers/FilePath.o
                0x0000000008000608                mbed::FilePath::isFile()
 .text._ZN4mbed8FilePath4fileEv
                0x000000000800061a        0xe ./BUILD/NUCLEO_F401RE/GCC_ARM/mbed-os/drivers/FilePath.o
                0x000000000800061a                mbed::FilePath::file()
 .text._ZN4mbed8FilePath6existsEv
                0x0000000008000628        0xa ./BUILD/NUCLEO_F401RE/GCC_ARM/mbed-os/drivers/FilePath.o
                0x0000000008000628                mbed::FilePath::exists()
 .text._ZN6CThunkIN4mbed3I2CEE10trampolineEPS1_PvPMS1_FvS4_E
                0x0000000008000632       0x2c ./BUILD/NUCLEO_F401RE/GCC_ARM/mbed-os/drivers/I2C.o
                0x0000000008000632                CThunk<mbed::I2C>::trampoline(mbed::I2C*, void*, void (mbed::I2C::**)(void*))
 *fill*         0x000000000800065e        0x2 
 .text._ZN4mbed3I2CC2E7PinNameS1_
                0x0000000008000660       0x80 ./BUILD/NUCLEO_F401RE/GCC_ARM/mbed-os/drivers/I2C.o
                0x0000000008000660                mbed::I2C::I2C(PinName, PinName)
                0x0000000008000660                mbed::I2C::I2C(PinName, PinName)
 .text._ZN4mbed3I2C9frequencyEi
                0x00000000080006e0       0x30 ./BUILD/NUCLEO_F401RE/GCC_ARM/mbed-os/drivers/I2C.o
                0x00000000080006e0                mbed::I2C::frequency(int)
 .text._ZN4mbed3I2C6aquireEv
                0x0000000008000710       0x30 ./BUILD/NUCLEO_F401RE/GCC_ARM/mbed-os/drivers/I2C.o
                0x0000000008000710                mbed::I2C::aquire()
 .text._ZN4mbed3I2C5writeEiPKcib
                0x0000000008000740       0x42 ./BUILD/NUCLEO_F401RE/GCC_ARM/mbed-os/drivers/I2C.o
                0x0000000008000740                mbed::I2C::write(int, char const*, int, bool)
 .text._ZN4mbed3I2C4readEiPcib
                0x0000000008000782       0x42 ./BUILD/NUCLEO_F401RE/GCC_ARM/mbed-os/drivers/I2C.o
                0x0000000008000782                mbed::I2C::read(int, char*, int, bool)
 .text._ZN4mbed8CallbackIFviEED2Ev
                0x00000000080007c4       0x10 ./BUILD/NUCLEO_F401RE/GCC_ARM/mbed-os/drivers/I2C.o
                0x00000000080007c4                mbed::Callback<void (int)>::~Callback()
                0x00000000080007c4                mbed::Callback<void (int)>::~Callback()
 .text._ZN4mbed3I2CD2Ev
                0x00000000080007d4       0x18 ./BUILD/NUCLEO_F401RE/GCC_ARM/mbed-os/drivers/I2C.o
                0x00000000080007d4                mbed::I2C::~I2C()
                0x00000000080007d4                mbed::I2C::~I2C()
 .text._ZN4mbed3I2CD0Ev
                0x00000000080007ec       0x12 ./BUILD/NUCLEO_F401RE/GCC_ARM/mbed-os/drivers/I2C.o
                0x00000000080007ec                mbed::I2C::~I2C()
 *fill*         0x00000000080007fe        0x2 
 .text._ZN4mbed3I2C4lockEv
                0x0000000008000800       0x18 ./BUILD/NUCLEO_F401RE/GCC_ARM/mbed-os/drivers/I2C.o
                0x0000000008000800                mbed::I2C::lock()
 .text._ZN4mbed3I2C6unlockEv
                0x0000000008000818       0x14 ./BUILD/NUCLEO_F401RE/GCC_ARM/mbed-os/drivers/I2C.o
                0x0000000008000818                mbed::I2C::unlock()
 .text._ZN4mbed8CallbackIFvvEE13function_callIPS1_EEvPKv
                0x000000000800082c        0x4 ./BUILD/NUCLEO_F401RE/GCC_ARM/mbed-os/drivers/InterruptIn.o
                0x000000000800082c                void mbed::Callback<void ()>::function_call<void (*)()>(void const*)
 .text._ZN4mbed8CallbackIFvvEE13function_moveIPS1_EEvPvPKv
                0x0000000008000830        0x8 ./BUILD/NUCLEO_F401RE/GCC_ARM/mbed-os/drivers/InterruptIn.o
                0x0000000008000830                void mbed::Callback<void ()>::function_move<void (*)()>(void*, void const*)
 .text._ZN4mbed8CallbackIFvvEE13function_dtorIPS1_EEvPv
                0x0000000008000838        0x2 ./BUILD/NUCLEO_F401RE/GCC_ARM/mbed-os/drivers/InterruptIn.o
                0x0000000008000838                void mbed::Callback<void ()>::function_dtor<void (*)()>(void*)
 .text._ZN4mbed8CallbackIFvvEED2Ev
                0x000000000800083a       0x10 ./BUILD/NUCLEO_F401RE/GCC_ARM/mbed-os/drivers/InterruptIn.o
                0x000000000800083a                mbed::Callback<void ()>::~Callback()
                0x000000000800083a                mbed::Callback<void ()>::~Callback()
 .text._ZN4mbed8CallbackIFvvEEaSERKS2_
                0x000000000800084a       0x24 ./BUILD/NUCLEO_F401RE/GCC_ARM/mbed-os/drivers/InterruptIn.o
                0x000000000800084a                mbed::Callback<void ()>::operator=(mbed::Callback<void ()> const&)
 *fill*         0x000000000800086e        0x2 
 .text._ZN4mbed10SerialBaseD2Ev
                0x0000000008000870       0x40 ./BUILD/NUCLEO_F401RE/GCC_ARM/mbed-os/drivers/RawSerial.o
                0x0000000008000870                mbed::SerialBase::~SerialBase()
                0x0000000008000870                mbed::SerialBase::~SerialBase()
 .text._ZN4mbed10SerialBaseD0Ev
                0x00000000080008b0       0x12 ./BUILD/NUCLEO_F401RE/GCC_ARM/mbed-os/drivers/RawSerial.o
                0x00000000080008b0                mbed::SerialBase::~SerialBase()
 .text._ZN4mbed14CircularBufferINS_11TransactionINS_3SPIEEELm2EmED2Ev
                0x00000000080008c2       0x1e ./BUILD/NUCLEO_F401RE/GCC_ARM/mbed-os/drivers/SPI.o
                0x00000000080008c2                mbed::CircularBuffer<mbed::Transaction<mbed::SPI>, 2ul, unsigned long>::~CircularBuffer()
                0x00000000080008c2                mbed::CircularBuffer<mbed::Transaction<mbed::SPI>, 2ul, unsigned long>::~CircularBuffer()
 .text.startup._GLOBAL__sub_I__ZN4mbed3SPI19_transaction_bufferE
                0x00000000080008e0       0x48 ./BUILD/NUCLEO_F401RE/GCC_ARM/mbed-os/drivers/SPI.o
 .text._ZN4mbed8FileLike5lseekEli
                0x0000000008000928        0x6 ./BUILD/NUCLEO_F401RE/GCC_ARM/mbed-os/drivers/Serial.o
                0x0000000008000928                mbed::FileLike::lseek(long, int)
 .text._ZN4mbed8FileLike5fsyncEv
                0x000000000800092e        0x6 ./BUILD/NUCLEO_F401RE/GCC_ARM/mbed-os/drivers/Serial.o
                0x000000000800092e                mbed::FileLike::fsync()
 .text._ZN4mbed8FileLike4flenEv
                0x0000000008000934        0x6 ./BUILD/NUCLEO_F401RE/GCC_ARM/mbed-os/drivers/Serial.o
                0x0000000008000934                mbed::FileLike::flen()
 .text._ZN4mbed6Serial5_getcEv
                0x000000000800093a        0x4 ./BUILD/NUCLEO_F401RE/GCC_ARM/mbed-os/drivers/Serial.o
                0x000000000800093a                mbed::Serial::_getc()
 .text._ZThn188_N4mbed6Serial5_getcEv
                0x000000000800093e        0x8 ./BUILD/NUCLEO_F401RE/GCC_ARM/mbed-os/drivers/Serial.o
                0x000000000800093e                non-virtual thunk to mbed::Serial::_getc()
 .text._ZN4mbed6Serial5_putcEi
                0x0000000008000946        0x4 ./BUILD/NUCLEO_F401RE/GCC_ARM/mbed-os/drivers/Serial.o
                0x0000000008000946                mbed::Serial::_putc(int)
 .text._ZThn188_N4mbed6Serial5_putcEi
                0x000000000800094a        0x8 ./BUILD/NUCLEO_F401RE/GCC_ARM/mbed-os/drivers/Serial.o
                0x000000000800094a                non-virtual thunk to mbed::Serial::_putc(int)
 .text._ZN4mbed6Serial4lockEv
                0x0000000008000952        0xa ./BUILD/NUCLEO_F401RE/GCC_ARM/mbed-os/drivers/Serial.o
                0x0000000008000952                mbed::Serial::lock()
 .text._ZThn188_N4mbed6Serial4lockEv
                0x000000000800095c        0x8 ./BUILD/NUCLEO_F401RE/GCC_ARM/mbed-os/drivers/Serial.o
                0x000000000800095c                non-virtual thunk to mbed::Serial::lock()
 .text._ZN4mbed6Serial6unlockEv
                0x0000000008000964        0x6 ./BUILD/NUCLEO_F401RE/GCC_ARM/mbed-os/drivers/Serial.o
                0x0000000008000964                mbed::Serial::unlock()
 .text._ZThn188_N4mbed6Serial6unlockEv
                0x000000000800096a        0x8 ./BUILD/NUCLEO_F401RE/GCC_ARM/mbed-os/drivers/Serial.o
                0x000000000800096a                non-virtual thunk to mbed::Serial::unlock()
 *fill*         0x0000000008000972        0x2 
 .text._ZN4mbed6SerialC2E7PinNameS1_PKci
                0x0000000008000974       0x34 ./BUILD/NUCLEO_F401RE/GCC_ARM/mbed-os/drivers/Serial.o
                0x0000000008000974                mbed::Serial::Serial(PinName, PinName, char const*, int)
                0x0000000008000974                mbed::Serial::Serial(PinName, PinName, char const*, int)
 .text._ZN4mbed6SerialD2Ev
                0x00000000080009a8       0x38 ./BUILD/NUCLEO_F401RE/GCC_ARM/mbed-os/drivers/Serial.o
                0x00000000080009a8                mbed::Serial::~Serial()
                0x00000000080009a8                mbed::Serial::~Serial()
                0x00000000080009d8                non-virtual thunk to mbed::Serial::~Serial()
 .text._ZN4mbed6SerialD0Ev
                0x00000000080009e0       0x18 ./BUILD/NUCLEO_F401RE/GCC_ARM/mbed-os/drivers/Serial.o
                0x00000000080009e0                mbed::Serial::~Serial()
                0x00000000080009f2                non-virtual thunk to mbed::Serial::~Serial()
 .text._ZN4mbedL9donothingEv
                0x00000000080009f8        0x2 ./BUILD/NUCLEO_F401RE/GCC_ARM/mbed-os/drivers/SerialBase.o
 .text._ZN4mbed10SerialBase4lockEv
                0x00000000080009fa        0x2 ./BUILD/NUCLEO_F401RE/GCC_ARM/mbed-os/drivers/SerialBase.o
                0x00000000080009fa                mbed::SerialBase::lock()
 .text._ZN4mbed10SerialBase6unlockEv
                0x00000000080009fc        0x2 ./BUILD/NUCLEO_F401RE/GCC_ARM/mbed-os/drivers/SerialBase.o
                0x00000000080009fc                mbed::SerialBase::unlock()
 .text._ZN6CThunkIN4mbed10SerialBaseEE10trampolineEPS1_PvPMS1_FvS4_E
                0x00000000080009fe       0x2c ./BUILD/NUCLEO_F401RE/GCC_ARM/mbed-os/drivers/SerialBase.o
                0x00000000080009fe                CThunk<mbed::SerialBase>::trampoline(mbed::SerialBase*, void*, void (mbed::SerialBase::**)(void*))
 *fill*         0x0000000008000a2a        0x2 
 .text._ZN4mbed10SerialBase12_irq_handlerEm9SerialIrq
                0x0000000008000a2c       0x34 ./BUILD/NUCLEO_F401RE/GCC_ARM/mbed-os/drivers/SerialBase.o
                0x0000000008000a2c                mbed::SerialBase::_irq_handler(unsigned long, SerialIrq)
 .text._ZN4mbed10SerialBase8readableEv
                0x0000000008000a60       0x22 ./BUILD/NUCLEO_F401RE/GCC_ARM/mbed-os/drivers/SerialBase.o
                0x0000000008000a60                mbed::SerialBase::readable()
 .text._ZN4mbed10SerialBase10_base_getcEv
                0x0000000008000a82        0x6 ./BUILD/NUCLEO_F401RE/GCC_ARM/mbed-os/drivers/SerialBase.o
                0x0000000008000a82                mbed::SerialBase::_base_getc()
 .text._ZN4mbed10SerialBase10_base_putcEi
                0x0000000008000a88        0xe ./BUILD/NUCLEO_F401RE/GCC_ARM/mbed-os/drivers/SerialBase.o
                0x0000000008000a88                mbed::SerialBase::_base_putc(int)
 *fill*         0x0000000008000a96        0x2 
 .text._ZN4mbed10SerialBaseC2E7PinNameS1_i
                0x0000000008000a98       0xd0 ./BUILD/NUCLEO_F401RE/GCC_ARM/mbed-os/drivers/SerialBase.o
                0x0000000008000a98                mbed::SerialBase::SerialBase(PinName, PinName, int)
                0x0000000008000a98                mbed::SerialBase::SerialBase(PinName, PinName, int)
 .text._ZN4mbed8FileLike4lockEv
                0x0000000008000b68        0x2 ./BUILD/NUCLEO_F401RE/GCC_ARM/mbed-os/drivers/Stream.o
                0x0000000008000b68                mbed::FileLike::lock()
 .text._ZN4mbed8FileLike6unlockEv
                0x0000000008000b6a        0x2 ./BUILD/NUCLEO_F401RE/GCC_ARM/mbed-os/drivers/Stream.o
                0x0000000008000b6a                mbed::FileLike::unlock()
 .text._ZN4mbed6Stream5writeEPKvj
                0x0000000008000b6c       0x30 ./BUILD/NUCLEO_F401RE/GCC_ARM/mbed-os/drivers/Stream.o
                0x0000000008000b6c                mbed::Stream::write(void const*, unsigned int)
 .text._ZN4mbed6Stream4readEPvj
                0x0000000008000b9c       0x32 ./BUILD/NUCLEO_F401RE/GCC_ARM/mbed-os/drivers/Stream.o
                0x0000000008000b9c                mbed::Stream::read(void*, unsigned int)
 .text._ZN4mbed6Stream4seekEli
                0x0000000008000bce        0x4 ./BUILD/NUCLEO_F401RE/GCC_ARM/mbed-os/drivers/Stream.o
                0x0000000008000bce                mbed::Stream::seek(long, int)
 .text._ZN4mbed6Stream4tellEv
                0x0000000008000bd2        0x4 ./BUILD/NUCLEO_F401RE/GCC_ARM/mbed-os/drivers/Stream.o
                0x0000000008000bd2                mbed::Stream::tell()
 .text._ZN4mbed6Stream6rewindEv
                0x0000000008000bd6        0x2 ./BUILD/NUCLEO_F401RE/GCC_ARM/mbed-os/drivers/Stream.o
                0x0000000008000bd6                mbed::Stream::rewind()
 .text._ZN4mbed6Stream4syncEv
                0x0000000008000bd8        0x4 ./BUILD/NUCLEO_F401RE/GCC_ARM/mbed-os/drivers/Stream.o
                0x0000000008000bd8                mbed::Stream::close()
                0x0000000008000bd8                mbed::Stream::isatty()
                0x0000000008000bd8                mbed::Stream::sync()
 .text._ZN4mbed6Stream4sizeEv
                0x0000000008000bdc        0x4 ./BUILD/NUCLEO_F401RE/GCC_ARM/mbed-os/drivers/Stream.o
                0x0000000008000bdc                mbed::Stream::size()
 .text._ZN4mbed6StreamC2EPKc
                0x0000000008000be0       0x3c ./BUILD/NUCLEO_F401RE/GCC_ARM/mbed-os/drivers/Stream.o
                0x0000000008000be0                mbed::Stream::Stream(char const*)
                0x0000000008000be0                mbed::Stream::Stream(char const*)
 .text._ZN4mbed6StreamD2Ev
                0x0000000008000c1c       0x24 ./BUILD/NUCLEO_F401RE/GCC_ARM/mbed-os/drivers/Stream.o
                0x0000000008000c1c                mbed::Stream::~Stream()
                0x0000000008000c1c                mbed::Stream::~Stream()
 .text._ZN4mbed6Stream4putcEi
                0x0000000008000c40       0x28 ./BUILD/NUCLEO_F401RE/GCC_ARM/mbed-os/drivers/Stream.o
                0x0000000008000c40                mbed::Stream::putc(int)
 .text._ZN4mbed6Stream4getcEv
                0x0000000008000c68       0x24 ./BUILD/NUCLEO_F401RE/GCC_ARM/mbed-os/drivers/Stream.o
                0x0000000008000c68                mbed::Stream::getc()
 .text._ZN4mbed5Timer5startEv
                0x0000000008000c8c       0x20 ./BUILD/NUCLEO_F401RE/GCC_ARM/mbed-os/drivers/Timer.o
                0x0000000008000c8c                mbed::Timer::start()
 .text._ZN4mbed5Timer9slicetimeEv
                0x0000000008000cac       0x1e ./BUILD/NUCLEO_F401RE/GCC_ARM/mbed-os/drivers/Timer.o
                0x0000000008000cac                mbed::Timer::slicetime()
 .text._ZN4mbed5Timer4stopEv
                0x0000000008000cca       0x20 ./BUILD/NUCLEO_F401RE/GCC_ARM/mbed-os/drivers/Timer.o
                0x0000000008000cca                mbed::Timer::stop()
 .text._ZN4mbed5Timer7read_usEv
                0x0000000008000cea       0x1a ./BUILD/NUCLEO_F401RE/GCC_ARM/mbed-os/drivers/Timer.o
                0x0000000008000cea                mbed::Timer::read_us()
 .text._ZN4mbed5Timer4readEv
                0x0000000008000d04       0x20 ./BUILD/NUCLEO_F401RE/GCC_ARM/mbed-os/drivers/Timer.o
                0x0000000008000d04                mbed::Timer::read()
 .text._ZN4mbed5Timer5resetEv
                0x0000000008000d24       0x1c ./BUILD/NUCLEO_F401RE/GCC_ARM/mbed-os/drivers/Timer.o
                0x0000000008000d24                mbed::Timer::reset()
 .text._ZN4mbed5TimerC2Ev
                0x0000000008000d40       0x1c ./BUILD/NUCLEO_F401RE/GCC_ARM/mbed-os/drivers/Timer.o
                0x0000000008000d40                mbed::Timer::Timer()
                0x0000000008000d40                mbed::Timer::Timer()
 .text._ZN4mbed4File5closeEv
                0x0000000008000d5c       0x1c ./BUILD/NUCLEO_F401RE/GCC_ARM/mbed-os/features/filesystem/File.o
                0x0000000008000d5c                mbed::File::close()
 .text._ZN4mbed4File4readEPvj
                0x0000000008000d78       0x34 ./BUILD/NUCLEO_F401RE/GCC_ARM/mbed-os/features/filesystem/File.o
                0x0000000008000d78                mbed::File::read(void*, unsigned int)
 .text._ZN4mbed4File5writeEPKvj
                0x0000000008000dac       0x34 ./BUILD/NUCLEO_F401RE/GCC_ARM/mbed-os/features/filesystem/File.o
                0x0000000008000dac                mbed::File::write(void const*, unsigned int)
 .text._ZN4mbed4File4syncEv
                0x0000000008000de0       0x28 ./BUILD/NUCLEO_F401RE/GCC_ARM/mbed-os/features/filesystem/File.o
                0x0000000008000de0                mbed::File::sync()
 .text._ZN4mbed4File6isattyEv
                0x0000000008000e08       0x28 ./BUILD/NUCLEO_F401RE/GCC_ARM/mbed-os/features/filesystem/File.o
                0x0000000008000e08                mbed::File::isatty()
 .text._ZN4mbed4File4seekEli
                0x0000000008000e30       0x34 ./BUILD/NUCLEO_F401RE/GCC_ARM/mbed-os/features/filesystem/File.o
                0x0000000008000e30                mbed::File::seek(long, int)
 .text._ZN4mbed4File4tellEv
                0x0000000008000e64       0x28 ./BUILD/NUCLEO_F401RE/GCC_ARM/mbed-os/features/filesystem/File.o
                0x0000000008000e64                mbed::File::tell()
 .text._ZN4mbed4File6rewindEv
                0x0000000008000e8c       0x28 ./BUILD/NUCLEO_F401RE/GCC_ARM/mbed-os/features/filesystem/File.o
                0x0000000008000e8c                mbed::File::rewind()
 .text._ZN4mbed4File4sizeEv
                0x0000000008000eb4       0x28 ./BUILD/NUCLEO_F401RE/GCC_ARM/mbed-os/features/filesystem/File.o
                0x0000000008000eb4                mbed::File::size()
 .text._ZN4mbed4File4openEPNS_10FileSystemEPKci
                0x0000000008000edc       0x22 ./BUILD/NUCLEO_F401RE/GCC_ARM/mbed-os/features/filesystem/File.o
                0x0000000008000edc                mbed::File::open(mbed::FileSystem*, char const*, int)
 *fill*         0x0000000008000efe        0x2 
 .text._ZN4mbed4FileD2Ev
                0x0000000008000f00       0x28 ./BUILD/NUCLEO_F401RE/GCC_ARM/mbed-os/features/filesystem/File.o
                0x0000000008000f00                mbed::File::~File()
                0x0000000008000f00                mbed::File::~File()
 .text._ZN4mbed4FileD0Ev
                0x0000000008000f28       0x12 ./BUILD/NUCLEO_F401RE/GCC_ARM/mbed-os/features/filesystem/File.o
                0x0000000008000f28                mbed::File::~File()
 *fill*         0x0000000008000f3a        0x2 
 .text._ZN4mbed4FileC2Ev
                0x0000000008000f3c       0x20 ./BUILD/NUCLEO_F401RE/GCC_ARM/mbed-os/features/filesystem/File.o
                0x0000000008000f3c                mbed::File::File()
                0x0000000008000f3c                mbed::File::File()
 .text._ZN4mbed8CallbackIFvvEEC2ERKS2_
                0x0000000008000f5c       0x16 ./BUILD/NUCLEO_F401RE/GCC_ARM/mbed-os/features/netsocket/Socket.o
                0x0000000008000f5c                mbed::Callback<void ()>::Callback(mbed::Callback<void ()> const&)
                0x0000000008000f5c                mbed::Callback<void ()>::Callback(mbed::Callback<void ()> const&)
 .text._gpio_init_out.part.2
                0x0000000008000f72       0x28 ./BUILD/NUCLEO_F401RE/GCC_ARM/mbed-os/hal/mbed_gpio.o
 .text.gpio_init_out_ex
                0x0000000008000f9a       0x20 ./BUILD/NUCLEO_F401RE/GCC_ARM/mbed-os/hal/mbed_gpio.o
                0x0000000008000f9a                gpio_init_out_ex
 .text.gpio_init_out
                0x0000000008000fba        0x6 ./BUILD/NUCLEO_F401RE/GCC_ARM/mbed-os/hal/mbed_gpio.o
                0x0000000008000fba                gpio_init_out
 .text.pinmap_pinout
                0x0000000008000fc0       0x3c ./BUILD/NUCLEO_F401RE/GCC_ARM/mbed-os/hal/mbed_pinmap_common.o
                0x0000000008000fc0                pinmap_pinout
 .text.pinmap_merge
                0x0000000008000ffc       0x24 ./BUILD/NUCLEO_F401RE/GCC_ARM/mbed-os/hal/mbed_pinmap_common.o
                0x0000000008000ffc                pinmap_merge
 .text.pinmap_find_peripheral
                0x0000000008001020       0x18 ./BUILD/NUCLEO_F401RE/GCC_ARM/mbed-os/hal/mbed_pinmap_common.o
                0x0000000008001020                pinmap_find_peripheral
 .text.pinmap_peripheral
                0x0000000008001038       0x20 ./BUILD/NUCLEO_F401RE/GCC_ARM/mbed-os/hal/mbed_pinmap_common.o
                0x0000000008001038                pinmap_peripheral
 .text.ticker_irq_handler
                0x0000000008001058       0x46 ./BUILD/NUCLEO_F401RE/GCC_ARM/mbed-os/hal/mbed_ticker_api.o
                0x0000000008001058                ticker_irq_handler
 .text.ticker_read
                0x000000000800109e        0x6 ./BUILD/NUCLEO_F401RE/GCC_ARM/mbed-os/hal/mbed_ticker_api.o
                0x000000000800109e                ticker_read
 .text.get_us_ticker_data
                0x00000000080010a4        0x8 ./BUILD/NUCLEO_F401RE/GCC_ARM/mbed-os/hal/mbed_us_ticker_api.o
                0x00000000080010a4                get_us_ticker_data
 .text.us_ticker_irq_handler
                0x00000000080010ac        0xc ./BUILD/NUCLEO_F401RE/GCC_ARM/mbed-os/hal/mbed_us_ticker_api.o
                0x00000000080010ac                us_ticker_irq_handler
 .text.__wrap__malloc_r
                0x00000000080010b8        0x4 ./BUILD/NUCLEO_F401RE/GCC_ARM/mbed-os/platform/mbed_alloc_wrappers.o
                0x00000000080010b8                __wrap__malloc_r
 .text.__wrap__realloc_r
                0x00000000080010bc        0x4 ./BUILD/NUCLEO_F401RE/GCC_ARM/mbed-os/platform/mbed_alloc_wrappers.o
                0x00000000080010bc                __wrap__realloc_r
 .text.__wrap__free_r
                0x00000000080010c0        0x4 ./BUILD/NUCLEO_F401RE/GCC_ARM/mbed-os/platform/mbed_alloc_wrappers.o
                0x00000000080010c0                __wrap__free_r
 .text.__wrap__calloc_r
                0x00000000080010c4        0x4 ./BUILD/NUCLEO_F401RE/GCC_ARM/mbed-os/platform/mbed_alloc_wrappers.o
                0x00000000080010c4                __wrap__calloc_r
 .text.mbed_assert_internal
                0x00000000080010c8       0x24 ./BUILD/NUCLEO_F401RE/GCC_ARM/mbed-os/platform/mbed_assert.o
                0x00000000080010c8                mbed_assert_internal
 .text.mbed_die
                0x00000000080010ec       0x2c ./BUILD/NUCLEO_F401RE/GCC_ARM/mbed-os/platform/mbed_board.o
                0x00000000080010ec                mbed_die
 .text.mbed_error_vfprintf
                0x0000000008001118       0x50 ./BUILD/NUCLEO_F401RE/GCC_ARM/mbed-os/platform/mbed_board.o
                0x0000000008001118                mbed_error_vfprintf
 .text.mbed_error_printf
                0x0000000008001168       0x1a ./BUILD/NUCLEO_F401RE/GCC_ARM/mbed-os/platform/mbed_board.o
                0x0000000008001168                mbed_error_printf
 .text.core_util_are_interrupts_enabled
                0x0000000008001182        0xc ./BUILD/NUCLEO_F401RE/GCC_ARM/mbed-os/platform/mbed_critical.o
                0x0000000008001182                core_util_are_interrupts_enabled
 *fill*         0x000000000800118e        0x2 
 .text.core_util_critical_section_enter
                0x0000000008001190       0x58 ./BUILD/NUCLEO_F401RE/GCC_ARM/mbed-os/platform/mbed_critical.o
                0x0000000008001190                core_util_critical_section_enter
 .text.core_util_critical_section_exit
                0x00000000080011e8       0x3c ./BUILD/NUCLEO_F401RE/GCC_ARM/mbed-os/platform/mbed_critical.o
                0x00000000080011e8                core_util_critical_section_exit
 .text.error    0x0000000008001224       0x16 ./BUILD/NUCLEO_F401RE/GCC_ARM/mbed-os/platform/mbed_error.o
                0x0000000008001224                error
 *fill*         0x000000000800123a        0x2 
 .text._ZN11ManagedFileD2Ev
                0x000000000800123c       0x14 ./BUILD/NUCLEO_F401RE/GCC_ARM/mbed-os/platform/mbed_retarget.o
                0x000000000800123c                ManagedFile::~ManagedFile()
                0x000000000800123c                ManagedFile::~ManagedFile()
 .text._ZL11init_serialv
                0x0000000008001250       0x2c ./BUILD/NUCLEO_F401RE/GCC_ARM/mbed-os/platform/mbed_retarget.o
 .text._close   0x000000000800127c       0x40 ./BUILD/NUCLEO_F401RE/GCC_ARM/mbed-os/platform/mbed_retarget.o
                0x000000000800127c                _close
 .text._write   0x00000000080012bc       0x6c ./BUILD/NUCLEO_F401RE/GCC_ARM/mbed-os/platform/mbed_retarget.o
                0x00000000080012bc                _write
 .text._read    0x0000000008001328       0x60 ./BUILD/NUCLEO_F401RE/GCC_ARM/mbed-os/platform/mbed_retarget.o
                0x0000000008001328                _read
 .text._isatty  0x0000000008001388       0x40 ./BUILD/NUCLEO_F401RE/GCC_ARM/mbed-os/platform/mbed_retarget.o
                0x0000000008001388                _isatty
 .text._lseek   0x00000000080013c8       0x3c ./BUILD/NUCLEO_F401RE/GCC_ARM/mbed-os/platform/mbed_retarget.o
                0x00000000080013c8                _lseek
 .text._fstat   0x0000000008001404       0x1e ./BUILD/NUCLEO_F401RE/GCC_ARM/mbed-os/platform/mbed_retarget.o
                0x0000000008001404                _fstat
 .text.__cxa_pure_virtual
                0x0000000008001422        0x8 ./BUILD/NUCLEO_F401RE/GCC_ARM/mbed-os/platform/mbed_retarget.o
                0x0000000008001422                __cxa_pure_virtual
 .text.software_init_hook
                0x000000000800142a        0xc ./BUILD/NUCLEO_F401RE/GCC_ARM/mbed-os/platform/mbed_retarget.o
                0x000000000800142a                software_init_hook
 .text.mbed_main
                0x0000000008001436        0x2 ./BUILD/NUCLEO_F401RE/GCC_ARM/mbed-os/platform/mbed_retarget.o
                0x0000000008001436                mbed_main
 .text.__wrap_main
                0x0000000008001438        0xe ./BUILD/NUCLEO_F401RE/GCC_ARM/mbed-os/platform/mbed_retarget.o
                0x0000000008001438                __wrap_main
 *fill*         0x0000000008001446        0x2 
 .text._sbrk    0x0000000008001448       0x44 ./BUILD/NUCLEO_F401RE/GCC_ARM/mbed-os/platform/mbed_retarget.o
                0x0000000008001448                _sbrk
 .text._exit    0x000000000800148c       0x24 ./BUILD/NUCLEO_F401RE/GCC_ARM/mbed-os/platform/mbed_retarget.o
                0x000000000800148c                _exit
 .text.__aeabi_atexit
                0x00000000080014b0        0x4 ./BUILD/NUCLEO_F401RE/GCC_ARM/mbed-os/platform/mbed_retarget.o
                0x00000000080014b0                __aeabi_atexit
 .text.__wrap_exit
                0x00000000080014b4        0x6 ./BUILD/NUCLEO_F401RE/GCC_ARM/mbed-os/platform/mbed_retarget.o
                0x00000000080014b4                __wrap_exit
 .text.__wrap_atexit
                0x00000000080014ba        0x4 ./BUILD/NUCLEO_F401RE/GCC_ARM/mbed-os/platform/mbed_retarget.o
                0x00000000080014ba                __wrap_atexit
 .text._ZN4mbed26mbed_set_unbuffered_streamEP7__sFILE
                0x00000000080014be        0x6 ./BUILD/NUCLEO_F401RE/GCC_ARM/mbed-os/platform/mbed_retarget.o
                0x00000000080014be                mbed::mbed_set_unbuffered_stream(__sFILE*)
 .text._ZN4mbed9mbed_getcEP7__sFILE
                0x00000000080014c4        0x4 ./BUILD/NUCLEO_F401RE/GCC_ARM/mbed-os/platform/mbed_retarget.o
                0x00000000080014c4                mbed::mbed_getc(__sFILE*)
 .text.__malloc_lock
                0x00000000080014c8        0x8 ./BUILD/NUCLEO_F401RE/GCC_ARM/mbed-os/platform/mbed_retarget.o
                0x00000000080014c8                __malloc_lock
 .text.__malloc_unlock
                0x00000000080014d0        0x8 ./BUILD/NUCLEO_F401RE/GCC_ARM/mbed-os/platform/mbed_retarget.o
                0x00000000080014d0                __malloc_unlock
 .text.__env_lock
                0x00000000080014d8        0x8 ./BUILD/NUCLEO_F401RE/GCC_ARM/mbed-os/platform/mbed_retarget.o
                0x00000000080014d8                __env_lock
 .text.__env_unlock
                0x00000000080014e0        0x8 ./BUILD/NUCLEO_F401RE/GCC_ARM/mbed-os/platform/mbed_retarget.o
                0x00000000080014e0                __env_unlock
 .text._Znwj    0x00000000080014e8       0x18 ./BUILD/NUCLEO_F401RE/GCC_ARM/mbed-os/platform/mbed_retarget.o
                0x00000000080014e8                operator new(unsigned int)
 .text._Znaj    0x0000000008001500       0x18 ./BUILD/NUCLEO_F401RE/GCC_ARM/mbed-os/platform/mbed_retarget.o
                0x0000000008001500                operator new[](unsigned int)
 .text._ZdaPv   0x0000000008001518        0x8 ./BUILD/NUCLEO_F401RE/GCC_ARM/mbed-os/platform/mbed_retarget.o
                0x0000000008001518                operator delete[](void*)
 .text._ZN11ManagedFileD0Ev
                0x0000000008001520       0x12 ./BUILD/NUCLEO_F401RE/GCC_ARM/mbed-os/platform/mbed_retarget.o
                0x0000000008001520                ManagedFile::~ManagedFile()
 .text._ZdlPv   0x0000000008001532        0x4 ./BUILD/NUCLEO_F401RE/GCC_ARM/mbed-os/platform/mbed_retarget.o
                0x0000000008001532                operator delete(void*)
 *fill*         0x0000000008001536        0x2 
 .text._ZN4mbed17remove_filehandleEPNS_8FileLikeE
                0x0000000008001538       0x40 ./BUILD/NUCLEO_F401RE/GCC_ARM/mbed-os/platform/mbed_retarget.o
                0x0000000008001538                mbed::remove_filehandle(mbed::FileLike*)
 .text._open    0x0000000008001578      0x15c ./BUILD/NUCLEO_F401RE/GCC_ARM/mbed-os/platform/mbed_retarget.o
                0x0000000008001578                _open
 .text._ZN11ManagedFile5closeEv
                0x00000000080016d4       0x18 ./BUILD/NUCLEO_F401RE/GCC_ARM/mbed-os/platform/mbed_retarget.o
                0x00000000080016d4                ManagedFile::close()
 .text.set_time
                0x00000000080016ec       0x40 ./BUILD/NUCLEO_F401RE/GCC_ARM/mbed-os/platform/mbed_rtc_time.o
                0x00000000080016ec                set_time
 .text.time     0x000000000800172c       0x48 ./BUILD/NUCLEO_F401RE/GCC_ARM/mbed-os/platform/mbed_rtc_time.o
                0x000000000800172c                time
 .text.wait_us  0x0000000008001774       0x30 ./BUILD/NUCLEO_F401RE/GCC_ARM/mbed-os/platform/mbed_wait_api_rtos.o
                0x0000000008001774                wait_us
 .text.wait     0x00000000080017a4       0x1c ./BUILD/NUCLEO_F401RE/GCC_ARM/mbed-os/platform/mbed_wait_api_rtos.o
                0x00000000080017a4                wait
 .text.wait_ms  0x00000000080017c0        0xa ./BUILD/NUCLEO_F401RE/GCC_ARM/mbed-os/platform/mbed_wait_api_rtos.o
                0x00000000080017c0                wait_ms
 *fill*         0x00000000080017ca        0x2 
 .text._ZN4rtos5MutexC2Ev
                0x00000000080017cc       0x30 ./BUILD/NUCLEO_F401RE/GCC_ARM/mbed-os/rtos/Mutex.o
                0x00000000080017cc                rtos::Mutex::Mutex()
                0x00000000080017cc                rtos::Mutex::Mutex()
 .text._ZN4rtos5Mutex4lockEm
                0x00000000080017fc        0x6 ./BUILD/NUCLEO_F401RE/GCC_ARM/mbed-os/rtos/Mutex.o
                0x00000000080017fc                rtos::Mutex::lock(unsigned long)
 .text._ZN4rtos5Mutex6unlockEv
                0x0000000008001802        0x6 ./BUILD/NUCLEO_F401RE/GCC_ARM/mbed-os/rtos/Mutex.o
                0x0000000008001802                rtos::Mutex::unlock()
 .text._ZN4rtos5MutexD2Ev
                0x0000000008001808        0xe ./BUILD/NUCLEO_F401RE/GCC_ARM/mbed-os/rtos/Mutex.o
                0x0000000008001808                rtos::Mutex::~Mutex()
                0x0000000008001808                rtos::Mutex::~Mutex()
 .text._ZN4rtos9SemaphoreC2El
                0x0000000008001816       0x26 ./BUILD/NUCLEO_F401RE/GCC_ARM/mbed-os/rtos/Semaphore.o
                0x0000000008001816                rtos::Semaphore::Semaphore(long)
                0x0000000008001816                rtos::Semaphore::Semaphore(long)
 .text._ZN4rtos9Semaphore7releaseEv
                0x000000000800183c        0x6 ./BUILD/NUCLEO_F401RE/GCC_ARM/mbed-os/rtos/Semaphore.o
                0x000000000800183c                rtos::Semaphore::release()
 .text._ZN4rtos9SemaphoreD2Ev
                0x0000000008001842        0xe ./BUILD/NUCLEO_F401RE/GCC_ARM/mbed-os/rtos/Semaphore.o
                0x0000000008001842                rtos::Semaphore::~Semaphore()
                0x0000000008001842                rtos::Semaphore::~Semaphore()
 .text._ZN4rtos6Thread6_thunkEPKv
                0x0000000008001850       0x48 ./BUILD/NUCLEO_F401RE/GCC_ARM/mbed-os/rtos/Thread.o
                0x0000000008001850                rtos::Thread::_thunk(void const*)
 .text.thread_terminate_hook
                0x0000000008001898       0x10 ./BUILD/NUCLEO_F401RE/GCC_ARM/mbed-os/rtos/Thread.o
                0x0000000008001898                thread_terminate_hook
 .text._ZN4rtos6Thread11constructorE10osPrioritymPh
                0x00000000080018a8       0x1c ./BUILD/NUCLEO_F401RE/GCC_ARM/mbed-os/rtos/Thread.o
                0x00000000080018a8                rtos::Thread::constructor(osPriority, unsigned long, unsigned char*)
 .text._ZN4rtos6Thread9terminateEv
                0x00000000080018c4       0x38 ./BUILD/NUCLEO_F401RE/GCC_ARM/mbed-os/rtos/Thread.o
                0x00000000080018c4                rtos::Thread::terminate()
 .text._ZN4rtos6Thread4waitEm
                0x00000000080018fc        0x4 ./BUILD/NUCLEO_F401RE/GCC_ARM/mbed-os/rtos/Thread.o
                0x00000000080018fc                rtos::Thread::wait(unsigned long)
 .text._ZN4rtos6ThreadD2Ev
                0x0000000008001900       0x3c ./BUILD/NUCLEO_F401RE/GCC_ARM/mbed-os/rtos/Thread.o
                0x0000000008001900                rtos::Thread::~Thread()
                0x0000000008001900                rtos::Thread::~Thread()
 .text._ZN4rtos6ThreadD0Ev
                0x000000000800193c       0x12 ./BUILD/NUCLEO_F401RE/GCC_ARM/mbed-os/rtos/Thread.o
                0x000000000800193c                rtos::Thread::~Thread()
 *fill*         0x000000000800194e        0x2 
 .text._ZN4rtos6Thread5startEN4mbed8CallbackIFvvEEE
                0x0000000008001950       0xd0 ./BUILD/NUCLEO_F401RE/GCC_ARM/mbed-os/rtos/Thread.o
                0x0000000008001950                rtos::Thread::start(mbed::Callback<void ()>)
 .text.default_idle_hook
                0x0000000008001a20        0x2 ./BUILD/NUCLEO_F401RE/GCC_ARM/mbed-os/rtos/rtos_idle.o
 *fill*         0x0000000008001a22        0x2 
 .text.rtos_idle_loop
                0x0000000008001a24       0x10 ./BUILD/NUCLEO_F401RE/GCC_ARM/mbed-os/rtos/rtos_idle.o
                0x0000000008001a24                rtos_idle_loop
 .text.rt_init_stack
                0x0000000008001a34       0x98 ./BUILD/NUCLEO_F401RE/GCC_ARM/mbed-os/rtos/rtx/TARGET_CORTEX_M/HAL_CM.o
                0x0000000008001a34                rt_init_stack
 .text.rt_ret_val
                0x0000000008001acc       0x12 ./BUILD/NUCLEO_F401RE/GCC_ARM/mbed-os/rtos/rtx/TARGET_CORTEX_M/HAL_CM.o
                0x0000000008001acc                rt_ret_val
 .text.rt_ret_val2
                0x0000000008001ade       0x16 ./BUILD/NUCLEO_F401RE/GCC_ARM/mbed-os/rtos/rtx/TARGET_CORTEX_M/HAL_CM.o
                0x0000000008001ade                rt_ret_val2
 .text.pre_main
                0x0000000008001af4       0x48 ./BUILD/NUCLEO_F401RE/GCC_ARM/mbed-os/rtos/rtx/TARGET_CORTEX_M/RTX_Conf_CM.o
                0x0000000008001af4                pre_main
 .text.os_idle_demon
                0x0000000008001b3c        0x4 ./BUILD/NUCLEO_F401RE/GCC_ARM/mbed-os/rtos/rtx/TARGET_CORTEX_M/RTX_Conf_CM.o
                0x0000000008001b3c                os_idle_demon
 .text.os_error
                0x0000000008001b40       0x1c ./BUILD/NUCLEO_F401RE/GCC_ARM/mbed-os/rtos/rtx/TARGET_CORTEX_M/RTX_Conf_CM.o
                0x0000000008001b40                os_error
 .text.sysThreadTerminate
                0x0000000008001b5c        0x4 ./BUILD/NUCLEO_F401RE/GCC_ARM/mbed-os/rtos/rtx/TARGET_CORTEX_M/RTX_Conf_CM.o
                0x0000000008001b5c                sysThreadTerminate
 .text.set_stack_heap
                0x0000000008001b60       0x44 ./BUILD/NUCLEO_F401RE/GCC_ARM/mbed-os/rtos/rtx/TARGET_CORTEX_M/RTX_Conf_CM.o
                0x0000000008001b60                set_stack_heap
 .text.software_init_hook_rtos
                0x0000000008001ba4       0x1c ./BUILD/NUCLEO_F401RE/GCC_ARM/mbed-os/rtos/rtx/TARGET_CORTEX_M/RTX_Conf_CM.o
                0x0000000008001ba4                software_init_hook_rtos
 .text.__rtos_malloc_lock
                0x0000000008001bc0       0x10 ./BUILD/NUCLEO_F401RE/GCC_ARM/mbed-os/rtos/rtx/TARGET_CORTEX_M/RTX_Conf_CM.o
                0x0000000008001bc0                __rtos_malloc_lock
 .text.__rtos_malloc_unlock
                0x0000000008001bd0        0xc ./BUILD/NUCLEO_F401RE/GCC_ARM/mbed-os/rtos/rtx/TARGET_CORTEX_M/RTX_Conf_CM.o
                0x0000000008001bd0                __rtos_malloc_unlock
 .text.__rtos_env_lock
                0x0000000008001bdc       0x10 ./BUILD/NUCLEO_F401RE/GCC_ARM/mbed-os/rtos/rtx/TARGET_CORTEX_M/RTX_Conf_CM.o
                0x0000000008001bdc                __rtos_env_lock
 .text.__rtos_env_unlock
                0x0000000008001bec        0xc ./BUILD/NUCLEO_F401RE/GCC_ARM/mbed-os/rtos/rtx/TARGET_CORTEX_M/RTX_Conf_CM.o
                0x0000000008001bec                __rtos_env_unlock
 .text          0x0000000008001bf8      0x198 ./BUILD/NUCLEO_F401RE/GCC_ARM/mbed-os/rtos/rtx/TARGET_CORTEX_M/TARGET_RTOS_M4_M7/TOOLCHAIN_GCC/HAL_CM4.o
                0x0000000008001bf8                rt_set_PSP
                0x0000000008001bfe                rt_get_PSP
                0x0000000008001c04                os_set_env
                0x0000000008001c1c                _alloc_box
                0x0000000008001c38                _free_box
                0x0000000008001c54                SVC_Handler
                0x0000000008001cfa                PendSV_Handler
                0x0000000008001d00                Sys_Switch
                0x0000000008001d5a                SysTick_Handler
                0x0000000008001d64                OS_Tick_Handler
 .text.rt_timer_insert
                0x0000000008001d90       0x34 ./BUILD/NUCLEO_F401RE/GCC_ARM/mbed-os/rtos/rtx/TARGET_CORTEX_M/rt_CMSIS.o
 .text.rt_ms2tick
                0x0000000008001dc4       0x40 ./BUILD/NUCLEO_F401RE/GCC_ARM/mbed-os/rtos/rtx/TARGET_CORTEX_M/rt_CMSIS.o
 .text.rt_tid2ptcb
                0x0000000008001e04       0x14 ./BUILD/NUCLEO_F401RE/GCC_ARM/mbed-os/rtos/rtx/TARGET_CORTEX_M/rt_CMSIS.o
                0x0000000008001e04                rt_tid2ptcb
 .text.svcKernelStart
                0x0000000008001e18       0x44 ./BUILD/NUCLEO_F401RE/GCC_ARM/mbed-os/rtos/rtx/TARGET_CORTEX_M/rt_CMSIS.o
                0x0000000008001e18                svcKernelStart
 .text.svcKernelRunning
                0x0000000008001e5c        0xc ./BUILD/NUCLEO_F401RE/GCC_ARM/mbed-os/rtos/rtx/TARGET_CORTEX_M/rt_CMSIS.o
                0x0000000008001e5c                svcKernelRunning
 .text.osKernelRunning
                0x0000000008001e68       0x2c ./BUILD/NUCLEO_F401RE/GCC_ARM/mbed-os/rtos/rtx/TARGET_CORTEX_M/rt_CMSIS.o
                0x0000000008001e68                osKernelRunning
 .text.osKernelStart
                0x0000000008001e94       0x90 ./BUILD/NUCLEO_F401RE/GCC_ARM/mbed-os/rtos/rtx/TARGET_CORTEX_M/rt_CMSIS.o
                0x0000000008001e94                osKernelStart
 .text.svcThreadCreate
                0x0000000008001f24       0x6c ./BUILD/NUCLEO_F401RE/GCC_ARM/mbed-os/rtos/rtx/TARGET_CORTEX_M/rt_CMSIS.o
                0x0000000008001f24                svcThreadCreate
 .text.svcThreadGetId
                0x0000000008001f90       0x18 ./BUILD/NUCLEO_F401RE/GCC_ARM/mbed-os/rtos/rtx/TARGET_CORTEX_M/rt_CMSIS.o
                0x0000000008001f90                svcThreadGetId
 .text.svcThreadTerminate
                0x0000000008001fa8       0x30 ./BUILD/NUCLEO_F401RE/GCC_ARM/mbed-os/rtos/rtx/TARGET_CORTEX_M/rt_CMSIS.o
                0x0000000008001fa8                svcThreadTerminate
 .text.svcDelay
                0x0000000008001fd8       0x12 ./BUILD/NUCLEO_F401RE/GCC_ARM/mbed-os/rtos/rtx/TARGET_CORTEX_M/rt_CMSIS.o
                0x0000000008001fd8                svcDelay
 *fill*         0x0000000008001fea        0x2 
 .text.osDelay  0x0000000008001fec       0x20 ./BUILD/NUCLEO_F401RE/GCC_ARM/mbed-os/rtos/rtx/TARGET_CORTEX_M/rt_CMSIS.o
                0x0000000008001fec                osDelay
 .text.svcTimerCall
                0x000000000800200c       0x1a ./BUILD/NUCLEO_F401RE/GCC_ARM/mbed-os/rtos/rtx/TARGET_CORTEX_M/rt_CMSIS.o
                0x000000000800200c                svcTimerCall
 *fill*         0x0000000008002026        0x2 
 .text.osTimerCall
                0x0000000008002028       0x18 ./BUILD/NUCLEO_F401RE/GCC_ARM/mbed-os/rtos/rtx/TARGET_CORTEX_M/rt_CMSIS.o
                0x0000000008002028                osTimerCall
 .text.svcMutexCreate
                0x0000000008002040       0x1a ./BUILD/NUCLEO_F401RE/GCC_ARM/mbed-os/rtos/rtx/TARGET_CORTEX_M/rt_CMSIS.o
                0x0000000008002040                svcMutexCreate
 .text.svcMutexWait
                0x000000000800205a       0x38 ./BUILD/NUCLEO_F401RE/GCC_ARM/mbed-os/rtos/rtx/TARGET_CORTEX_M/rt_CMSIS.o
                0x000000000800205a                svcMutexWait
 .text.svcMutexRelease
                0x0000000008002092       0x20 ./BUILD/NUCLEO_F401RE/GCC_ARM/mbed-os/rtos/rtx/TARGET_CORTEX_M/rt_CMSIS.o
                0x0000000008002092                svcMutexRelease
 .text.svcMutexDelete
                0x00000000080020b2       0x1c ./BUILD/NUCLEO_F401RE/GCC_ARM/mbed-os/rtos/rtx/TARGET_CORTEX_M/rt_CMSIS.o
                0x00000000080020b2                svcMutexDelete
 *fill*         0x00000000080020ce        0x2 
 .text.osMutexCreate
                0x00000000080020d0       0x3c ./BUILD/NUCLEO_F401RE/GCC_ARM/mbed-os/rtos/rtx/TARGET_CORTEX_M/rt_CMSIS.o
                0x00000000080020d0                osMutexCreate
 .text.osMutexWait
                0x000000000800210c       0x20 ./BUILD/NUCLEO_F401RE/GCC_ARM/mbed-os/rtos/rtx/TARGET_CORTEX_M/rt_CMSIS.o
                0x000000000800210c                osMutexWait
 .text.osThreadExit
                0x000000000800212c       0x30 ./BUILD/NUCLEO_F401RE/GCC_ARM/mbed-os/rtos/rtx/TARGET_CORTEX_M/rt_CMSIS.o
                0x000000000800212c                osThreadExit
 .text.osMutexRelease
                0x000000000800215c       0x20 ./BUILD/NUCLEO_F401RE/GCC_ARM/mbed-os/rtos/rtx/TARGET_CORTEX_M/rt_CMSIS.o
                0x000000000800215c                osMutexRelease
 .text.osThreadContextCreate
                0x000000000800217c       0x64 ./BUILD/NUCLEO_F401RE/GCC_ARM/mbed-os/rtos/rtx/TARGET_CORTEX_M/rt_CMSIS.o
                0x000000000800217c                osThreadContextCreate
 .text.osThreadCreate
                0x00000000080021e0        0x6 ./BUILD/NUCLEO_F401RE/GCC_ARM/mbed-os/rtos/rtx/TARGET_CORTEX_M/rt_CMSIS.o
                0x00000000080021e0                osThreadCreate
 *fill*         0x00000000080021e6        0x2 
 .text.osThreadTerminate
                0x00000000080021e8       0x44 ./BUILD/NUCLEO_F401RE/GCC_ARM/mbed-os/rtos/rtx/TARGET_CORTEX_M/rt_CMSIS.o
                0x00000000080021e8                osThreadTerminate
 .text.osMutexDelete
                0x000000000800222c       0x20 ./BUILD/NUCLEO_F401RE/GCC_ARM/mbed-os/rtos/rtx/TARGET_CORTEX_M/rt_CMSIS.o
                0x000000000800222c                osMutexDelete
 .text.svcSemaphoreCreate
                0x000000000800224c       0x22 ./BUILD/NUCLEO_F401RE/GCC_ARM/mbed-os/rtos/rtx/TARGET_CORTEX_M/rt_CMSIS.o
                0x000000000800224c                svcSemaphoreCreate
 .text.svcSemaphoreRelease
                0x000000000800226e       0x2a ./BUILD/NUCLEO_F401RE/GCC_ARM/mbed-os/rtos/rtx/TARGET_CORTEX_M/rt_CMSIS.o
                0x000000000800226e                svcSemaphoreRelease
 .text.svcSemaphoreDelete
                0x0000000008002298       0x1c ./BUILD/NUCLEO_F401RE/GCC_ARM/mbed-os/rtos/rtx/TARGET_CORTEX_M/rt_CMSIS.o
                0x0000000008002298                svcSemaphoreDelete
 .text.isrSemaphoreRelease
                0x00000000080022b4       0x2a ./BUILD/NUCLEO_F401RE/GCC_ARM/mbed-os/rtos/rtx/TARGET_CORTEX_M/rt_CMSIS.o
                0x00000000080022b4                isrSemaphoreRelease
 *fill*         0x00000000080022de        0x2 
 .text.osSemaphoreCreate
                0x00000000080022e0       0x40 ./BUILD/NUCLEO_F401RE/GCC_ARM/mbed-os/rtos/rtx/TARGET_CORTEX_M/rt_CMSIS.o
                0x00000000080022e0                osSemaphoreCreate
 .text.osSemaphoreRelease
                0x0000000008002320       0x28 ./BUILD/NUCLEO_F401RE/GCC_ARM/mbed-os/rtos/rtx/TARGET_CORTEX_M/rt_CMSIS.o
                0x0000000008002320                osSemaphoreRelease
 .text.osSemaphoreDelete
                0x0000000008002348       0x20 ./BUILD/NUCLEO_F401RE/GCC_ARM/mbed-os/rtos/rtx/TARGET_CORTEX_M/rt_CMSIS.o
                0x0000000008002348                osSemaphoreDelete
 .text.svcMessageCreate
                0x0000000008002368       0x24 ./BUILD/NUCLEO_F401RE/GCC_ARM/mbed-os/rtos/rtx/TARGET_CORTEX_M/rt_CMSIS.o
                0x0000000008002368                svcMessageCreate
 .text.svcKernelInitialize
                0x000000000800238c       0x6c ./BUILD/NUCLEO_F401RE/GCC_ARM/mbed-os/rtos/rtx/TARGET_CORTEX_M/rt_CMSIS.o
                0x000000000800238c                svcKernelInitialize
 .text.osKernelInitialize
                0x00000000080023f8       0x30 ./BUILD/NUCLEO_F401RE/GCC_ARM/mbed-os/rtos/rtx/TARGET_CORTEX_M/rt_CMSIS.o
                0x00000000080023f8                osKernelInitialize
 .text.svcMessageGet
                0x0000000008002428       0x66 ./BUILD/NUCLEO_F401RE/GCC_ARM/mbed-os/rtos/rtx/TARGET_CORTEX_M/rt_CMSIS.o
                0x0000000008002428                svcMessageGet
 .text.isrMessagePut
                0x000000000800248e       0x2c ./BUILD/NUCLEO_F401RE/GCC_ARM/mbed-os/rtos/rtx/TARGET_CORTEX_M/rt_CMSIS.o
                0x000000000800248e                isrMessagePut
 *fill*         0x00000000080024ba        0x2 
 .text.sysTimerTick
                0x00000000080024bc       0x50 ./BUILD/NUCLEO_F401RE/GCC_ARM/mbed-os/rtos/rtx/TARGET_CORTEX_M/rt_CMSIS.o
                0x00000000080024bc                sysTimerTick
 .text.isrMessageGet
                0x000000000800250c       0x3a ./BUILD/NUCLEO_F401RE/GCC_ARM/mbed-os/rtos/rtx/TARGET_CORTEX_M/rt_CMSIS.o
                0x000000000800250c                isrMessageGet
 *fill*         0x0000000008002546        0x2 
 .text.osMessageGet
                0x0000000008002548       0x34 ./BUILD/NUCLEO_F401RE/GCC_ARM/mbed-os/rtos/rtx/TARGET_CORTEX_M/rt_CMSIS.o
                0x0000000008002548                osMessageGet
 .text.osTimerThread
                0x000000000800257c       0x30 ./BUILD/NUCLEO_F401RE/GCC_ARM/mbed-os/rtos/rtx/TARGET_CORTEX_M/rt_CMSIS.o
                0x000000000800257c                osTimerThread
 .text.rt_evt_psh
                0x00000000080025ac       0x54 ./BUILD/NUCLEO_F401RE/GCC_ARM/mbed-os/rtos/rtx/TARGET_CORTEX_M/rt_Event.o
                0x00000000080025ac                rt_evt_psh
 .text.rt_put_prio
                0x0000000008002600       0x30 ./BUILD/NUCLEO_F401RE/GCC_ARM/mbed-os/rtos/rtx/TARGET_CORTEX_M/rt_List.o
                0x0000000008002600                rt_put_prio
 .text.rt_get_first
                0x0000000008002630       0x22 ./BUILD/NUCLEO_F401RE/GCC_ARM/mbed-os/rtos/rtx/TARGET_CORTEX_M/rt_List.o
                0x0000000008002630                rt_get_first
 *fill*         0x0000000008002652        0x2 
 .text.rt_put_rdy_first
                0x0000000008002654       0x14 ./BUILD/NUCLEO_F401RE/GCC_ARM/mbed-os/rtos/rtx/TARGET_CORTEX_M/rt_List.o
                0x0000000008002654                rt_put_rdy_first
 .text.rt_put_dly
                0x0000000008002668       0x48 ./BUILD/NUCLEO_F401RE/GCC_ARM/mbed-os/rtos/rtx/TARGET_CORTEX_M/rt_List.o
                0x0000000008002668                rt_put_dly
 .text.rt_dec_dly
                0x00000000080026b0       0x70 ./BUILD/NUCLEO_F401RE/GCC_ARM/mbed-os/rtos/rtx/TARGET_CORTEX_M/rt_List.o
                0x00000000080026b0                rt_dec_dly
 .text.rt_rmv_list
                0x0000000008002720       0x2c ./BUILD/NUCLEO_F401RE/GCC_ARM/mbed-os/rtos/rtx/TARGET_CORTEX_M/rt_List.o
                0x0000000008002720                rt_rmv_list
 .text.rt_resort_prio
                0x000000000800274c       0x30 ./BUILD/NUCLEO_F401RE/GCC_ARM/mbed-os/rtos/rtx/TARGET_CORTEX_M/rt_List.o
                0x000000000800274c                rt_resort_prio
 .text.rt_rmv_dly
                0x000000000800277c       0x26 ./BUILD/NUCLEO_F401RE/GCC_ARM/mbed-os/rtos/rtx/TARGET_CORTEX_M/rt_List.o
                0x000000000800277c                rt_rmv_dly
 *fill*         0x00000000080027a2        0x2 
 .text.rt_psq_enq
                0x00000000080027a4       0x4c ./BUILD/NUCLEO_F401RE/GCC_ARM/mbed-os/rtos/rtx/TARGET_CORTEX_M/rt_List.o
                0x00000000080027a4                rt_psq_enq
 .text.rt_mbx_init
                0x00000000080027f0       0x1a ./BUILD/NUCLEO_F401RE/GCC_ARM/mbed-os/rtos/rtx/TARGET_CORTEX_M/rt_Mailbox.o
                0x00000000080027f0                rt_mbx_init
 *fill*         0x000000000800280a        0x2 
 .text.rt_mbx_wait
                0x000000000800280c       0xac ./BUILD/NUCLEO_F401RE/GCC_ARM/mbed-os/rtos/rtx/TARGET_CORTEX_M/rt_Mailbox.o
                0x000000000800280c                rt_mbx_wait
 .text.rt_mbx_check
                0x00000000080028b8        0x8 ./BUILD/NUCLEO_F401RE/GCC_ARM/mbed-os/rtos/rtx/TARGET_CORTEX_M/rt_Mailbox.o
                0x00000000080028b8                rt_mbx_check
 .text.isr_mbx_send
                0x00000000080028c0        0xe ./BUILD/NUCLEO_F401RE/GCC_ARM/mbed-os/rtos/rtx/TARGET_CORTEX_M/rt_Mailbox.o
                0x00000000080028c0                isr_mbx_send
 .text.isr_mbx_receive
                0x00000000080028ce       0x50 ./BUILD/NUCLEO_F401RE/GCC_ARM/mbed-os/rtos/rtx/TARGET_CORTEX_M/rt_Mailbox.o
                0x00000000080028ce                isr_mbx_receive
 *fill*         0x000000000800291e        0x2 
 .text.rt_mbx_psh
                0x0000000008002920       0xe4 ./BUILD/NUCLEO_F401RE/GCC_ARM/mbed-os/rtos/rtx/TARGET_CORTEX_M/rt_Mailbox.o
                0x0000000008002920                rt_mbx_psh
 .text._init_box
                0x0000000008002a04       0x4a ./BUILD/NUCLEO_F401RE/GCC_ARM/mbed-os/rtos/rtx/TARGET_CORTEX_M/rt_MemBox.o
                0x0000000008002a04                _init_box
 .text.rt_alloc_box
                0x0000000008002a4e       0x1a ./BUILD/NUCLEO_F401RE/GCC_ARM/mbed-os/rtos/rtx/TARGET_CORTEX_M/rt_MemBox.o
                0x0000000008002a4e                rt_alloc_box
 .text.rt_free_box
                0x0000000008002a68       0x28 ./BUILD/NUCLEO_F401RE/GCC_ARM/mbed-os/rtos/rtx/TARGET_CORTEX_M/rt_MemBox.o
                0x0000000008002a68                rt_free_box
 .text.rt_mut_init
                0x0000000008002a90       0x10 ./BUILD/NUCLEO_F401RE/GCC_ARM/mbed-os/rtos/rtx/TARGET_CORTEX_M/rt_Mutex.o
                0x0000000008002a90                rt_mut_init
 .text.rt_mut_delete
                0x0000000008002aa0       0xac ./BUILD/NUCLEO_F401RE/GCC_ARM/mbed-os/rtos/rtx/TARGET_CORTEX_M/rt_Mutex.o
                0x0000000008002aa0                rt_mut_delete
 .text.rt_mut_release
                0x0000000008002b4c       0xe0 ./BUILD/NUCLEO_F401RE/GCC_ARM/mbed-os/rtos/rtx/TARGET_CORTEX_M/rt_Mutex.o
                0x0000000008002b4c                rt_mut_release
 .text.rt_mut_wait
                0x0000000008002c2c       0x5c ./BUILD/NUCLEO_F401RE/GCC_ARM/mbed-os/rtos/rtx/TARGET_CORTEX_M/rt_Mutex.o
                0x0000000008002c2c                rt_mut_wait
 .text.rt_init_robin
                0x0000000008002c88       0x18 ./BUILD/NUCLEO_F401RE/GCC_ARM/mbed-os/rtos/rtx/TARGET_CORTEX_M/rt_Robin.o
                0x0000000008002c88                rt_init_robin
 .text.rt_chk_robin
                0x0000000008002ca0       0x48 ./BUILD/NUCLEO_F401RE/GCC_ARM/mbed-os/rtos/rtx/TARGET_CORTEX_M/rt_Robin.o
                0x0000000008002ca0                rt_chk_robin
 .text.rt_sem_init
                0x0000000008002ce8        0xc ./BUILD/NUCLEO_F401RE/GCC_ARM/mbed-os/rtos/rtx/TARGET_CORTEX_M/rt_Semaphore.o
                0x0000000008002ce8                rt_sem_init
 .text.rt_sem_delete
                0x0000000008002cf4       0x5c ./BUILD/NUCLEO_F401RE/GCC_ARM/mbed-os/rtos/rtx/TARGET_CORTEX_M/rt_Semaphore.o
                0x0000000008002cf4                rt_sem_delete
 .text.rt_sem_send
                0x0000000008002d50       0x2a ./BUILD/NUCLEO_F401RE/GCC_ARM/mbed-os/rtos/rtx/TARGET_CORTEX_M/rt_Semaphore.o
                0x0000000008002d50                rt_sem_send
 .text.isr_sem_send
                0x0000000008002d7a       0x10 ./BUILD/NUCLEO_F401RE/GCC_ARM/mbed-os/rtos/rtx/TARGET_CORTEX_M/rt_Semaphore.o
                0x0000000008002d7a                isr_sem_send
 *fill*         0x0000000008002d8a        0x2 
 .text.rt_sem_psh
                0x0000000008002d8c       0x34 ./BUILD/NUCLEO_F401RE/GCC_ARM/mbed-os/rtos/rtx/TARGET_CORTEX_M/rt_Semaphore.o
                0x0000000008002d8c                rt_sem_psh
 .text.rt_psh_req
                0x0000000008002dc0       0x24 ./BUILD/NUCLEO_F401RE/GCC_ARM/mbed-os/rtos/rtx/TARGET_CORTEX_M/rt_System.o
                0x0000000008002dc0                rt_psh_req
 .text.rt_pop_req
                0x0000000008002de4       0x78 ./BUILD/NUCLEO_F401RE/GCC_ARM/mbed-os/rtos/rtx/TARGET_CORTEX_M/rt_System.o
                0x0000000008002de4                rt_pop_req
 .text.os_tick_init
                0x0000000008002e5c       0x30 ./BUILD/NUCLEO_F401RE/GCC_ARM/mbed-os/rtos/rtx/TARGET_CORTEX_M/rt_System.o
                0x0000000008002e5c                os_tick_init
 .text.os_tick_irqack
                0x0000000008002e8c        0x2 ./BUILD/NUCLEO_F401RE/GCC_ARM/mbed-os/rtos/rtx/TARGET_CORTEX_M/rt_System.o
                0x0000000008002e8c                os_tick_irqack
 *fill*         0x0000000008002e8e        0x2 
 .text.rt_systick
                0x0000000008002e90       0x3c ./BUILD/NUCLEO_F401RE/GCC_ARM/mbed-os/rtos/rtx/TARGET_CORTEX_M/rt_System.o
                0x0000000008002e90                rt_systick
 .text.rt_stk_check
                0x0000000008002ecc       0x24 ./BUILD/NUCLEO_F401RE/GCC_ARM/mbed-os/rtos/rtx/TARGET_CORTEX_M/rt_System.o
                0x0000000008002ecc                rt_stk_check
 .text.rt_switch_req
                0x0000000008002ef0       0x20 ./BUILD/NUCLEO_F401RE/GCC_ARM/mbed-os/rtos/rtx/TARGET_CORTEX_M/rt_Task.o
                0x0000000008002ef0                rt_switch_req
 .text.rt_dispatch.part.0
                0x0000000008002f10       0x14 ./BUILD/NUCLEO_F401RE/GCC_ARM/mbed-os/rtos/rtx/TARGET_CORTEX_M/rt_Task.o
 .text.rt_dispatch
                0x0000000008002f24       0x48 ./BUILD/NUCLEO_F401RE/GCC_ARM/mbed-os/rtos/rtx/TARGET_CORTEX_M/rt_Task.o
                0x0000000008002f24                rt_dispatch
 .text.rt_block
                0x0000000008002f6c       0x34 ./BUILD/NUCLEO_F401RE/GCC_ARM/mbed-os/rtos/rtx/TARGET_CORTEX_M/rt_Task.o
                0x0000000008002f6c                rt_block
 .text.rt_tsk_self
                0x0000000008002fa0       0x10 ./BUILD/NUCLEO_F401RE/GCC_ARM/mbed-os/rtos/rtx/TARGET_CORTEX_M/rt_Task.o
                0x0000000008002fa0                rt_tsk_self
 .text.rt_tsk_prio
                0x0000000008002fb0       0x7c ./BUILD/NUCLEO_F401RE/GCC_ARM/mbed-os/rtos/rtx/TARGET_CORTEX_M/rt_Task.o
                0x0000000008002fb0                rt_tsk_prio
 .text.rt_tsk_create
                0x000000000800302c       0xac ./BUILD/NUCLEO_F401RE/GCC_ARM/mbed-os/rtos/rtx/TARGET_CORTEX_M/rt_Task.o
                0x000000000800302c                rt_tsk_create
 .text.rt_tsk_delete
                0x00000000080030d8      0x154 ./BUILD/NUCLEO_F401RE/GCC_ARM/mbed-os/rtos/rtx/TARGET_CORTEX_M/rt_Task.o
                0x00000000080030d8                rt_tsk_delete
 .text.rt_sys_init
                0x000000000800322c       0xf4 ./BUILD/NUCLEO_F401RE/GCC_ARM/mbed-os/rtos/rtx/TARGET_CORTEX_M/rt_Task.o
                0x000000000800322c                rt_sys_init
 .text.rt_sys_start
                0x0000000008003320       0x8c ./BUILD/NUCLEO_F401RE/GCC_ARM/mbed-os/rtos/rtx/TARGET_CORTEX_M/rt_Task.o
                0x0000000008003320                rt_sys_start
 .text.rt_dly_wait
                0x00000000080033ac        0x6 ./BUILD/NUCLEO_F401RE/GCC_ARM/mbed-os/rtos/rtx/TARGET_CORTEX_M/rt_Time.o
                0x00000000080033ac                rt_dly_wait
 .text.SetSysClock_PLL_HSI.part.1
                0x00000000080033b2       0x28 ./BUILD/NUCLEO_F401RE/GCC_ARM/mbed-os/targets/TARGET_STM/TARGET_STM32F4/TARGET_STM32F401xE/TARGET_NUCLEO_F401RE/system_stm32f4xx.o
 *fill*         0x00000000080033da        0x2 
 .text.SystemCoreClockUpdate
                0x00000000080033dc       0x74 ./BUILD/NUCLEO_F401RE/GCC_ARM/mbed-os/targets/TARGET_STM/TARGET_STM32F4/TARGET_STM32F401xE/TARGET_NUCLEO_F401RE/system_stm32f4xx.o
                0x00000000080033dc                SystemCoreClockUpdate
 .text.SetSysClock_PLL_HSE
                0x0000000008003450       0x7c ./BUILD/NUCLEO_F401RE/GCC_ARM/mbed-os/targets/TARGET_STM/TARGET_STM32F4/TARGET_STM32F401xE/TARGET_NUCLEO_F401RE/system_stm32f4xx.o
                0x0000000008003450                SetSysClock_PLL_HSE
 .text.SetSysClock_PLL_HSI
                0x00000000080034cc       0x78 ./BUILD/NUCLEO_F401RE/GCC_ARM/mbed-os/targets/TARGET_STM/TARGET_STM32F4/TARGET_STM32F401xE/TARGET_NUCLEO_F401RE/system_stm32f4xx.o
                0x00000000080034cc                SetSysClock_PLL_HSI
 .text.SetSysClock
                0x0000000008003544       0x1a ./BUILD/NUCLEO_F401RE/GCC_ARM/mbed-os/targets/TARGET_STM/TARGET_STM32F4/TARGET_STM32F401xE/TARGET_NUCLEO_F401RE/system_stm32f4xx.o
                0x0000000008003544                SetSysClock
 *fill*         0x000000000800355e        0x2 
 .text.SystemInit
                0x0000000008003560       0x74 ./BUILD/NUCLEO_F401RE/GCC_ARM/mbed-os/targets/TARGET_STM/TARGET_STM32F4/TARGET_STM32F401xE/TARGET_NUCLEO_F401RE/system_stm32f4xx.o
                0x0000000008003560                SystemInit
 .text.Reset_Handler
                0x00000000080035d4       0x34 ./BUILD/NUCLEO_F401RE/GCC_ARM/mbed-os/targets/TARGET_STM/TARGET_STM32F4/TARGET_STM32F401xE/device/TOOLCHAIN_GCC_ARM/startup_stm32f401xe.o
                0x00000000080035d4                Reset_Handler
 .text.Default_Handler
                0x0000000008003608        0x2 ./BUILD/NUCLEO_F401RE/GCC_ARM/mbed-os/targets/TARGET_STM/TARGET_STM32F4/TARGET_STM32F401xE/device/TOOLCHAIN_GCC_ARM/startup_stm32f401xe.o
                0x0000000008003608                RTC_Alarm_IRQHandler
                0x0000000008003608                EXTI2_IRQHandler
                0x0000000008003608                DebugMon_Handler
                0x0000000008003608                SPI4_IRQHandler
                0x0000000008003608                TIM1_CC_IRQHandler
                0x0000000008003608                DMA2_Stream5_IRQHandler
                0x0000000008003608                HardFault_Handler
                0x0000000008003608                DMA1_Stream5_IRQHandler
                0x0000000008003608                PVD_IRQHandler
                0x0000000008003608                SDIO_IRQHandler
                0x0000000008003608                TAMP_STAMP_IRQHandler
                0x0000000008003608                NMI_Handler
                0x0000000008003608                EXTI3_IRQHandler
                0x0000000008003608                TIM1_UP_TIM10_IRQHandler
                0x0000000008003608                I2C3_ER_IRQHandler
                0x0000000008003608                EXTI0_IRQHandler
                0x0000000008003608                I2C2_EV_IRQHandler
                0x0000000008003608                DMA1_Stream2_IRQHandler
                0x0000000008003608                FPU_IRQHandler
                0x0000000008003608                UsageFault_Handler
                0x0000000008003608                DMA2_Stream2_IRQHandler
                0x0000000008003608                SPI1_IRQHandler
                0x0000000008003608                TIM1_BRK_TIM9_IRQHandler
                0x0000000008003608                DMA2_Stream3_IRQHandler
                0x0000000008003608                USART6_IRQHandler
                0x0000000008003608                DMA2_Stream0_IRQHandler
                0x0000000008003608                TIM4_IRQHandler
                0x0000000008003608                I2C1_EV_IRQHandler
                0x0000000008003608                DMA1_Stream6_IRQHandler
                0x0000000008003608                DMA1_Stream1_IRQHandler
                0x0000000008003608                TIM3_IRQHandler
                0x0000000008003608                RCC_IRQHandler
                0x0000000008003608                Default_Handler
                0x0000000008003608                EXTI15_10_IRQHandler
                0x0000000008003608                ADC_IRQHandler
                0x0000000008003608                DMA1_Stream7_IRQHandler
                0x0000000008003608                TIM5_IRQHandler
                0x0000000008003608                DMA2_Stream7_IRQHandler
                0x0000000008003608                I2C3_EV_IRQHandler
                0x0000000008003608                EXTI9_5_IRQHandler
                0x0000000008003608                RTC_WKUP_IRQHandler
                0x0000000008003608                SPI2_IRQHandler
                0x0000000008003608                MemManage_Handler
                0x0000000008003608                DMA1_Stream0_IRQHandler
                0x0000000008003608                EXTI4_IRQHandler
                0x0000000008003608                WWDG_IRQHandler
                0x0000000008003608                TIM2_IRQHandler
                0x0000000008003608                OTG_FS_WKUP_IRQHandler
                0x0000000008003608                TIM1_TRG_COM_TIM11_IRQHandler
                0x0000000008003608                EXTI1_IRQHandler
                0x0000000008003608                USART2_IRQHandler
                0x0000000008003608                I2C2_ER_IRQHandler
                0x0000000008003608                DMA2_Stream1_IRQHandler
                0x0000000008003608                FLASH_IRQHandler
                0x0000000008003608                DMA2_Stream4_IRQHandler
                0x0000000008003608                BusFault_Handler
                0x0000000008003608                USART1_IRQHandler
                0x0000000008003608                OTG_FS_IRQHandler
                0x0000000008003608                SPI3_IRQHandler
                0x0000000008003608                DMA1_Stream4_IRQHandler
                0x0000000008003608                I2C1_ER_IRQHandler
                0x0000000008003608                DMA2_Stream6_IRQHandler
                0x0000000008003608                DMA1_Stream3_IRQHandler
 *fill*         0x000000000800360a        0x2 
 .text.__NVIC_SetVector
                0x000000000800360c       0x40 ./BUILD/NUCLEO_F401RE/GCC_ARM/mbed-os/targets/TARGET_STM/TARGET_STM32F4/TARGET_STM32F401xE/device/cmsis_nvic.o
                0x000000000800360c                __NVIC_SetVector
 .text.HAL_Init
                0x000000000800364c       0x30 ./BUILD/NUCLEO_F401RE/GCC_ARM/mbed-os/targets/TARGET_STM/TARGET_STM32F4/device/stm32f4xx_hal.o
                0x000000000800364c                HAL_Init
 .text.HAL_IncTick
                0x000000000800367c       0x10 ./BUILD/NUCLEO_F401RE/GCC_ARM/mbed-os/targets/TARGET_STM/TARGET_STM32F4/device/stm32f4xx_hal.o
                0x000000000800367c                HAL_IncTick
 .text.HAL_GetTick
                0x000000000800368c        0xc ./BUILD/NUCLEO_F401RE/GCC_ARM/mbed-os/targets/TARGET_STM/TARGET_STM32F4/device/stm32f4xx_hal.o
                0x000000000800368c                HAL_GetTick
 .text.HAL_NVIC_DisableIRQ
                0x0000000008003698       0x24 ./BUILD/NUCLEO_F401RE/GCC_ARM/mbed-os/targets/TARGET_STM/TARGET_STM32F4/device/stm32f4xx_hal_cortex.o
                0x0000000008003698                HAL_NVIC_DisableIRQ
 .text.HAL_DMA_Abort_IT
                0x00000000080036bc       0x24 ./BUILD/NUCLEO_F401RE/GCC_ARM/mbed-os/targets/TARGET_STM/TARGET_STM32F4/device/stm32f4xx_hal_dma.o