Archive member included to satisfy reference by file (symbol)

/usr/lib/gcc/arm-none-eabi/6.3.1/../../../../arm-none-eabi/lib/armv7e-m/softfp/libc.a(lib_a-calloc.o)
                              ./BUILD/NUCLEO_F401RE/GCC_ARM/mbed-os/features/mbedtls/src/asn1parse.o (calloc)
/usr/lib/gcc/arm-none-eabi/6.3.1/../../../../arm-none-eabi/lib/armv7e-m/softfp/libc.a(lib_a-callocr.o)
                              ./BUILD/NUCLEO_F401RE/GCC_ARM/mbed-os/platform/mbed_alloc_wrappers.o (_calloc_r)
/usr/lib/gcc/arm-none-eabi/6.3.1/../../../../arm-none-eabi/lib/armv7e-m/softfp/libc.a(lib_a-errno.o)
                              ./BUILD/NUCLEO_F401RE/GCC_ARM/mbed-os/features/filesystem/fat/FATFileSystem.o (__errno)
/usr/lib/gcc/arm-none-eabi/6.3.1/../../../../arm-none-eabi/lib/armv7e-m/softfp/libc.a(lib_a-fclose.o)
                              ./BUILD/NUCLEO_F401RE/GCC_ARM/mbed-os/drivers/Stream.o (fclose)
/usr/lib/gcc/arm-none-eabi/6.3.1/../../../../arm-none-eabi/lib/armv7e-m/softfp/libc.a(lib_a-fflush.o)
                              /usr/lib/gcc/arm-none-eabi/6.3.1/../../../../arm-none-eabi/lib/armv7e-m/softfp/libc.a(lib_a-fclose.o) (__sflush_r)
/usr/lib/gcc/arm-none-eabi/6.3.1/../../../../arm-none-eabi/lib/armv7e-m/softfp/libc.a(lib_a-fgetc.o)
                              ./BUILD/NUCLEO_F401RE/GCC_ARM/mbed-os/platform/mbed_retarget.o (fgetc)
/usr/lib/gcc/arm-none-eabi/6.3.1/../../../../arm-none-eabi/lib/armv7e-m/softfp/libc.a(lib_a-fgets.o)
                              ./BUILD/NUCLEO_F401RE/GCC_ARM/mbed-os/platform/mbed_retarget.o (fgets)
/usr/lib/gcc/arm-none-eabi/6.3.1/../../../../arm-none-eabi/lib/armv7e-m/softfp/libc.a(lib_a-findfp.o)
                              /usr/lib/gcc/arm-none-eabi/6.3.1/../../../../arm-none-eabi/lib/armv7e-m/softfp/libc.a(lib_a-fclose.o) (__sinit)
/usr/lib/gcc/arm-none-eabi/6.3.1/../../../../arm-none-eabi/lib/armv7e-m/softfp/libc.a(lib_a-fini.o)
                              /usr/lib/gcc/arm-none-eabi/6.3.1/../../../../arm-none-eabi/lib/armv7e-m/softfp/crt0.o (__libc_fini_array)
/usr/lib/gcc/arm-none-eabi/6.3.1/../../../../arm-none-eabi/lib/armv7e-m/softfp/libc.a(lib_a-fopen.o)
                              ./BUILD/NUCLEO_F401RE/GCC_ARM/mbed-os/drivers/Stream.o (fopen)
/usr/lib/gcc/arm-none-eabi/6.3.1/../../../../arm-none-eabi/lib/armv7e-m/softfp/libc.a(lib_a-fputc.o)
                              ./BUILD/NUCLEO_F401RE/GCC_ARM/mbed-os/drivers/Stream.o (fputc)
/usr/lib/gcc/arm-none-eabi/6.3.1/../../../../arm-none-eabi/lib/armv7e-m/softfp/libc.a(lib_a-fputs.o)
                              ./BUILD/NUCLEO_F401RE/GCC_ARM/mbed-os/drivers/Stream.o (fputs)
/usr/lib/gcc/arm-none-eabi/6.3.1/../../../../arm-none-eabi/lib/armv7e-m/softfp/libc.a(lib_a-freer.o)
                              ./BUILD/NUCLEO_F401RE/GCC_ARM/mbed-os/platform/mbed_alloc_wrappers.o (_free_r)
/usr/lib/gcc/arm-none-eabi/6.3.1/../../../../arm-none-eabi/lib/armv7e-m/softfp/libc.a(lib_a-fseek.o)
                              /usr/lib/gcc/arm-none-eabi/6.3.1/../../../../arm-none-eabi/lib/armv7e-m/softfp/libc.a(lib_a-fopen.o) (_fseek_r)
/usr/lib/gcc/arm-none-eabi/6.3.1/../../../../arm-none-eabi/lib/armv7e-m/softfp/libc.a(lib_a-fseeko.o)
                              /usr/lib/gcc/arm-none-eabi/6.3.1/../../../../arm-none-eabi/lib/armv7e-m/softfp/libc.a(lib_a-fseek.o) (_fseeko_r)
/usr/lib/gcc/arm-none-eabi/6.3.1/../../../../arm-none-eabi/lib/armv7e-m/softfp/libc.a(lib_a-fstatr.o)
                              /usr/lib/gcc/arm-none-eabi/6.3.1/../../../../arm-none-eabi/lib/armv7e-m/softfp/libc.a(lib_a-fseeko.o) (_fstat_r)
/usr/lib/gcc/arm-none-eabi/6.3.1/../../../../arm-none-eabi/lib/armv7e-m/softfp/libc.a(lib_a-fvwrite.o)
                              /usr/lib/gcc/arm-none-eabi/6.3.1/../../../../arm-none-eabi/lib/armv7e-m/softfp/libc.a(lib_a-fputs.o) (__sfvwrite_r)
/usr/lib/gcc/arm-none-eabi/6.3.1/../../../../arm-none-eabi/lib/armv7e-m/softfp/libc.a(lib_a-fwalk.o)
                              /usr/lib/gcc/arm-none-eabi/6.3.1/../../../../arm-none-eabi/lib/armv7e-m/softfp/libc.a(lib_a-findfp.o) (_fwalk)
/usr/lib/gcc/arm-none-eabi/6.3.1/../../../../arm-none-eabi/lib/armv7e-m/softfp/libc.a(lib_a-impure.o)
                              /usr/lib/gcc/arm-none-eabi/6.3.1/../../../../arm-none-eabi/lib/armv7e-m/softfp/libc.a(lib_a-fflush.o) (_global_impure_ptr)
/usr/lib/gcc/arm-none-eabi/6.3.1/../../../../arm-none-eabi/lib/armv7e-m/softfp/libc.a(lib_a-init.o)
                              /usr/lib/gcc/arm-none-eabi/6.3.1/../../../../arm-none-eabi/lib/armv7e-m/softfp/crt0.o (__libc_init_array)
/usr/lib/gcc/arm-none-eabi/6.3.1/../../../../arm-none-eabi/lib/armv7e-m/softfp/libc.a(lib_a-isalpha.o)
                              ./BUILD/NUCLEO_F401RE/GCC_ARM/mbed-os/features/frameworks/greentea-client/source/greentea_test_env.o (isalpha)
/usr/lib/gcc/arm-none-eabi/6.3.1/../../../../arm-none-eabi/lib/armv7e-m/softfp/libc.a(lib_a-isdigit.o)
[...]
Memory Configuration

Name             Origin             Length             Attributes
FLASH            0x0000000008000000 0x0000000000080000 xr
RAM              0x0000000020000194 0x0000000000017e6c xrw
*default*        0x0000000000000000 0xffffffffffffffff

Linker script and memory map

LOAD /usr/lib/gcc/arm-none-eabi/6.3.1/armv7e-m/softfp/crti.o
LOAD /usr/lib/gcc/arm-none-eabi/6.3.1/armv7e-m/softfp/crtbegin.o
LOAD /usr/lib/gcc/arm-none-eabi/6.3.1/../../../../arm-none-eabi/lib/armv7e-m/softfp/crt0.o
LOAD ./BUILD/NUCLEO_F401RE/GCC_ARM/./test_env.o
LOAD ./BUILD/NUCLEO_F401RE/GCC_ARM/mbed-os/drivers/AnalogIn.o
LOAD ./BUILD/NUCLEO_F401RE/GCC_ARM/mbed-os/drivers/BusIn.o
LOAD ./BUILD/NUCLEO_F401RE/GCC_ARM/mbed-os/drivers/BusInOut.o
LOAD ./BUILD/NUCLEO_F401RE/GCC_ARM/mbed-os/drivers/BusOut.o
LOAD ./BUILD/NUCLEO_F401RE/GCC_ARM/mbed-os/drivers/CAN.o
LOAD ./BUILD/NUCLEO_F401RE/GCC_ARM/mbed-os/drivers/Ethernet.o
LOAD ./BUILD/NUCLEO_F401RE/GCC_ARM/mbed-os/drivers/FileBase.o
LOAD ./BUILD/NUCLEO_F401RE/GCC_ARM/mbed-os/drivers/FilePath.o
LOAD ./BUILD/NUCLEO_F401RE/GCC_ARM/mbed-os/drivers/FileSystemLike.o
LOAD ./BUILD/NUCLEO_F401RE/GCC_ARM/mbed-os/drivers/FlashIAP.o
LOAD ./BUILD/NUCLEO_F401RE/GCC_ARM/mbed-os/drivers/I2C.o
LOAD ./BUILD/NUCLEO_F401RE/GCC_ARM/mbed-os/drivers/I2CSlave.o
LOAD ./BUILD/NUCLEO_F401RE/GCC_ARM/mbed-os/drivers/InterruptIn.o
LOAD ./BUILD/NUCLEO_F401RE/GCC_ARM/mbed-os/drivers/InterruptManager.o
LOAD ./BUILD/NUCLEO_F401RE/GCC_ARM/mbed-os/drivers/LocalFileSystem.o
LOAD ./BUILD/NUCLEO_F401RE/GCC_ARM/mbed-os/drivers/RawSerial.o
LOAD ./BUILD/NUCLEO_F401RE/GCC_ARM/mbed-os/drivers/SPI.o
LOAD ./BUILD/NUCLEO_F401RE/GCC_ARM/mbed-os/drivers/SPISlave.o
LOAD ./BUILD/NUCLEO_F401RE/GCC_ARM/mbed-os/drivers/Serial.o
LOAD ./BUILD/NUCLEO_F401RE/GCC_ARM/mbed-os/drivers/SerialBase.o
LOAD ./BUILD/NUCLEO_F401RE/GCC_ARM/mbed-os/drivers/Stream.o
LOAD ./BUILD/NUCLEO_F401RE/GCC_ARM/mbed-os/drivers/Ticker.o
LOAD ./BUILD/NUCLEO_F401RE/GCC_ARM/mbed-os/drivers/Timeout.o
LOAD ./BUILD/NUCLEO_F401RE/GCC_ARM/mbed-os/drivers/Timer.o
LOAD ./BUILD/NUCLEO_F401RE/GCC_ARM/mbed-os/drivers/TimerEvent.o
LOAD ./BUILD/NUCLEO_F401RE/GCC_ARM/mbed-os/events/EventQueue.o
LOAD ./BUILD/NUCLEO_F401RE/GCC_ARM/mbed-os/events/equeue/equeue.o
LOAD ./BUILD/NUCLEO_F401RE/GCC_ARM/mbed-os/events/equeue/equeue_mbed.o
LOAD ./BUILD/NUCLEO_F401RE/GCC_ARM/mbed-os/events/equeue/equeue_posix.o
LOAD ./BUILD/NUCLEO_F401RE/GCC_ARM/mbed-os/features/filesystem/Dir.o
LOAD ./BUILD/NUCLEO_F401RE/GCC_ARM/mbed-os/features/filesystem/File.o
LOAD ./BUILD/NUCLEO_F401RE/GCC_ARM/mbed-os/features/filesystem/FileSystem.o
LOAD ./BUILD/NUCLEO_F401RE/GCC_ARM/mbed-os/features/filesystem/bd/ChainingBlockDevice.o
LOAD ./BUILD/NUCLEO_F401RE/GCC_ARM/mbed-os/features/filesystem/bd/HeapBlockDevice.o
LOAD ./BUILD/NUCLEO_F401RE/GCC_ARM/mbed-os/features/filesystem/bd/SlicingBlockDevice.o
LOAD ./BUILD/NUCLEO_F401RE/GCC_ARM/mbed-os/features/filesystem/fat/ChaN/ccsbcs.o
LOAD ./BUILD/NUCLEO_F401RE/GCC_ARM/mbed-os/features/filesystem/fat/ChaN/ff.o
LOAD ./BUILD/NUCLEO_F401RE/GCC_ARM/mbed-os/features/filesystem/fat/FATFileSystem.o
LOAD ./BUILD/NUCLEO_F401RE/GCC_ARM/mbed-os/features/frameworks/greentea-client/source/greentea_metrics.o
LOAD ./BUILD/NUCLEO_F401RE/GCC_ARM/mbed-os/features/frameworks/greentea-client/source/greentea_serial.o
LOAD ./BUILD/NUCLEO_F401RE/GCC_ARM/mbed-os/features/frameworks/greentea-client/source/greentea_test_env.o
LOAD ./BUILD/NUCLEO_F401RE/GCC_ARM/mbed-os/features/frameworks/unity/source/unity.o
LOAD ./BUILD/NUCLEO_F401RE/GCC_ARM/mbed-os/features/frameworks/utest/mbed-utest-shim.o
LOAD ./BUILD/NUCLEO_F401RE/GCC_ARM/mbed-os/features/frameworks/utest/source/unity_handler.o
LOAD ./BUILD/NUCLEO_F401RE/GCC_ARM/mbed-os/features/frameworks/utest/source/utest_case.o
LOAD ./BUILD/NUCLEO_F401RE/GCC_ARM/mbed-os/features/frameworks/utest/source/utest_default_handlers.o
LOAD ./BUILD/NUCLEO_F401RE/GCC_ARM/mbed-os/features/frameworks/utest/source/utest_greentea_handlers.o
LOAD ./BUILD/NUCLEO_F401RE/GCC_ARM/mbed-os/features/frameworks/utest/source/utest_harness.o
LOAD ./BUILD/NUCLEO_F401RE/GCC_ARM/mbed-os/features/frameworks/utest/source/utest_shim.o
LOAD ./BUILD/NUCLEO_F401RE/GCC_ARM/mbed-os/features/frameworks/utest/source/utest_stack_trace.o
LOAD ./BUILD/NUCLEO_F401RE/GCC_ARM/mbed-os/features/frameworks/utest/source/utest_types.o
LOAD ./BUILD/NUCLEO_F401RE/GCC_ARM/mbed-os/features/mbedtls/platform/src/mbed_trng.o
LOAD ./BUILD/NUCLEO_F401RE/GCC_ARM/mbed-os/features/mbedtls/src/aes.o
LOAD ./BUILD/NUCLEO_F401RE/GCC_ARM/mbed-os/features/mbedtls/src/aesni.o
LOAD ./BUILD/NUCLEO_F401RE/GCC_ARM/mbed-os/features/mbedtls/src/arc4.o
LOAD ./BUILD/NUCLEO_F401RE/GCC_ARM/mbed-os/features/mbedtls/src/asn1parse.o
LOAD ./BUILD/NUCLEO_F401RE/GCC_ARM/mbed-os/features/mbedtls/src/asn1write.o
LOAD ./BUILD/NUCLEO_F401RE/GCC_ARM/mbed-os/features/mbedtls/src/base64.o
LOAD ./BUILD/NUCLEO_F401RE/GCC_ARM/mbed-os/features/mbedtls/src/bignum.o
LOAD ./BUILD/NUCLEO_F401RE/GCC_ARM/mbed-os/features/mbedtls/src/blowfish.o
LOAD ./BUILD/NUCLEO_F401RE/GCC_ARM/mbed-os/features/mbedtls/src/camellia.o
LOAD ./BUILD/NUCLEO_F401RE/GCC_ARM/mbed-os/features/mbedtls/src/ccm.o
LOAD ./BUILD/NUCLEO_F401RE/GCC_ARM/mbed-os/features/mbedtls/src/certs.o
LOAD ./BUILD/NUCLEO_F401RE/GCC_ARM/mbed-os/features/mbedtls/src/cipher.o
LOAD ./BUILD/NUCLEO_F401RE/GCC_ARM/mbed-os/features/mbedtls/src/cipher_wrap.o
LOAD ./BUILD/NUCLEO_F401RE/GCC_ARM/mbed-os/features/mbedtls/src/cmac.o
LOAD ./BUILD/NUCLEO_F401RE/GCC_ARM/mbed-os/features/mbedtls/src/ctr_drbg.o
LOAD ./BUILD/NUCLEO_F401RE/GCC_ARM/mbed-os/features/mbedtls/src/debug.o
LOAD ./BUILD/NUCLEO_F401RE/GCC_ARM/mbed-os/features/mbedtls/src/des.o
LOAD ./BUILD/NUCLEO_F401RE/GCC_ARM/mbed-os/features/mbedtls/src/dhm.o
LOAD ./BUILD/NUCLEO_F401RE/GCC_ARM/mbed-os/features/mbedtls/src/ecdh.o
LOAD ./BUILD/NUCLEO_F401RE/GCC_ARM/mbed-os/features/mbedtls/src/ecdsa.o
LOAD ./BUILD/NUCLEO_F401RE/GCC_ARM/mbed-os/features/mbedtls/src/ecjpake.o
LOAD ./BUILD/NUCLEO_F401RE/GCC_ARM/mbed-os/features/mbedtls/src/ecp.o
LOAD ./BUILD/NUCLEO_F401RE/GCC_ARM/mbed-os/features/mbedtls/src/ecp_curves.o
LOAD ./BUILD/NUCLEO_F401RE/GCC_ARM/mbed-os/features/mbedtls/src/entropy.o
LOAD ./BUILD/NUCLEO_F401RE/GCC_ARM/mbed-os/features/mbedtls/src/entropy_poll.o
LOAD ./BUILD/NUCLEO_F401RE/GCC_ARM/mbed-os/features/mbedtls/src/error.o
LOAD ./BUILD/NUCLEO_F401RE/GCC_ARM/mbed-os/features/mbedtls/src/gcm.o
LOAD ./BUILD/NUCLEO_F401RE/GCC_ARM/mbed-os/features/mbedtls/src/havege.o
LOAD ./BUILD/NUCLEO_F401RE/GCC_ARM/mbed-os/features/mbedtls/src/hmac_drbg.o
LOAD ./BUILD/NUCLEO_F401RE/GCC_ARM/mbed-os/features/mbedtls/src/md.o
LOAD ./BUILD/NUCLEO_F401RE/GCC_ARM/mbed-os/features/mbedtls/src/md2.o
LOAD ./BUILD/NUCLEO_F401RE/GCC_ARM/mbed-os/features/mbedtls/src/md4.o
LOAD ./BUILD/NUCLEO_F401RE/GCC_ARM/mbed-os/features/mbedtls/src/md5.o
LOAD ./BUILD/NUCLEO_F401RE/GCC_ARM/mbed-os/features/mbedtls/src/md_wrap.o
LOAD ./BUILD/NUCLEO_F401RE/GCC_ARM/mbed-os/features/mbedtls/src/memory_buffer_alloc.o
LOAD ./BUILD/NUCLEO_F401RE/GCC_ARM/mbed-os/features/mbedtls/src/net_sockets.o
LOAD ./BUILD/NUCLEO_F401RE/GCC_ARM/mbed-os/features/mbedtls/src/oid.o
LOAD ./BUILD/NUCLEO_F401RE/GCC_ARM/mbed-os/features/mbedtls/src/padlock.o
LOAD ./BUILD/NUCLEO_F401RE/GCC_ARM/mbed-os/features/mbedtls/src/pem.o
LOAD ./BUILD/NUCLEO_F401RE/GCC_ARM/mbed-os/features/mbedtls/src/pk.o
LOAD ./BUILD/NUCLEO_F401RE/GCC_ARM/mbed-os/features/mbedtls/src/pk_wrap.o
LOAD ./BUILD/NUCLEO_F401RE/GCC_ARM/mbed-os/features/mbedtls/src/pkcs11.o
LOAD ./BUILD/NUCLEO_F401RE/GCC_ARM/mbed-os/features/mbedtls/src/pkcs12.o
LOAD ./BUILD/NUCLEO_F401RE/GCC_ARM/mbed-os/features/mbedtls/src/pkcs5.o
LOAD ./BUILD/NUCLEO_F401RE/GCC_ARM/mbed-os/features/mbedtls/src/pkparse.o
LOAD ./BUILD/NUCLEO_F401RE/GCC_ARM/mbed-os/features/mbedtls/src/pkwrite.o
LOAD ./BUILD/NUCLEO_F401RE/GCC_ARM/mbed-os/features/mbedtls/src/platform.o
LOAD ./BUILD/NUCLEO_F401RE/GCC_ARM/mbed-os/features/mbedtls/src/ripemd160.o
LOAD ./BUILD/NUCLEO_F401RE/GCC_ARM/mbed-os/features/mbedtls/src/rsa.o
LOAD ./BUILD/NUCLEO_F401RE/GCC_ARM/mbed-os/features/mbedtls/src/sha1.o
LOAD ./BUILD/NUCLEO_F401RE/GCC_ARM/mbed-os/features/mbedtls/src/sha256.o
LOAD ./BUILD/NUCLEO_F401RE/GCC_ARM/mbed-os/features/mbedtls/src/sha512.o
LOAD ./BUILD/NUCLEO_F401RE/GCC_ARM/mbed-os/features/mbedtls/src/ssl_cache.o
LOAD ./BUILD/NUCLEO_F401RE/GCC_ARM/mbed-os/features/mbedtls/src/ssl_ciphersuites.o
LOAD ./BUILD/NUCLEO_F401RE/GCC_ARM/mbed-os/features/mbedtls/src/ssl_cli.o
LOAD ./BUILD/NUCLEO_F401RE/GCC_ARM/mbed-os/features/mbedtls/src/ssl_cookie.o
LOAD ./BUILD/NUCLEO_F401RE/GCC_ARM/mbed-os/features/mbedtls/src/ssl_srv.o
LOAD ./BUILD/NUCLEO_F401RE/GCC_ARM/mbed-os/features/mbedtls/src/ssl_ticket.o
LOAD ./BUILD/NUCLEO_F401RE/GCC_ARM/mbed-os/features/mbedtls/src/ssl_tls.o
LOAD ./BUILD/NUCLEO_F401RE/GCC_ARM/mbed-os/features/mbedtls/src/threading.o
LOAD ./BUILD/NUCLEO_F401RE/GCC_ARM/mbed-os/features/mbedtls/src/timing.o
LOAD ./BUILD/NUCLEO_F401RE/GCC_ARM/mbed-os/features/mbedtls/src/version.o
LOAD ./BUILD/NUCLEO_F401RE/GCC_ARM/mbed-os/features/mbedtls/src/version_features.o
LOAD ./BUILD/NUCLEO_F401RE/GCC_ARM/mbed-os/features/mbedtls/src/x509.o
LOAD ./BUILD/NUCLEO_F401RE/GCC_ARM/mbed-os/features/mbedtls/src/x509_create.o
LOAD ./BUILD/NUCLEO_F401RE/GCC_ARM/mbed-os/features/mbedtls/src/x509_crl.o
LOAD ./BUILD/NUCLEO_F401RE/GCC_ARM/mbed-os/features/mbedtls/src/x509_crt.o
LOAD ./BUILD/NUCLEO_F401RE/GCC_ARM/mbed-os/features/mbedtls/src/x509_csr.o
LOAD ./BUILD/NUCLEO_F401RE/GCC_ARM/mbed-os/features/mbedtls/src/x509write_crt.o
LOAD ./BUILD/NUCLEO_F401RE/GCC_ARM/mbed-os/features/mbedtls/src/x509write_csr.o
LOAD ./BUILD/NUCLEO_F401RE/GCC_ARM/mbed-os/features/mbedtls/src/xtea.o
LOAD ./BUILD/NUCLEO_F401RE/GCC_ARM/mbed-os/features/mbedtls/targets/TARGET_STM/aes_alt.o
LOAD ./BUILD/NUCLEO_F401RE/GCC_ARM/mbed-os/features/netsocket/NetworkInterface.o
LOAD ./BUILD/NUCLEO_F401RE/GCC_ARM/mbed-os/features/netsocket/NetworkStack.o
LOAD ./BUILD/NUCLEO_F401RE/GCC_ARM/mbed-os/features/netsocket/Socket.o
LOAD ./BUILD/NUCLEO_F401RE/GCC_ARM/mbed-os/features/netsocket/SocketAddress.o
LOAD ./BUILD/NUCLEO_F401RE/GCC_ARM/mbed-os/features/netsocket/TCPServer.o
LOAD ./BUILD/NUCLEO_F401RE/GCC_ARM/mbed-os/features/netsocket/TCPSocket.o
LOAD ./BUILD/NUCLEO_F401RE/GCC_ARM/mbed-os/features/netsocket/UDPSocket.o
LOAD ./BUILD/NUCLEO_F401RE/GCC_ARM/mbed-os/features/netsocket/WiFiAccessPoint.o
LOAD ./BUILD/NUCLEO_F401RE/GCC_ARM/mbed-os/features/netsocket/nsapi_dns.o
LOAD ./BUILD/NUCLEO_F401RE/GCC_ARM/mbed-os/hal/mbed_gpio.o
LOAD ./BUILD/NUCLEO_F401RE/GCC_ARM/mbed-os/hal/mbed_lp_ticker_api.o
LOAD ./BUILD/NUCLEO_F401RE/GCC_ARM/mbed-os/hal/mbed_pinmap_common.o
LOAD ./BUILD/NUCLEO_F401RE/GCC_ARM/mbed-os/hal/mbed_ticker_api.o
LOAD ./BUILD/NUCLEO_F401RE/GCC_ARM/mbed-os/hal/mbed_us_ticker_api.o
LOAD ./BUILD/NUCLEO_F401RE/GCC_ARM/mbed-os/platform/CallChain.o
LOAD ./BUILD/NUCLEO_F401RE/GCC_ARM/mbed-os/platform/mbed_alloc_wrappers.o
LOAD ./BUILD/NUCLEO_F401RE/GCC_ARM/mbed-os/platform/mbed_application.o
LOAD ./BUILD/NUCLEO_F401RE/GCC_ARM/mbed-os/platform/mbed_assert.o
LOAD ./BUILD/NUCLEO_F401RE/GCC_ARM/mbed-os/platform/mbed_board.o
LOAD ./BUILD/NUCLEO_F401RE/GCC_ARM/mbed-os/platform/mbed_critical.o
LOAD ./BUILD/NUCLEO_F401RE/GCC_ARM/mbed-os/platform/mbed_error.o
LOAD ./BUILD/NUCLEO_F401RE/GCC_ARM/mbed-os/platform/mbed_interface.o
LOAD ./BUILD/NUCLEO_F401RE/GCC_ARM/mbed-os/platform/mbed_mem_trace.o
LOAD ./BUILD/NUCLEO_F401RE/GCC_ARM/mbed-os/platform/mbed_retarget.o
LOAD ./BUILD/NUCLEO_F401RE/GCC_ARM/mbed-os/platform/mbed_rtc_time.o
LOAD ./BUILD/NUCLEO_F401RE/GCC_ARM/mbed-os/platform/mbed_semihost_api.o
LOAD ./BUILD/NUCLEO_F401RE/GCC_ARM/mbed-os/platform/mbed_stats.o
LOAD ./BUILD/NUCLEO_F401RE/GCC_ARM/mbed-os/platform/mbed_wait_api_no_rtos.o
LOAD ./BUILD/NUCLEO_F401RE/GCC_ARM/mbed-os/platform/mbed_wait_api_rtos.o
LOAD ./BUILD/NUCLEO_F401RE/GCC_ARM/mbed-os/rtos/Mutex.o
LOAD ./BUILD/NUCLEO_F401RE/GCC_ARM/mbed-os/rtos/RtosTimer.o
LOAD ./BUILD/NUCLEO_F401RE/GCC_ARM/mbed-os/rtos/Semaphore.o
LOAD ./BUILD/NUCLEO_F401RE/GCC_ARM/mbed-os/rtos/Thread.o
LOAD ./BUILD/NUCLEO_F401RE/GCC_ARM/mbed-os/rtos/rtos_idle.o
LOAD ./BUILD/NUCLEO_F401RE/GCC_ARM/mbed-os/rtos/rtx/TARGET_CORTEX_M/HAL_CM.o
LOAD ./BUILD/NUCLEO_F401RE/GCC_ARM/mbed-os/rtos/rtx/TARGET_CORTEX_M/RTX_Conf_CM.o
LOAD ./BUILD/NUCLEO_F401RE/GCC_ARM/mbed-os/rtos/rtx/TARGET_CORTEX_M/TARGET_RTOS_M4_M7/TOOLCHAIN_GCC/HAL_CM4.o
LOAD ./BUILD/NUCLEO_F401RE/GCC_ARM/mbed-os/rtos/rtx/TARGET_CORTEX_M/TARGET_RTOS_M4_M7/TOOLCHAIN_GCC/SVC_Table.o
LOAD ./BUILD/NUCLEO_F401RE/GCC_ARM/mbed-os/rtos/rtx/TARGET_CORTEX_M/rt_CMSIS.o
LOAD ./BUILD/NUCLEO_F401RE/GCC_ARM/mbed-os/rtos/rtx/TARGET_CORTEX_M/rt_Event.o
LOAD ./BUILD/NUCLEO_F401RE/GCC_ARM/mbed-os/rtos/rtx/TARGET_CORTEX_M/rt_List.o
LOAD ./BUILD/NUCLEO_F401RE/GCC_ARM/mbed-os/rtos/rtx/TARGET_CORTEX_M/rt_Mailbox.o
LOAD ./BUILD/NUCLEO_F401RE/GCC_ARM/mbed-os/rtos/rtx/TARGET_CORTEX_M/rt_MemBox.o
LOAD ./BUILD/NUCLEO_F401RE/GCC_ARM/mbed-os/rtos/rtx/TARGET_CORTEX_M/rt_Memory.o
LOAD ./BUILD/NUCLEO_F401RE/GCC_ARM/mbed-os/rtos/rtx/TARGET_CORTEX_M/rt_Mutex.o
LOAD ./BUILD/NUCLEO_F401RE/GCC_ARM/mbed-os/rtos/rtx/TARGET_CORTEX_M/rt_OsEventObserver.o
LOAD ./BUILD/NUCLEO_F401RE/GCC_ARM/mbed-os/rtos/rtx/TARGET_CORTEX_M/rt_Robin.o
LOAD ./BUILD/NUCLEO_F401RE/GCC_ARM/mbed-os/rtos/rtx/TARGET_CORTEX_M/rt_Semaphore.o
LOAD ./BUILD/NUCLEO_F401RE/GCC_ARM/mbed-os/rtos/rtx/TARGET_CORTEX_M/rt_System.o
LOAD ./BUILD/NUCLEO_F401RE/GCC_ARM/mbed-os/rtos/rtx/TARGET_CORTEX_M/rt_Task.o
LOAD ./BUILD/NUCLEO_F401RE/GCC_ARM/mbed-os/rtos/rtx/TARGET_CORTEX_M/rt_Time.o
LOAD ./BUILD/NUCLEO_F401RE/GCC_ARM/mbed-os/rtos/rtx/TARGET_CORTEX_M/rt_Timer.o
LOAD ./BUILD/NUCLEO_F401RE/GCC_ARM/mbed-os/targets/TARGET_STM/TARGET_STM32F4/TARGET_STM32F401xE/TARGET_NUCLEO_F401RE/PeripheralPins.o
LOAD ./BUILD/NUCLEO_F401RE/GCC_ARM/mbed-os/targets/TARGET_STM/TARGET_STM32F4/TARGET_STM32F401xE/TARGET_NUCLEO_F401RE/system_stm32f4xx.o
LOAD ./BUILD/NUCLEO_F401RE/GCC_ARM/mbed-os/targets/TARGET_STM/TARGET_STM32F4/TARGET_STM32F401xE/device/TOOLCHAIN_GCC_ARM/startup_stm32f401xe.o
LOAD ./BUILD/NUCLEO_F401RE/GCC_ARM/mbed-os/targets/TARGET_STM/TARGET_STM32F4/TARGET_STM32F401xE/device/cmsis_nvic.o
LOAD ./BUILD/NUCLEO_F401RE/GCC_ARM/mbed-os/targets/TARGET_STM/TARGET_STM32F4/analogin_api.o
LOAD ./BUILD/NUCLEO_F401RE/GCC_ARM/mbed-os/targets/TARGET_STM/TARGET_STM32F4/analogout_api.o
LOAD ./BUILD/NUCLEO_F401RE/GCC_ARM/mbed-os/targets/TARGET_STM/TARGET_STM32F4/device/hal_init_pre.o
LOAD ./BUILD/NUCLEO_F401RE/GCC_ARM/mbed-os/targets/TARGET_STM/TARGET_STM32F4/device/stm32f4xx_hal.o
LOAD ./BUILD/NUCLEO_F401RE/GCC_ARM/mbed-os/targets/TARGET_STM/TARGET_STM32F4/device/stm32f4xx_hal_adc.o
LOAD ./BUILD/NUCLEO_F401RE/GCC_ARM/mbed-os/targets/TARGET_STM/TARGET_STM32F4/device/stm32f4xx_hal_adc_ex.o
LOAD ./BUILD/NUCLEO_F401RE/GCC_ARM/mbed-os/targets/TARGET_STM/TARGET_STM32F4/device/stm32f4xx_hal_can.o
LOAD ./BUILD/NUCLEO_F401RE/GCC_ARM/mbed-os/targets/TARGET_STM/TARGET_STM32F4/device/stm32f4xx_hal_cec.o
LOAD ./BUILD/NUCLEO_F401RE/GCC_ARM/mbed-os/targets/TARGET_STM/TARGET_STM32F4/device/stm32f4xx_hal_cortex.o
LOAD ./BUILD/NUCLEO_F401RE/GCC_ARM/mbed-os/targets/TARGET_STM/TARGET_STM32F4/device/stm32f4xx_hal_crc.o
LOAD ./BUILD/NUCLEO_F401RE/GCC_ARM/mbed-os/targets/TARGET_STM/TARGET_STM32F4/device/stm32f4xx_hal_cryp.o
LOAD ./BUILD/NUCLEO_F401RE/GCC_ARM/mbed-os/targets/TARGET_STM/TARGET_STM32F4/device/stm32f4xx_hal_cryp_ex.o
LOAD ./BUILD/NUCLEO_F401RE/GCC_ARM/mbed-os/targets/TARGET_STM/TARGET_STM32F4/device/stm32f4xx_hal_dac.o
LOAD ./BUILD/NUCLEO_F401RE/GCC_ARM/mbed-os/targets/TARGET_STM/TARGET_STM32F4/device/stm32f4xx_hal_dac_ex.o
LOAD ./BUILD/NUCLEO_F401RE/GCC_ARM/mbed-os/targets/TARGET_STM/TARGET_STM32F4/device/stm32f4xx_hal_dcmi.o
LOAD ./BUILD/NUCLEO_F401RE/GCC_ARM/mbed-os/targets/TARGET_STM/TARGET_STM32F4/device/stm32f4xx_hal_dcmi_ex.o
LOAD ./BUILD/NUCLEO_F401RE/GCC_ARM/mbed-os/targets/TARGET_STM/TARGET_STM32F4/device/stm32f4xx_hal_dfsdm.o
LOAD ./BUILD/NUCLEO_F401RE/GCC_ARM/mbed-os/targets/TARGET_STM/TARGET_STM32F4/device/stm32f4xx_hal_dma.o
LOAD ./BUILD/NUCLEO_F401RE/GCC_ARM/mbed-os/targets/TARGET_STM/TARGET_STM32F4/device/stm32f4xx_hal_dma2d.o
LOAD ./BUILD/NUCLEO_F401RE/GCC_ARM/mbed-os/targets/TARGET_STM/TARGET_STM32F4/device/stm32f4xx_hal_dma_ex.o
LOAD ./BUILD/NUCLEO_F401RE/GCC_ARM/mbed-os/targets/TARGET_STM/TARGET_STM32F4/device/stm32f4xx_hal_dsi.o
LOAD ./BUILD/NUCLEO_F401RE/GCC_ARM/mbed-os/targets/TARGET_STM/TARGET_STM32F4/device/stm32f4xx_hal_eth.o
LOAD ./BUILD/NUCLEO_F401RE/GCC_ARM/mbed-os/targets/TARGET_STM/TARGET_STM32F4/device/stm32f4xx_hal_flash.o
LOAD ./BUILD/NUCLEO_F401RE/GCC_ARM/mbed-os/targets/TARGET_STM/TARGET_STM32F4/device/stm32f4xx_hal_flash_ex.o
LOAD ./BUILD/NUCLEO_F401RE/GCC_ARM/mbed-os/targets/TARGET_STM/TARGET_STM32F4/device/stm32f4xx_hal_flash_ramfunc.o
LOAD ./BUILD/NUCLEO_F401RE/GCC_ARM/mbed-os/targets/TARGET_STM/TARGET_STM32F4/device/stm32f4xx_hal_fmpi2c.o
LOAD ./BUILD/NUCLEO_F401RE/GCC_ARM/mbed-os/targets/TARGET_STM/TARGET_STM32F4/device/stm32f4xx_hal_fmpi2c_ex.o
LOAD ./BUILD/NUCLEO_F401RE/GCC_ARM/mbed-os/targets/TARGET_STM/TARGET_STM32F4/device/stm32f4xx_hal_gpio.o
LOAD ./BUILD/NUCLEO_F401RE/GCC_ARM/mbed-os/targets/TARGET_STM/TARGET_STM32F4/device/stm32f4xx_hal_hash.o
LOAD ./BUILD/NUCLEO_F401RE/GCC_ARM/mbed-os/targets/TARGET_STM/TARGET_STM32F4/device/stm32f4xx_hal_hash_ex.o
LOAD ./BUILD/NUCLEO_F401RE/GCC_ARM/mbed-os/targets/TARGET_STM/TARGET_STM32F4/device/stm32f4xx_hal_hcd.o
LOAD ./BUILD/NUCLEO_F401RE/GCC_ARM/mbed-os/targets/TARGET_STM/TARGET_STM32F4/device/stm32f4xx_hal_i2c.o
LOAD ./BUILD/NUCLEO_F401RE/GCC_ARM/mbed-os/targets/TARGET_STM/TARGET_STM32F4/device/stm32f4xx_hal_i2c_ex.o
LOAD ./BUILD/NUCLEO_F401RE/GCC_ARM/mbed-os/targets/TARGET_STM/TARGET_STM32F4/device/stm32f4xx_hal_i2s.o
LOAD ./BUILD/NUCLEO_F401RE/GCC_ARM/mbed-os/targets/TARGET_STM/TARGET_STM32F4/device/stm32f4xx_hal_i2s_ex.o
LOAD ./BUILD/NUCLEO_F401RE/GCC_ARM/mbed-os/targets/TARGET_STM/TARGET_STM32F4/device/stm32f4xx_hal_irda.o
LOAD ./BUILD/NUCLEO_F401RE/GCC_ARM/mbed-os/targets/TARGET_STM/TARGET_STM32F4/device/stm32f4xx_hal_iwdg.o
LOAD ./BUILD/NUCLEO_F401RE/GCC_ARM/mbed-os/targets/TARGET_STM/TARGET_STM32F4/device/stm32f4xx_hal_lptim.o
LOAD ./BUILD/NUCLEO_F401RE/GCC_ARM/mbed-os/targets/TARGET_STM/TARGET_STM32F4/device/stm32f4xx_hal_ltdc.o
LOAD ./BUILD/NUCLEO_F401RE/GCC_ARM/mbed-os/targets/TARGET_STM/TARGET_STM32F4/device/stm32f4xx_hal_ltdc_ex.o
LOAD ./BUILD/NUCLEO_F401RE/GCC_ARM/mbed-os/targets/TARGET_STM/TARGET_STM32F4/device/stm32f4xx_hal_msp_template.o
LOAD ./BUILD/NUCLEO_F401RE/GCC_ARM/mbed-os/targets/TARGET_STM/TARGET_STM32F4/device/stm32f4xx_hal_nand.o
LOAD ./BUILD/NUCLEO_F401RE/GCC_ARM/mbed-os/targets/TARGET_STM/TARGET_STM32F4/device/stm32f4xx_hal_nor.o
LOAD ./BUILD/NUCLEO_F401RE/GCC_ARM/mbed-os/targets/TARGET_STM/TARGET_STM32F4/device/stm32f4xx_hal_pccard.o
LOAD ./BUILD/NUCLEO_F401RE/GCC_ARM/mbed-os/targets/TARGET_STM/TARGET_STM32F4/device/stm32f4xx_hal_pcd.o
LOAD ./BUILD/NUCLEO_F401RE/GCC_ARM/mbed-os/targets/TARGET_STM/TARGET_STM32F4/device/stm32f4xx_hal_pcd_ex.o
LOAD ./BUILD/NUCLEO_F401RE/GCC_ARM/mbed-os/targets/TARGET_STM/TARGET_STM32F4/device/stm32f4xx_hal_pwr.o
LOAD ./BUILD/NUCLEO_F401RE/GCC_ARM/mbed-os/targets/TARGET_STM/TARGET_STM32F4/device/stm32f4xx_hal_pwr_ex.o
LOAD ./BUILD/NUCLEO_F401RE/GCC_ARM/mbed-os/targets/TARGET_STM/TARGET_STM32F4/device/stm32f4xx_hal_qspi.o
LOAD ./BUILD/NUCLEO_F401RE/GCC_ARM/mbed-os/targets/TARGET_STM/TARGET_STM32F4/device/stm32f4xx_hal_rcc.o
LOAD ./BUILD/NUCLEO_F401RE/GCC_ARM/mbed-os/targets/TARGET_STM/TARGET_STM32F4/device/stm32f4xx_hal_rcc_ex.o
LOAD ./BUILD/NUCLEO_F401RE/GCC_ARM/mbed-os/targets/TARGET_STM/TARGET_STM32F4/device/stm32f4xx_hal_rng.o
LOAD ./BUILD/NUCLEO_F401RE/GCC_ARM/mbed-os/targets/TARGET_STM/TARGET_STM32F4/device/stm32f4xx_hal_rtc.o
LOAD ./BUILD/NUCLEO_F401RE/GCC_ARM/mbed-os/targets/TARGET_STM/TARGET_STM32F4/device/stm32f4xx_hal_rtc_ex.o
LOAD ./BUILD/NUCLEO_F401RE/GCC_ARM/mbed-os/targets/TARGET_STM/TARGET_STM32F4/device/stm32f4xx_hal_sai.o
LOAD ./BUILD/NUCLEO_F401RE/GCC_ARM/mbed-os/targets/TARGET_STM/TARGET_STM32F4/device/stm32f4xx_hal_sai_ex.o
LOAD ./BUILD/NUCLEO_F401RE/GCC_ARM/mbed-os/targets/TARGET_STM/TARGET_STM32F4/device/stm32f4xx_hal_sd.o
LOAD ./BUILD/NUCLEO_F401RE/GCC_ARM/mbed-os/targets/TARGET_STM/TARGET_STM32F4/device/stm32f4xx_hal_sdram.o
LOAD ./BUILD/NUCLEO_F401RE/GCC_ARM/mbed-os/targets/TARGET_STM/TARGET_STM32F4/device/stm32f4xx_hal_smartcard.o
LOAD ./BUILD/NUCLEO_F401RE/GCC_ARM/mbed-os/targets/TARGET_STM/TARGET_STM32F4/device/stm32f4xx_hal_spdifrx.o
LOAD ./BUILD/NUCLEO_F401RE/GCC_ARM/mbed-os/targets/TARGET_STM/TARGET_STM32F4/device/stm32f4xx_hal_spi.o
LOAD ./BUILD/NUCLEO_F401RE/GCC_ARM/mbed-os/targets/TARGET_STM/TARGET_STM32F4/device/stm32f4xx_hal_sram.o
LOAD ./BUILD/NUCLEO_F401RE/GCC_ARM/mbed-os/targets/TARGET_STM/TARGET_STM32F4/device/stm32f4xx_hal_tim.o
LOAD ./BUILD/NUCLEO_F401RE/GCC_ARM/mbed-os/targets/TARGET_STM/TARGET_STM32F4/device/stm32f4xx_hal_tim_ex.o
LOAD ./BUILD/NUCLEO_F401RE/GCC_ARM/mbed-os/targets/TARGET_STM/TARGET_STM32F4/device/stm32f4xx_hal_uart.o
LOAD ./BUILD/NUCLEO_F401RE/GCC_ARM/mbed-os/targets/TARGET_STM/TARGET_STM32F4/device/stm32f4xx_hal_usart.o
LOAD ./BUILD/NUCLEO_F401RE/GCC_ARM/mbed-os/targets/TARGET_STM/TARGET_STM32F4/device/stm32f4xx_hal_wwdg.o
LOAD ./BUILD/NUCLEO_F401RE/GCC_ARM/mbed-os/targets/TARGET_STM/TARGET_STM32F4/device/stm32f4xx_ll_fmc.o
LOAD ./BUILD/NUCLEO_F401RE/GCC_ARM/mbed-os/targets/TARGET_STM/TARGET_STM32F4/device/stm32f4xx_ll_fsmc.o
LOAD ./BUILD/NUCLEO_F401RE/GCC_ARM/mbed-os/targets/TARGET_STM/TARGET_STM32F4/device/stm32f4xx_ll_sdmmc.o
LOAD ./BUILD/NUCLEO_F401RE/GCC_ARM/mbed-os/targets/TARGET_STM/TARGET_STM32F4/device/stm32f4xx_ll_usb.o
LOAD ./BUILD/NUCLEO_F401RE/GCC_ARM/mbed-os/targets/TARGET_STM/TARGET_STM32F4/gpio_irq_device.o
LOAD ./BUILD/NUCLEO_F401RE/GCC_ARM/mbed-os/targets/TARGET_STM/TARGET_STM32F4/mbed_overrides.o
LOAD ./BUILD/NUCLEO_F401RE/GCC_ARM/mbed-os/targets/TARGET_STM/TARGET_STM32F4/pwmout_device.o
LOAD ./BUILD/NUCLEO_F401RE/GCC_ARM/mbed-os/targets/TARGET_STM/TARGET_STM32F4/serial_api.o
LOAD ./BUILD/NUCLEO_F401RE/GCC_ARM/mbed-os/targets/TARGET_STM/TARGET_STM32F4/spi_api.o
LOAD ./BUILD/NUCLEO_F401RE/GCC_ARM/mbed-os/targets/TARGET_STM/can_api.o
LOAD ./BUILD/NUCLEO_F401RE/GCC_ARM/mbed-os/targets/TARGET_STM/gpio_api.o
LOAD ./BUILD/NUCLEO_F401RE/GCC_ARM/mbed-os/targets/TARGET_STM/gpio_irq_api.o
LOAD ./BUILD/NUCLEO_F401RE/GCC_ARM/mbed-os/targets/TARGET_STM/hal_tick_16b.o
LOAD ./BUILD/NUCLEO_F401RE/GCC_ARM/mbed-os/targets/TARGET_STM/hal_tick_32b.o
LOAD ./BUILD/NUCLEO_F401RE/GCC_ARM/mbed-os/targets/TARGET_STM/i2c_api.o
LOAD ./BUILD/NUCLEO_F401RE/GCC_ARM/mbed-os/targets/TARGET_STM/lp_ticker.o
LOAD ./BUILD/NUCLEO_F401RE/GCC_ARM/mbed-os/targets/TARGET_STM/pinmap.o
LOAD ./BUILD/NUCLEO_F401RE/GCC_ARM/mbed-os/targets/TARGET_STM/port_api.o
LOAD ./BUILD/NUCLEO_F401RE/GCC_ARM/mbed-os/targets/TARGET_STM/pwmout_api.o
LOAD ./BUILD/NUCLEO_F401RE/GCC_ARM/mbed-os/targets/TARGET_STM/rtc_api.o
LOAD ./BUILD/NUCLEO_F401RE/GCC_ARM/mbed-os/targets/TARGET_STM/sleep.o
LOAD ./BUILD/NUCLEO_F401RE/GCC_ARM/mbed-os/targets/TARGET_STM/stm_spi_api.o
LOAD ./BUILD/NUCLEO_F401RE/GCC_ARM/mbed-os/targets/TARGET_STM/trng_api.o
LOAD ./BUILD/NUCLEO_F401RE/GCC_ARM/mbed-os/targets/TARGET_STM/us_ticker_16b.o
LOAD ./BUILD/NUCLEO_F401RE/GCC_ARM/mbed-os/targets/TARGET_STM/us_ticker_32b.o
LOAD ./BUILD/NUCLEO_F401RE/GCC_ARM/src/data.o
LOAD ./BUILD/NUCLEO_F401RE/GCC_ARM/src/main.o
LOAD ./BUILD/NUCLEO_F401RE/GCC_ARM/src/sensor.o
LOAD ./BUILD/NUCLEO_F401RE/GCC_ARM/src/shell.o
START GROUP
LOAD /usr/lib/gcc/arm-none-eabi/6.3.1/../../../../arm-none-eabi/lib/armv7e-m/softfp/libstdc++.a
LOAD /usr/lib/gcc/arm-none-eabi/6.3.1/../../../../arm-none-eabi/lib/armv7e-m/softfp/libsupc++.a
LOAD /usr/lib/gcc/arm-none-eabi/6.3.1/../../../../arm-none-eabi/lib/armv7e-m/softfp/libm.a
LOAD /usr/lib/gcc/arm-none-eabi/6.3.1/../../../../arm-none-eabi/lib/armv7e-m/softfp/libc.a
LOAD /usr/lib/gcc/arm-none-eabi/6.3.1/armv7e-m/softfp/libgcc.a
LOAD /usr/lib/gcc/arm-none-eabi/6.3.1/../../../../arm-none-eabi/lib/armv7e-m/softfp/libnosys.a
END GROUP
LOAD /usr/lib/gcc/arm-none-eabi/6.3.1/../../../../arm-none-eabi/lib/armv7e-m/softfp/libstdc++.a
LOAD /usr/lib/gcc/arm-none-eabi/6.3.1/../../../../arm-none-eabi/lib/armv7e-m/softfp/libsupc++.a
LOAD /usr/lib/gcc/arm-none-eabi/6.3.1/../../../../arm-none-eabi/lib/armv7e-m/softfp/libm.a
LOAD /usr/lib/gcc/arm-none-eabi/6.3.1/../../../../arm-none-eabi/lib/armv7e-m/softfp/libc.a
LOAD /usr/lib/gcc/arm-none-eabi/6.3.1/armv7e-m/softfp/libgcc.a
LOAD /usr/lib/gcc/arm-none-eabi/6.3.1/../../../../arm-none-eabi/lib/armv7e-m/softfp/libnosys.a
START GROUP
LOAD /usr/lib/gcc/arm-none-eabi/6.3.1/armv7e-m/softfp/libgcc.a
LOAD /usr/lib/gcc/arm-none-eabi/6.3.1/../../../../arm-none-eabi/lib/armv7e-m/softfp/libc.a
END GROUP
LOAD /usr/lib/gcc/arm-none-eabi/6.3.1/armv7e-m/softfp/crtend.o
LOAD /usr/lib/gcc/arm-none-eabi/6.3.1/armv7e-m/softfp/crtn.o

.text           0x0000000008000000     0xdef4
 *(.isr_vector)
 .isr_vector    0x0000000008000000      0x194 ./BUILD/NUCLEO_F401RE/GCC_ARM/mbed-os/targets/TARGET_STM/TARGET_STM32F4/TARGET_STM32F401xE/device/TOOLCHAIN_GCC_ARM/startup_stm32f401xe.o
                0x0000000008000000                g_pfnVectors
 *(.text*)
 .text.__do_global_dtors_aux
                0x0000000008000194       0x24 /usr/lib/gcc/arm-none-eabi/6.3.1/armv7e-m/softfp/crtbegin.o
 .text.frame_dummy
                0x00000000080001b8       0x34 /usr/lib/gcc/arm-none-eabi/6.3.1/armv7e-m/softfp/crtbegin.o
 .text          0x00000000080001ec       0x68 /usr/lib/gcc/arm-none-eabi/6.3.1/../../../../arm-none-eabi/lib/armv7e-m/softfp/crt0.o
                0x00000000080001ec                _mainCRTStartup
                0x00000000080001ec                _start
 .text._ZN4mbed8FileBase11getPathTypeEv
                0x0000000008000254        0x4 ./BUILD/NUCLEO_F401RE/GCC_ARM/mbed-os/drivers/FileBase.o
                0x0000000008000254                mbed::FileBase::getPathType()
 .text._ZN12SingletonPtrIN4rtos5MutexEE3getEv
                0x0000000008000258       0x4c ./BUILD/NUCLEO_F401RE/GCC_ARM/mbed-os/drivers/FileBase.o
                0x0000000008000258                SingletonPtr<rtos::Mutex>::get()
 .text._ZN4mbed8FileBaseC2EPKcNS_8PathTypeE
                0x00000000080002a4       0x48 ./BUILD/NUCLEO_F401RE/GCC_ARM/mbed-os/drivers/FileBase.o
                0x00000000080002a4                mbed::FileBase::FileBase(char const*, mbed::PathType)
                0x00000000080002a4                mbed::FileBase::FileBase(char const*, mbed::PathType)
 .text._ZN4mbed8FileBaseD2Ev
                0x00000000080002ec       0x58 ./BUILD/NUCLEO_F401RE/GCC_ARM/mbed-os/drivers/FileBase.o
                0x00000000080002ec                mbed::FileBase::~FileBase()
                0x00000000080002ec                mbed::FileBase::~FileBase()
 .text._ZN4mbed8FileBaseD0Ev
                0x0000000008000344       0x12 ./BUILD/NUCLEO_F401RE/GCC_ARM/mbed-os/drivers/FileBase.o
                0x0000000008000344                mbed::FileBase::~FileBase()
 *fill*         0x0000000008000356        0x2 
 .text._ZN4mbed8FileBase6lookupEPKcj
                0x0000000008000358       0x4c ./BUILD/NUCLEO_F401RE/GCC_ARM/mbed-os/drivers/FileBase.o
                0x0000000008000358                mbed::FileBase::lookup(char const*, unsigned int)
 .text._ZN4mbed8FilePathC2EPKc
                0x00000000080003a4       0x3c ./BUILD/NUCLEO_F401RE/GCC_ARM/mbed-os/drivers/FilePath.o
                0x00000000080003a4                mbed::FilePath::FilePath(char const*)
                0x00000000080003a4                mbed::FilePath::FilePath(char const*)
 .text._ZN4mbed8FilePath8fileNameEv
                0x00000000080003e0        0x4 ./BUILD/NUCLEO_F401RE/GCC_ARM/mbed-os/drivers/FilePath.o
                0x00000000080003e0                mbed::FilePath::fileName()
 .text._ZN4mbed8FilePath12isFileSystemEv
                0x00000000080003e4       0x12 ./BUILD/NUCLEO_F401RE/GCC_ARM/mbed-os/drivers/FilePath.o
                0x00000000080003e4                mbed::FilePath::isFileSystem()
 .text._ZN4mbed8FilePath10fileSystemEv
                0x00000000080003f6        0xe ./BUILD/NUCLEO_F401RE/GCC_ARM/mbed-os/drivers/FilePath.o
                0x00000000080003f6                mbed::FilePath::fileSystem()
 .text._ZN4mbed8FilePath6isFileEv
                0x0000000008000404       0x12 ./BUILD/NUCLEO_F401RE/GCC_ARM/mbed-os/drivers/FilePath.o
                0x0000000008000404                mbed::FilePath::isFile()
 .text._ZN4mbed8FilePath4fileEv
                0x0000000008000416        0xe ./BUILD/NUCLEO_F401RE/GCC_ARM/mbed-os/drivers/FilePath.o
                0x0000000008000416                mbed::FilePath::file()
 .text._ZN4mbed8FilePath6existsEv
                0x0000000008000424        0xa ./BUILD/NUCLEO_F401RE/GCC_ARM/mbed-os/drivers/FilePath.o
                0x0000000008000424                mbed::FilePath::exists()
 .text._ZN4mbed8CallbackIFviEED2Ev
                0x000000000800042e       0x10 ./BUILD/NUCLEO_F401RE/GCC_ARM/mbed-os/drivers/I2C.o
                0x000000000800042e                mbed::Callback<void (int)>::~Callback()
                0x000000000800042e                mbed::Callback<void (int)>::~Callback()
 .text._ZN4mbed8CallbackIFvvEE13function_callIPS1_EEvPKv
                0x000000000800043e        0x4 ./BUILD/NUCLEO_F401RE/GCC_ARM/mbed-os/drivers/InterruptIn.o
                0x000000000800043e                void mbed::Callback<void ()>::function_call<void (*)()>(void const*)
 .text._ZN4mbed8CallbackIFvvEE13function_moveIPS1_EEvPvPKv
                0x0000000008000442        0x8 ./BUILD/NUCLEO_F401RE/GCC_ARM/mbed-os/drivers/InterruptIn.o
                0x0000000008000442                void mbed::Callback<void ()>::function_move<void (*)()>(void*, void const*)
 .text._ZN4mbed8CallbackIFvvEE13function_dtorIPS1_EEvPv
                0x000000000800044a        0x2 ./BUILD/NUCLEO_F401RE/GCC_ARM/mbed-os/drivers/InterruptIn.o
                0x000000000800044a                void mbed::Callback<void ()>::function_dtor<void (*)()>(void*)
 .text._ZN4mbed8CallbackIFvvEED2Ev
                0x000000000800044c       0x10 ./BUILD/NUCLEO_F401RE/GCC_ARM/mbed-os/drivers/InterruptIn.o
                0x000000000800044c                mbed::Callback<void ()>::~Callback()
                0x000000000800044c                mbed::Callback<void ()>::~Callback()
 .text._ZN4mbed8CallbackIFvvEEaSERKS2_
                0x000000000800045c       0x24 ./BUILD/NUCLEO_F401RE/GCC_ARM/mbed-os/drivers/InterruptIn.o
                0x000000000800045c                mbed::Callback<void ()>::operator=(mbed::Callback<void ()> const&)
 .text._ZN4mbed10SerialBaseD2Ev
                0x0000000008000480       0x40 ./BUILD/NUCLEO_F401RE/GCC_ARM/mbed-os/drivers/RawSerial.o
                0x0000000008000480                mbed::SerialBase::~SerialBase()
                0x0000000008000480                mbed::SerialBase::~SerialBase()
 .text._ZN4mbed10SerialBaseD0Ev
                0x00000000080004c0       0x12 ./BUILD/NUCLEO_F401RE/GCC_ARM/mbed-os/drivers/RawSerial.o
                0x00000000080004c0                mbed::SerialBase::~SerialBase()
 .text._ZN4mbed14CircularBufferINS_11TransactionINS_3SPIEEELm2EmED2Ev
                0x00000000080004d2       0x1e ./BUILD/NUCLEO_F401RE/GCC_ARM/mbed-os/drivers/SPI.o
                0x00000000080004d2                mbed::CircularBuffer<mbed::Transaction<mbed::SPI>, 2ul, unsigned long>::~CircularBuffer()
                0x00000000080004d2                mbed::CircularBuffer<mbed::Transaction<mbed::SPI>, 2ul, unsigned long>::~CircularBuffer()
 .text.startup._GLOBAL__sub_I__ZN4mbed3SPI19_transaction_bufferE
                0x00000000080004f0       0x48 ./BUILD/NUCLEO_F401RE/GCC_ARM/mbed-os/drivers/SPI.o
 .text._ZN4mbed8FileLike5lseekEli
                0x0000000008000538        0x6 ./BUILD/NUCLEO_F401RE/GCC_ARM/mbed-os/drivers/Serial.o
                0x0000000008000538                mbed::FileLike::lseek(long, int)
 .text._ZN4mbed8FileLike5fsyncEv
                0x000000000800053e        0x6 ./BUILD/NUCLEO_F401RE/GCC_ARM/mbed-os/drivers/Serial.o
                0x000000000800053e                mbed::FileLike::fsync()
 .text._ZN4mbed8FileLike4flenEv
                0x0000000008000544        0x6 ./BUILD/NUCLEO_F401RE/GCC_ARM/mbed-os/drivers/Serial.o
                0x0000000008000544                mbed::FileLike::flen()
 .text._ZN4mbed6Serial5_getcEv
                0x000000000800054a        0x4 ./BUILD/NUCLEO_F401RE/GCC_ARM/mbed-os/drivers/Serial.o
                0x000000000800054a                mbed::Serial::_getc()
 .text._ZThn188_N4mbed6Serial5_getcEv
                0x000000000800054e        0x8 ./BUILD/NUCLEO_F401RE/GCC_ARM/mbed-os/drivers/Serial.o
                0x000000000800054e                non-virtual thunk to mbed::Serial::_getc()
 .text._ZN4mbed6Serial5_putcEi
                0x0000000008000556        0x4 ./BUILD/NUCLEO_F401RE/GCC_ARM/mbed-os/drivers/Serial.o
                0x0000000008000556                mbed::Serial::_putc(int)
 .text._ZThn188_N4mbed6Serial5_putcEi
                0x000000000800055a        0x8 ./BUILD/NUCLEO_F401RE/GCC_ARM/mbed-os/drivers/Serial.o
                0x000000000800055a                non-virtual thunk to mbed::Serial::_putc(int)
 .text._ZN4mbed6Serial4lockEv
                0x0000000008000562        0xa ./BUILD/NUCLEO_F401RE/GCC_ARM/mbed-os/drivers/Serial.o
                0x0000000008000562                mbed::Serial::lock()
 .text._ZThn188_N4mbed6Serial4lockEv
                0x000000000800056c        0x8 ./BUILD/NUCLEO_F401RE/GCC_ARM/mbed-os/drivers/Serial.o
                0x000000000800056c                non-virtual thunk to mbed::Serial::lock()
 .text._ZN4mbed6Serial6unlockEv
                0x0000000008000574        0x6 ./BUILD/NUCLEO_F401RE/GCC_ARM/mbed-os/drivers/Serial.o
                0x0000000008000574                mbed::Serial::unlock()
 .text._ZThn188_N4mbed6Serial6unlockEv
                0x000000000800057a        0x8 ./BUILD/NUCLEO_F401RE/GCC_ARM/mbed-os/drivers/Serial.o
                0x000000000800057a                non-virtual thunk to mbed::Serial::unlock()
 *fill*         0x0000000008000582        0x2 
 .text._ZN4mbed6SerialC2E7PinNameS1_PKci
                0x0000000008000584       0x34 ./BUILD/NUCLEO_F401RE/GCC_ARM/mbed-os/drivers/Serial.o
                0x0000000008000584                mbed::Serial::Serial(PinName, PinName, char const*, int)
                0x0000000008000584                mbed::Serial::Serial(PinName, PinName, char const*, int)
 .text._ZN4mbed6SerialD2Ev
                0x00000000080005b8       0x38 ./BUILD/NUCLEO_F401RE/GCC_ARM/mbed-os/drivers/Serial.o
                0x00000000080005b8                mbed::Serial::~Serial()
                0x00000000080005b8                mbed::Serial::~Serial()
                0x00000000080005e8                non-virtual thunk to mbed::Serial::~Serial()
 .text._ZN4mbed6SerialD0Ev
                0x00000000080005f0       0x18 ./BUILD/NUCLEO_F401RE/GCC_ARM/mbed-os/drivers/Serial.o
                0x00000000080005f0                mbed::Serial::~Serial()
                0x0000000008000602                non-virtual thunk to mbed::Serial::~Serial()
 .text._ZN4mbedL9donothingEv
                0x0000000008000608        0x2 ./BUILD/NUCLEO_F401RE/GCC_ARM/mbed-os/drivers/SerialBase.o
 .text._ZN4mbed10SerialBase4lockEv
                0x000000000800060a        0x2 ./BUILD/NUCLEO_F401RE/GCC_ARM/mbed-os/drivers/SerialBase.o
                0x000000000800060a                mbed::SerialBase::lock()
 .text._ZN4mbed10SerialBase6unlockEv
                0x000000000800060c        0x2 ./BUILD/NUCLEO_F401RE/GCC_ARM/mbed-os/drivers/SerialBase.o
                0x000000000800060c                mbed::SerialBase::unlock()
 .text._ZN6CThunkIN4mbed10SerialBaseEE10trampolineEPS1_PvPMS1_FvS4_E
                0x000000000800060e       0x2c ./BUILD/NUCLEO_F401RE/GCC_ARM/mbed-os/drivers/SerialBase.o
                0x000000000800060e                CThunk<mbed::SerialBase>::trampoline(mbed::SerialBase*, void*, void (mbed::SerialBase::**)(void*))
 *fill*         0x000000000800063a        0x2 
 .text._ZN4mbed10SerialBase12_irq_handlerEm9SerialIrq
                0x000000000800063c       0x34 ./BUILD/NUCLEO_F401RE/GCC_ARM/mbed-os/drivers/SerialBase.o
                0x000000000800063c                mbed::SerialBase::_irq_handler(unsigned long, SerialIrq)
 .text._ZN4mbed10SerialBase10_base_getcEv
                0x0000000008000670        0x6 ./BUILD/NUCLEO_F401RE/GCC_ARM/mbed-os/drivers/SerialBase.o
                0x0000000008000670                mbed::SerialBase::_base_getc()
 .text._ZN4mbed10SerialBase10_base_putcEi
                0x0000000008000676        0xe ./BUILD/NUCLEO_F401RE/GCC_ARM/mbed-os/drivers/SerialBase.o
                0x0000000008000676                mbed::SerialBase::_base_putc(int)
 .text._ZN4mbed10SerialBaseC2E7PinNameS1_i
                0x0000000008000684       0xd0 ./BUILD/NUCLEO_F401RE/GCC_ARM/mbed-os/drivers/SerialBase.o
                0x0000000008000684                mbed::SerialBase::SerialBase(PinName, PinName, int)
                0x0000000008000684                mbed::SerialBase::SerialBase(PinName, PinName, int)
 .text._ZN4mbed8FileLike4lockEv
                0x0000000008000754        0x2 ./BUILD/NUCLEO_F401RE/GCC_ARM/mbed-os/drivers/Stream.o
                0x0000000008000754                mbed::FileLike::lock()
 .text._ZN4mbed8FileLike6unlockEv
                0x0000000008000756        0x2 ./BUILD/NUCLEO_F401RE/GCC_ARM/mbed-os/drivers/Stream.o
                0x0000000008000756                mbed::FileLike::unlock()
 .text._ZN4mbed6Stream5writeEPKvj
                0x0000000008000758       0x30 ./BUILD/NUCLEO_F401RE/GCC_ARM/mbed-os/drivers/Stream.o
                0x0000000008000758                mbed::Stream::write(void const*, unsigned int)
 .text._ZN4mbed6Stream4readEPvj
                0x0000000008000788       0x32 ./BUILD/NUCLEO_F401RE/GCC_ARM/mbed-os/drivers/Stream.o
                0x0000000008000788                mbed::Stream::read(void*, unsigned int)
 .text._ZN4mbed6Stream4seekEli
                0x00000000080007ba        0x4 ./BUILD/NUCLEO_F401RE/GCC_ARM/mbed-os/drivers/Stream.o
                0x00000000080007ba                mbed::Stream::seek(long, int)
 .text._ZN4mbed6Stream4tellEv
                0x00000000080007be        0x4 ./BUILD/NUCLEO_F401RE/GCC_ARM/mbed-os/drivers/Stream.o
                0x00000000080007be                mbed::Stream::tell()
 .text._ZN4mbed6Stream6rewindEv
                0x00000000080007c2        0x2 ./BUILD/NUCLEO_F401RE/GCC_ARM/mbed-os/drivers/Stream.o
                0x00000000080007c2                mbed::Stream::rewind()
 .text._ZN4mbed6Stream4syncEv
                0x00000000080007c4        0x4 ./BUILD/NUCLEO_F401RE/GCC_ARM/mbed-os/drivers/Stream.o
                0x00000000080007c4                mbed::Stream::close()
                0x00000000080007c4                mbed::Stream::isatty()
                0x00000000080007c4                mbed::Stream::sync()
 .text._ZN4mbed6Stream4sizeEv
                0x00000000080007c8        0x4 ./BUILD/NUCLEO_F401RE/GCC_ARM/mbed-os/drivers/Stream.o
                0x00000000080007c8                mbed::Stream::size()
 .text._ZN4mbed6StreamC2EPKc
                0x00000000080007cc       0x3c ./BUILD/NUCLEO_F401RE/GCC_ARM/mbed-os/drivers/Stream.o
                0x00000000080007cc                mbed::Stream::Stream(char const*)
                0x00000000080007cc                mbed::Stream::Stream(char const*)
 .text._ZN4mbed6StreamD2Ev
                0x0000000008000808       0x24 ./BUILD/NUCLEO_F401RE/GCC_ARM/mbed-os/drivers/Stream.o
                0x0000000008000808                mbed::Stream::~Stream()
                0x0000000008000808                mbed::Stream::~Stream()
 .text._ZN4mbed6Stream4putcEi
                0x000000000800082c       0x28 ./BUILD/NUCLEO_F401RE/GCC_ARM/mbed-os/drivers/Stream.o
                0x000000000800082c                mbed::Stream::putc(int)
 .text._ZN4mbed6Stream4getcEv
                0x0000000008000854       0x24 ./BUILD/NUCLEO_F401RE/GCC_ARM/mbed-os/drivers/Stream.o
                0x0000000008000854                mbed::Stream::getc()
 .text._ZN4mbed4File5closeEv
                0x0000000008000878       0x1c ./BUILD/NUCLEO_F401RE/GCC_ARM/mbed-os/features/filesystem/File.o
                0x0000000008000878                mbed::File::close()
 .text._ZN4mbed4File4readEPvj
                0x0000000008000894       0x34 ./BUILD/NUCLEO_F401RE/GCC_ARM/mbed-os/features/filesystem/File.o
                0x0000000008000894                mbed::File::read(void*, unsigned int)
 .text._ZN4mbed4File5writeEPKvj
                0x00000000080008c8       0x34 ./BUILD/NUCLEO_F401RE/GCC_ARM/mbed-os/features/filesystem/File.o
                0x00000000080008c8                mbed::File::write(void const*, unsigned int)
 .text._ZN4mbed4File4syncEv
                0x00000000080008fc       0x28 ./BUILD/NUCLEO_F401RE/GCC_ARM/mbed-os/features/filesystem/File.o
                0x00000000080008fc                mbed::File::sync()
 .text._ZN4mbed4File6isattyEv
                0x0000000008000924       0x28 ./BUILD/NUCLEO_F401RE/GCC_ARM/mbed-os/features/filesystem/File.o
                0x0000000008000924                mbed::File::isatty()
 .text._ZN4mbed4File4seekEli
                0x000000000800094c       0x34 ./BUILD/NUCLEO_F401RE/GCC_ARM/mbed-os/features/filesystem/File.o
                0x000000000800094c                mbed::File::seek(long, int)
 .text._ZN4mbed4File4tellEv
                0x0000000008000980       0x28 ./BUILD/NUCLEO_F401RE/GCC_ARM/mbed-os/features/filesystem/File.o
                0x0000000008000980                mbed::File::tell()
 .text._ZN4mbed4File6rewindEv
                0x00000000080009a8       0x28 ./BUILD/NUCLEO_F401RE/GCC_ARM/mbed-os/features/filesystem/File.o
                0x00000000080009a8                mbed::File::rewind()
 .text._ZN4mbed4File4sizeEv
                0x00000000080009d0       0x28 ./BUILD/NUCLEO_F401RE/GCC_ARM/mbed-os/features/filesystem/File.o
                0x00000000080009d0                mbed::File::size()
 .text._ZN4mbed4File4openEPNS_10FileSystemEPKci
                0x00000000080009f8       0x22 ./BUILD/NUCLEO_F401RE/GCC_ARM/mbed-os/features/filesystem/File.o
                0x00000000080009f8                mbed::File::open(mbed::FileSystem*, char const*, int)
 *fill*         0x0000000008000a1a        0x2 
 .text._ZN4mbed4FileD2Ev
                0x0000000008000a1c       0x28 ./BUILD/NUCLEO_F401RE/GCC_ARM/mbed-os/features/filesystem/File.o
                0x0000000008000a1c                mbed::File::~File()
                0x0000000008000a1c                mbed::File::~File()
 .text._ZN4mbed4FileD0Ev
                0x0000000008000a44       0x12 ./BUILD/NUCLEO_F401RE/GCC_ARM/mbed-os/features/filesystem/File.o
                0x0000000008000a44                mbed::File::~File()
 *fill*         0x0000000008000a56        0x2 
 .text._ZN4mbed4FileC2Ev
                0x0000000008000a58       0x20 ./BUILD/NUCLEO_F401RE/GCC_ARM/mbed-os/features/filesystem/File.o
                0x0000000008000a58                mbed::File::File()
                0x0000000008000a58                mbed::File::File()
 .text._ZN4mbed8CallbackIFvvEEC2ERKS2_
                0x0000000008000a78       0x16 ./BUILD/NUCLEO_F401RE/GCC_ARM/mbed-os/features/netsocket/Socket.o
                0x0000000008000a78                mbed::Callback<void ()>::Callback(mbed::Callback<void ()> const&)
                0x0000000008000a78                mbed::Callback<void ()>::Callback(mbed::Callback<void ()> const&)
 .text._gpio_init_out.part.2
                0x0000000008000a8e       0x28 ./BUILD/NUCLEO_F401RE/GCC_ARM/mbed-os/hal/mbed_gpio.o
 .text.gpio_init_out_ex
                0x0000000008000ab6       0x20 ./BUILD/NUCLEO_F401RE/GCC_ARM/mbed-os/hal/mbed_gpio.o
                0x0000000008000ab6                gpio_init_out_ex
 .text.gpio_init_out
                0x0000000008000ad6        0x6 ./BUILD/NUCLEO_F401RE/GCC_ARM/mbed-os/hal/mbed_gpio.o
                0x0000000008000ad6                gpio_init_out
 .text.pinmap_pinout
                0x0000000008000adc       0x3c ./BUILD/NUCLEO_F401RE/GCC_ARM/mbed-os/hal/mbed_pinmap_common.o
                0x0000000008000adc                pinmap_pinout
 .text.pinmap_merge
                0x0000000008000b18       0x24 ./BUILD/NUCLEO_F401RE/GCC_ARM/mbed-os/hal/mbed_pinmap_common.o
                0x0000000008000b18                pinmap_merge
 .text.pinmap_find_peripheral
                0x0000000008000b3c       0x18 ./BUILD/NUCLEO_F401RE/GCC_ARM/mbed-os/hal/mbed_pinmap_common.o
                0x0000000008000b3c                pinmap_find_peripheral
 .text.pinmap_peripheral
                0x0000000008000b54       0x20 ./BUILD/NUCLEO_F401RE/GCC_ARM/mbed-os/hal/mbed_pinmap_common.o
                0x0000000008000b54                pinmap_peripheral
 .text.ticker_irq_handler
                0x0000000008000b74       0x46 ./BUILD/NUCLEO_F401RE/GCC_ARM/mbed-os/hal/mbed_ticker_api.o
                0x0000000008000b74                ticker_irq_handler
 *fill*         0x0000000008000bba        0x2 
 .text.us_ticker_irq_handler
                0x0000000008000bbc        0xc ./BUILD/NUCLEO_F401RE/GCC_ARM/mbed-os/hal/mbed_us_ticker_api.o
                0x0000000008000bbc                us_ticker_irq_handler
 .text.__wrap__malloc_r
                0x0000000008000bc8        0x4 ./BUILD/NUCLEO_F401RE/GCC_ARM/mbed-os/platform/mbed_alloc_wrappers.o
                0x0000000008000bc8                __wrap__malloc_r
 .text.__wrap__realloc_r
                0x0000000008000bcc        0x4 ./BUILD/NUCLEO_F401RE/GCC_ARM/mbed-os/platform/mbed_alloc_wrappers.o
                0x0000000008000bcc                __wrap__realloc_r
 .text.__wrap__free_r
                0x0000000008000bd0        0x4 ./BUILD/NUCLEO_F401RE/GCC_ARM/mbed-os/platform/mbed_alloc_wrappers.o
                0x0000000008000bd0                __wrap__free_r
 .text.__wrap__calloc_r
                0x0000000008000bd4        0x4 ./BUILD/NUCLEO_F401RE/GCC_ARM/mbed-os/platform/mbed_alloc_wrappers.o
                0x0000000008000bd4                __wrap__calloc_r
 .text.mbed_assert_internal
                0x0000000008000bd8       0x24 ./BUILD/NUCLEO_F401RE/GCC_ARM/mbed-os/platform/mbed_assert.o
                0x0000000008000bd8                mbed_assert_internal
 .text.mbed_die
                0x0000000008000bfc       0x2c ./BUILD/NUCLEO_F401RE/GCC_ARM/mbed-os/platform/mbed_board.o
                0x0000000008000bfc                mbed_die
 .text.mbed_error_vfprintf
                0x0000000008000c28       0x50 ./BUILD/NUCLEO_F401RE/GCC_ARM/mbed-os/platform/mbed_board.o
                0x0000000008000c28                mbed_error_vfprintf
 .text.mbed_error_printf
                0x0000000008000c78       0x1a ./BUILD/NUCLEO_F401RE/GCC_ARM/mbed-os/platform/mbed_board.o
                0x0000000008000c78                mbed_error_printf
 .text.core_util_are_interrupts_enabled
                0x0000000008000c92        0xc ./BUILD/NUCLEO_F401RE/GCC_ARM/mbed-os/platform/mbed_critical.o
                0x0000000008000c92                core_util_are_interrupts_enabled
 *fill*         0x0000000008000c9e        0x2 
 .text.core_util_critical_section_enter
                0x0000000008000ca0       0x58 ./BUILD/NUCLEO_F401RE/GCC_ARM/mbed-os/platform/mbed_critical.o
                0x0000000008000ca0                core_util_critical_section_enter
 .text.core_util_critical_section_exit
                0x0000000008000cf8       0x3c ./BUILD/NUCLEO_F401RE/GCC_ARM/mbed-os/platform/mbed_critical.o
                0x0000000008000cf8                core_util_critical_section_exit
 .text.error    0x0000000008000d34       0x16 ./BUILD/NUCLEO_F401RE/GCC_ARM/mbed-os/platform/mbed_error.o
                0x0000000008000d34                error
 *fill*         0x0000000008000d4a        0x2 
 .text._ZN11ManagedFileD2Ev
                0x0000000008000d4c       0x14 ./BUILD/NUCLEO_F401RE/GCC_ARM/mbed-os/platform/mbed_retarget.o
                0x0000000008000d4c                ManagedFile::~ManagedFile()
                0x0000000008000d4c                ManagedFile::~ManagedFile()
 .text._ZL11init_serialv
                0x0000000008000d60       0x2c ./BUILD/NUCLEO_F401RE/GCC_ARM/mbed-os/platform/mbed_retarget.o
 .text._close   0x0000000008000d8c       0x40 ./BUILD/NUCLEO_F401RE/GCC_ARM/mbed-os/platform/mbed_retarget.o
                0x0000000008000d8c                _close
 .text._write   0x0000000008000dcc       0x6c ./BUILD/NUCLEO_F401RE/GCC_ARM/mbed-os/platform/mbed_retarget.o
                0x0000000008000dcc                _write
 .text._read    0x0000000008000e38       0x60 ./BUILD/NUCLEO_F401RE/GCC_ARM/mbed-os/platform/mbed_retarget.o
                0x0000000008000e38                _read
 .text._isatty  0x0000000008000e98       0x40 ./BUILD/NUCLEO_F401RE/GCC_ARM/mbed-os/platform/mbed_retarget.o
                0x0000000008000e98                _isatty
 .text._lseek   0x0000000008000ed8       0x3c ./BUILD/NUCLEO_F401RE/GCC_ARM/mbed-os/platform/mbed_retarget.o
                0x0000000008000ed8                _lseek
 .text._fstat   0x0000000008000f14       0x1e ./BUILD/NUCLEO_F401RE/GCC_ARM/mbed-os/platform/mbed_retarget.o
                0x0000000008000f14                _fstat
 .text.__cxa_pure_virtual
                0x0000000008000f32        0x8 ./BUILD/NUCLEO_F401RE/GCC_ARM/mbed-os/platform/mbed_retarget.o
                0x0000000008000f32                __cxa_pure_virtual
 .text.software_init_hook
                0x0000000008000f3a        0xc ./BUILD/NUCLEO_F401RE/GCC_ARM/mbed-os/platform/mbed_retarget.o
                0x0000000008000f3a                software_init_hook
 .text.mbed_main
                0x0000000008000f46        0x2 ./BUILD/NUCLEO_F401RE/GCC_ARM/mbed-os/platform/mbed_retarget.o
                0x0000000008000f46                mbed_main
 .text.__wrap_main
                0x0000000008000f48        0xe ./BUILD/NUCLEO_F401RE/GCC_ARM/mbed-os/platform/mbed_retarget.o
                0x0000000008000f48                __wrap_main
 *fill*         0x0000000008000f56        0x2 
 .text._sbrk    0x0000000008000f58       0x44 ./BUILD/NUCLEO_F401RE/GCC_ARM/mbed-os/platform/mbed_retarget.o
                0x0000000008000f58                _sbrk
 .text._exit    0x0000000008000f9c       0x24 ./BUILD/NUCLEO_F401RE/GCC_ARM/mbed-os/platform/mbed_retarget.o
                0x0000000008000f9c                _exit
 .text.__aeabi_atexit
                0x0000000008000fc0        0x4 ./BUILD/NUCLEO_F401RE/GCC_ARM/mbed-os/platform/mbed_retarget.o
                0x0000000008000fc0                __aeabi_atexit
 .text.__wrap_exit
                0x0000000008000fc4        0x6 ./BUILD/NUCLEO_F401RE/GCC_ARM/mbed-os/platform/mbed_retarget.o
                0x0000000008000fc4                __wrap_exit
 .text.__wrap_atexit
                0x0000000008000fca        0x4 ./BUILD/NUCLEO_F401RE/GCC_ARM/mbed-os/platform/mbed_retarget.o
                0x0000000008000fca                __wrap_atexit
 .text._ZN4mbed26mbed_set_unbuffered_streamEP7__sFILE
                0x0000000008000fce        0x6 ./BUILD/NUCLEO_F401RE/GCC_ARM/mbed-os/platform/mbed_retarget.o
                0x0000000008000fce                mbed::mbed_set_unbuffered_stream(__sFILE*)
 .text._ZN4mbed9mbed_getcEP7__sFILE
                0x0000000008000fd4        0x4 ./BUILD/NUCLEO_F401RE/GCC_ARM/mbed-os/platform/mbed_retarget.o
                0x0000000008000fd4                mbed::mbed_getc(__sFILE*)
 .text.__malloc_lock
                0x0000000008000fd8        0x8 ./BUILD/NUCLEO_F401RE/GCC_ARM/mbed-os/platform/mbed_retarget.o
                0x0000000008000fd8                __malloc_lock
 .text.__malloc_unlock
                0x0000000008000fe0        0x8 ./BUILD/NUCLEO_F401RE/GCC_ARM/mbed-os/platform/mbed_retarget.o
                0x0000000008000fe0                __malloc_unlock
 .text._Znwj    0x0000000008000fe8       0x18 ./BUILD/NUCLEO_F401RE/GCC_ARM/mbed-os/platform/mbed_retarget.o
                0x0000000008000fe8                operator new(unsigned int)
 .text._Znaj    0x0000000008001000       0x18 ./BUILD/NUCLEO_F401RE/GCC_ARM/mbed-os/platform/mbed_retarget.o
                0x0000000008001000                operator new[](unsigned int)
 .text._ZdaPv   0x0000000008001018        0x8 ./BUILD/NUCLEO_F401RE/GCC_ARM/mbed-os/platform/mbed_retarget.o
                0x0000000008001018                operator delete[](void*)
 .text._ZN11ManagedFileD0Ev
                0x0000000008001020       0x12 ./BUILD/NUCLEO_F401RE/GCC_ARM/mbed-os/platform/mbed_retarget.o
                0x0000000008001020                ManagedFile::~ManagedFile()
 .text._ZdlPv   0x0000000008001032        0x4 ./BUILD/NUCLEO_F401RE/GCC_ARM/mbed-os/platform/mbed_retarget.o
                0x0000000008001032                operator delete(void*)
 *fill*         0x0000000008001036        0x2 
 .text._ZN4mbed17remove_filehandleEPNS_8FileLikeE
                0x0000000008001038       0x40 ./BUILD/NUCLEO_F401RE/GCC_ARM/mbed-os/platform/mbed_retarget.o
                0x0000000008001038                mbed::remove_filehandle(mbed::FileLike*)
 .text._open    0x0000000008001078      0x15c ./BUILD/NUCLEO_F401RE/GCC_ARM/mbed-os/platform/mbed_retarget.o
                0x0000000008001078                _open
 .text._ZN11ManagedFile5closeEv
                0x00000000080011d4       0x18 ./BUILD/NUCLEO_F401RE/GCC_ARM/mbed-os/platform/mbed_retarget.o
                0x00000000080011d4                ManagedFile::close()
 .text.wait_us  0x00000000080011ec       0x30 ./BUILD/NUCLEO_F401RE/GCC_ARM/mbed-os/platform/mbed_wait_api_rtos.o
                0x00000000080011ec                wait_us
 .text.wait     0x000000000800121c       0x1c ./BUILD/NUCLEO_F401RE/GCC_ARM/mbed-os/platform/mbed_wait_api_rtos.o
                0x000000000800121c                wait
 .text.wait_ms  0x0000000008001238        0xa ./BUILD/NUCLEO_F401RE/GCC_ARM/mbed-os/platform/mbed_wait_api_rtos.o
                0x0000000008001238                wait_ms
 *fill*         0x0000000008001242        0x2 
 .text._ZN4rtos5MutexC2Ev
                0x0000000008001244       0x30 ./BUILD/NUCLEO_F401RE/GCC_ARM/mbed-os/rtos/Mutex.o
                0x0000000008001244                rtos::Mutex::Mutex()
                0x0000000008001244                rtos::Mutex::Mutex()
 .text._ZN4rtos5Mutex4lockEm
                0x0000000008001274        0x6 ./BUILD/NUCLEO_F401RE/GCC_ARM/mbed-os/rtos/Mutex.o
                0x0000000008001274                rtos::Mutex::lock(unsigned long)
 .text._ZN4rtos5Mutex6unlockEv
                0x000000000800127a        0x6 ./BUILD/NUCLEO_F401RE/GCC_ARM/mbed-os/rtos/Mutex.o
                0x000000000800127a                rtos::Mutex::unlock()
 .text._ZN4rtos5MutexD2Ev
                0x0000000008001280        0xe ./BUILD/NUCLEO_F401RE/GCC_ARM/mbed-os/rtos/Mutex.o
                0x0000000008001280                rtos::Mutex::~Mutex()
                0x0000000008001280                rtos::Mutex::~Mutex()
 .text._ZN4rtos9SemaphoreC2El
                0x000000000800128e       0x26 ./BUILD/NUCLEO_F401RE/GCC_ARM/mbed-os/rtos/Semaphore.o
                0x000000000800128e                rtos::Semaphore::Semaphore(long)
                0x000000000800128e                rtos::Semaphore::Semaphore(long)
 .text._ZN4rtos9Semaphore7releaseEv
                0x00000000080012b4        0x6 ./BUILD/NUCLEO_F401RE/GCC_ARM/mbed-os/rtos/Semaphore.o
                0x00000000080012b4                rtos::Semaphore::release()
 .text._ZN4rtos9SemaphoreD2Ev
                0x00000000080012ba        0xe ./BUILD/NUCLEO_F401RE/GCC_ARM/mbed-os/rtos/Semaphore.o
                0x00000000080012ba                rtos::Semaphore::~Semaphore()
                0x00000000080012ba                rtos::Semaphore::~Semaphore()
 .text._ZN4rtos6Thread6_thunkEPKv
                0x00000000080012c8       0x48 ./BUILD/NUCLEO_F401RE/GCC_ARM/mbed-os/rtos/Thread.o
                0x00000000080012c8                rtos::Thread::_thunk(void const*)
 .text.thread_terminate_hook
                0x0000000008001310       0x10 ./BUILD/NUCLEO_F401RE/GCC_ARM/mbed-os/rtos/Thread.o
                0x0000000008001310                thread_terminate_hook
 .text._ZN4rtos6Thread11constructorE10osPrioritymPh
                0x0000000008001320       0x1c ./BUILD/NUCLEO_F401RE/GCC_ARM/mbed-os/rtos/Thread.o
                0x0000000008001320                rtos::Thread::constructor(osPriority, unsigned long, unsigned char*)
 .text._ZN4rtos6Thread9terminateEv
                0x000000000800133c       0x38 ./BUILD/NUCLEO_F401RE/GCC_ARM/mbed-os/rtos/Thread.o
                0x000000000800133c                rtos::Thread::terminate()
 .text._ZN4rtos6Thread4waitEm
                0x0000000008001374        0x4 ./BUILD/NUCLEO_F401RE/GCC_ARM/mbed-os/rtos/Thread.o
                0x0000000008001374                rtos::Thread::wait(unsigned long)
 .text._ZN4rtos6ThreadD2Ev
                0x0000000008001378       0x3c ./BUILD/NUCLEO_F401RE/GCC_ARM/mbed-os/rtos/Thread.o
                0x0000000008001378                rtos::Thread::~Thread()
                0x0000000008001378                rtos::Thread::~Thread()
 .text._ZN4rtos6ThreadD0Ev
                0x00000000080013b4       0x12 ./BUILD/NUCLEO_F401RE/GCC_ARM/mbed-os/rtos/Thread.o
                0x00000000080013b4                rtos::Thread::~Thread()
 *fill*         0x00000000080013c6        0x2 
 .text._ZN4rtos6Thread5startEN4mbed8CallbackIFvvEEE
                0x00000000080013c8       0xd0 ./BUILD/NUCLEO_F401RE/GCC_ARM/mbed-os/rtos/Thread.o
                0x00000000080013c8                rtos::Thread::start(mbed::Callback<void ()>)
 .text.default_idle_hook
                0x0000000008001498        0x2 ./BUILD/NUCLEO_F401RE/GCC_ARM/mbed-os/rtos/rtos_idle.o
 *fill*         0x000000000800149a        0x2 
 .text.rtos_idle_loop
                0x000000000800149c       0x10 ./BUILD/NUCLEO_F401RE/GCC_ARM/mbed-os/rtos/rtos_idle.o
                0x000000000800149c                rtos_idle_loop
 .text.rt_init_stack
                0x00000000080014ac       0x98 ./BUILD/NUCLEO_F401RE/GCC_ARM/mbed-os/rtos/rtx/TARGET_CORTEX_M/HAL_CM.o
                0x00000000080014ac                rt_init_stack
 .text.rt_ret_val
                0x0000000008001544       0x12 ./BUILD/NUCLEO_F401RE/GCC_ARM/mbed-os/rtos/rtx/TARGET_CORTEX_M/HAL_CM.o
                0x0000000008001544                rt_ret_val
 .text.rt_ret_val2
                0x0000000008001556       0x16 ./BUILD/NUCLEO_F401RE/GCC_ARM/mbed-os/rtos/rtx/TARGET_CORTEX_M/HAL_CM.o
                0x0000000008001556                rt_ret_val2
 .text.pre_main
                0x000000000800156c       0x48 ./BUILD/NUCLEO_F401RE/GCC_ARM/mbed-os/rtos/rtx/TARGET_CORTEX_M/RTX_Conf_CM.o
                0x000000000800156c                pre_main
 .text.os_idle_demon
                0x00000000080015b4        0x4 ./BUILD/NUCLEO_F401RE/GCC_ARM/mbed-os/rtos/rtx/TARGET_CORTEX_M/RTX_Conf_CM.o
                0x00000000080015b4                os_idle_demon
 .text.os_error
                0x00000000080015b8       0x1c ./BUILD/NUCLEO_F401RE/GCC_ARM/mbed-os/rtos/rtx/TARGET_CORTEX_M/RTX_Conf_CM.o
                0x00000000080015b8                os_error
 .text.sysThreadTerminate
                0x00000000080015d4        0x4 ./BUILD/NUCLEO_F401RE/GCC_ARM/mbed-os/rtos/rtx/TARGET_CORTEX_M/RTX_Conf_CM.o
                0x00000000080015d4                sysThreadTerminate
 .text.set_stack_heap
                0x00000000080015d8       0x44 ./BUILD/NUCLEO_F401RE/GCC_ARM/mbed-os/rtos/rtx/TARGET_CORTEX_M/RTX_Conf_CM.o
                0x00000000080015d8                set_stack_heap
 .text.software_init_hook_rtos
                0x000000000800161c       0x1c ./BUILD/NUCLEO_F401RE/GCC_ARM/mbed-os/rtos/rtx/TARGET_CORTEX_M/RTX_Conf_CM.o
                0x000000000800161c                software_init_hook_rtos
 .text.__rtos_malloc_lock
                0x0000000008001638       0x10 ./BUILD/NUCLEO_F401RE/GCC_ARM/mbed-os/rtos/rtx/TARGET_CORTEX_M/RTX_Conf_CM.o
                0x0000000008001638                __rtos_malloc_lock
 .text.__rtos_malloc_unlock
                0x0000000008001648        0xc ./BUILD/NUCLEO_F401RE/GCC_ARM/mbed-os/rtos/rtx/TARGET_CORTEX_M/RTX_Conf_CM.o
                0x0000000008001648                __rtos_malloc_unlock
 .text          0x0000000008001654      0x198 ./BUILD/NUCLEO_F401RE/GCC_ARM/mbed-os/rtos/rtx/TARGET_CORTEX_M/TARGET_RTOS_M4_M7/TOOLCHAIN_GCC/HAL_CM4.o
                0x0000000008001654                rt_set_PSP
                0x000000000800165a                rt_get_PSP
                0x0000000008001660                os_set_env
                0x0000000008001678                _alloc_box
                0x0000000008001694                _free_box
                0x00000000080016b0                SVC_Handler
                0x0000000008001756                PendSV_Handler
                0x000000000800175c                Sys_Switch
                0x00000000080017b6                SysTick_Handler
                0x00000000080017c0                OS_Tick_Handler
 .text.rt_timer_insert
                0x00000000080017ec       0x34 ./BUILD/NUCLEO_F401RE/GCC_ARM/mbed-os/rtos/rtx/TARGET_CORTEX_M/rt_CMSIS.o
 .text.rt_ms2tick
                0x0000000008001820       0x40 ./BUILD/NUCLEO_F401RE/GCC_ARM/mbed-os/rtos/rtx/TARGET_CORTEX_M/rt_CMSIS.o
 .text.rt_tid2ptcb
                0x0000000008001860       0x14 ./BUILD/NUCLEO_F401RE/GCC_ARM/mbed-os/rtos/rtx/TARGET_CORTEX_M/rt_CMSIS.o
                0x0000000008001860                rt_tid2ptcb
 .text.svcKernelStart
                0x0000000008001874       0x44 ./BUILD/NUCLEO_F401RE/GCC_ARM/mbed-os/rtos/rtx/TARGET_CORTEX_M/rt_CMSIS.o
                0x0000000008001874                svcKernelStart
 .text.svcKernelRunning
                0x00000000080018b8        0xc ./BUILD/NUCLEO_F401RE/GCC_ARM/mbed-os/rtos/rtx/TARGET_CORTEX_M/rt_CMSIS.o
                0x00000000080018b8                svcKernelRunning
 .text.osKernelRunning
                0x00000000080018c4       0x2c ./BUILD/NUCLEO_F401RE/GCC_ARM/mbed-os/rtos/rtx/TARGET_CORTEX_M/rt_CMSIS.o
                0x00000000080018c4                osKernelRunning
 .text.osKernelStart
                0x00000000080018f0       0x90 ./BUILD/NUCLEO_F401RE/GCC_ARM/mbed-os/rtos/rtx/TARGET_CORTEX_M/rt_CMSIS.o
                0x00000000080018f0                osKernelStart
 .text.svcThreadCreate
                0x0000000008001980       0x6c ./BUILD/NUCLEO_F401RE/GCC_ARM/mbed-os/rtos/rtx/TARGET_CORTEX_M/rt_CMSIS.o
                0x0000000008001980                svcThreadCreate
 .text.svcThreadGetId
                0x00000000080019ec       0x18 ./BUILD/NUCLEO_F401RE/GCC_ARM/mbed-os/rtos/rtx/TARGET_CORTEX_M/rt_CMSIS.o
                0x00000000080019ec                svcThreadGetId
 .text.svcThreadTerminate
                0x0000000008001a04       0x30 ./BUILD/NUCLEO_F401RE/GCC_ARM/mbed-os/rtos/rtx/TARGET_CORTEX_M/rt_CMSIS.o
                0x0000000008001a04                svcThreadTerminate
 .text.svcDelay
                0x0000000008001a34       0x12 ./BUILD/NUCLEO_F401RE/GCC_ARM/mbed-os/rtos/rtx/TARGET_CORTEX_M/rt_CMSIS.o
                0x0000000008001a34                svcDelay
 *fill*         0x0000000008001a46        0x2 
 .text.osDelay  0x0000000008001a48       0x20 ./BUILD/NUCLEO_F401RE/GCC_ARM/mbed-os/rtos/rtx/TARGET_CORTEX_M/rt_CMSIS.o
                0x0000000008001a48                osDelay
 .text.svcTimerCall
                0x0000000008001a68       0x1a ./BUILD/NUCLEO_F401RE/GCC_ARM/mbed-os/rtos/rtx/TARGET_CORTEX_M/rt_CMSIS.o
                0x0000000008001a68                svcTimerCall
 *fill*         0x0000000008001a82        0x2 
 .text.osTimerCall
                0x0000000008001a84       0x18 ./BUILD/NUCLEO_F401RE/GCC_ARM/mbed-os/rtos/rtx/TARGET_CORTEX_M/rt_CMSIS.o
                0x0000000008001a84                osTimerCall
 .text.svcMutexCreate
                0x0000000008001a9c       0x1a ./BUILD/NUCLEO_F401RE/GCC_ARM/mbed-os/rtos/rtx/TARGET_CORTEX_M/rt_CMSIS.o
                0x0000000008001a9c                svcMutexCreate
 .text.svcMutexWait
                0x0000000008001ab6       0x38 ./BUILD/NUCLEO_F401RE/GCC_ARM/mbed-os/rtos/rtx/TARGET_CORTEX_M/rt_CMSIS.o
                0x0000000008001ab6                svcMutexWait
 .text.svcMutexRelease
                0x0000000008001aee       0x20 ./BUILD/NUCLEO_F401RE/GCC_ARM/mbed-os/rtos/rtx/TARGET_CORTEX_M/rt_CMSIS.o
                0x0000000008001aee                svcMutexRelease
 .text.svcMutexDelete
                0x0000000008001b0e       0x1c ./BUILD/NUCLEO_F401RE/GCC_ARM/mbed-os/rtos/rtx/TARGET_CORTEX_M/rt_CMSIS.o
                0x0000000008001b0e                svcMutexDelete
 *fill*         0x0000000008001b2a        0x2 
 .text.osMutexCreate
                0x0000000008001b2c       0x3c ./BUILD/NUCLEO_F401RE/GCC_ARM/mbed-os/rtos/rtx/TARGET_CORTEX_M/rt_CMSIS.o
                0x0000000008001b2c                osMutexCreate
 .text.osMutexWait
                0x0000000008001b68       0x20 ./BUILD/NUCLEO_F401RE/GCC_ARM/mbed-os/rtos/rtx/TARGET_CORTEX_M/rt_CMSIS.o
                0x0000000008001b68                osMutexWait
 .text.osThreadExit
                0x0000000008001b88       0x30 ./BUILD/NUCLEO_F401RE/GCC_ARM/mbed-os/rtos/rtx/TARGET_CORTEX_M/rt_CMSIS.o
                0x0000000008001b88                osThreadExit
 .text.osMutexRelease
                0x0000000008001bb8       0x20 ./BUILD/NUCLEO_F401RE/GCC_ARM/mbed-os/rtos/rtx/TARGET_CORTEX_M/rt_CMSIS.o
                0x0000000008001bb8                osMutexRelease
 .text.osThreadContextCreate
                0x0000000008001bd8       0x64 ./BUILD/NUCLEO_F401RE/GCC_ARM/mbed-os/rtos/rtx/TARGET_CORTEX_M/rt_CMSIS.o
                0x0000000008001bd8                osThreadContextCreate
 .text.osThreadCreate
                0x0000000008001c3c        0x6 ./BUILD/NUCLEO_F401RE/GCC_ARM/mbed-os/rtos/rtx/TARGET_CORTEX_M/rt_CMSIS.o
                0x0000000008001c3c                osThreadCreate
 *fill*         0x0000000008001c42        0x2 
 .text.osThreadTerminate
                0x0000000008001c44       0x44 ./BUILD/NUCLEO_F401RE/GCC_ARM/mbed-os/rtos/rtx/TARGET_CORTEX_M/rt_CMSIS.o
                0x0000000008001c44                osThreadTerminate
 .text.osMutexDelete
                0x0000000008001c88       0x20 ./BUILD/NUCLEO_F401RE/GCC_ARM/mbed-os/rtos/rtx/TARGET_CORTEX_M/rt_CMSIS.o
                0x0000000008001c88                osMutexDelete
 .text.svcSemaphoreCreate
                0x0000000008001ca8       0x22 ./BUILD/NUCLEO_F401RE/GCC_ARM/mbed-os/rtos/rtx/TARGET_CORTEX_M/rt_CMSIS.o
                0x0000000008001ca8                svcSemaphoreCreate
 .text.svcSemaphoreRelease
                0x0000000008001cca       0x2a ./BUILD/NUCLEO_F401RE/GCC_ARM/mbed-os/rtos/rtx/TARGET_CORTEX_M/rt_CMSIS.o
                0x0000000008001cca                svcSemaphoreRelease
 .text.svcSemaphoreDelete
                0x0000000008001cf4       0x1c ./BUILD/NUCLEO_F401RE/GCC_ARM/mbed-os/rtos/rtx/TARGET_CORTEX_M/rt_CMSIS.o
                0x0000000008001cf4                svcSemaphoreDelete
 .text.isrSemaphoreRelease
                0x0000000008001d10       0x2a ./BUILD/NUCLEO_F401RE/GCC_ARM/mbed-os/rtos/rtx/TARGET_CORTEX_M/rt_CMSIS.o
                0x0000000008001d10                isrSemaphoreRelease
 *fill*         0x0000000008001d3a        0x2 
 .text.osSemaphoreCreate
                0x0000000008001d3c       0x40 ./BUILD/NUCLEO_F401RE/GCC_ARM/mbed-os/rtos/rtx/TARGET_CORTEX_M/rt_CMSIS.o
                0x0000000008001d3c                osSemaphoreCreate
 .text.osSemaphoreRelease
                0x0000000008001d7c       0x28 ./BUILD/NUCLEO_F401RE/GCC_ARM/mbed-os/rtos/rtx/TARGET_CORTEX_M/rt_CMSIS.o
                0x0000000008001d7c                osSemaphoreRelease
 .text.osSemaphoreDelete
                0x0000000008001da4       0x20 ./BUILD/NUCLEO_F401RE/GCC_ARM/mbed-os/rtos/rtx/TARGET_CORTEX_M/rt_CMSIS.o
                0x0000000008001da4                osSemaphoreDelete
 .text.svcMessageCreate
                0x0000000008001dc4       0x24 ./BUILD/NUCLEO_F401RE/GCC_ARM/mbed-os/rtos/rtx/TARGET_CORTEX_M/rt_CMSIS.o
                0x0000000008001dc4                svcMessageCreate
 .text.svcKernelInitialize
                0x0000000008001de8       0x6c ./BUILD/NUCLEO_F401RE/GCC_ARM/mbed-os/rtos/rtx/TARGET_CORTEX_M/rt_CMSIS.o
                0x0000000008001de8                svcKernelInitialize
 .text.osKernelInitialize
                0x0000000008001e54       0x30 ./BUILD/NUCLEO_F401RE/GCC_ARM/mbed-os/rtos/rtx/TARGET_CORTEX_M/rt_CMSIS.o
                0x0000000008001e54                osKernelInitialize
 .text.svcMessageGet
                0x0000000008001e84       0x66 ./BUILD/NUCLEO_F401RE/GCC_ARM/mbed-os/rtos/rtx/TARGET_CORTEX_M/rt_CMSIS.o
                0x0000000008001e84                svcMessageGet
 .text.isrMessagePut
                0x0000000008001eea       0x2c ./BUILD/NUCLEO_F401RE/GCC_ARM/mbed-os/rtos/rtx/TARGET_CORTEX_M/rt_CMSIS.o
                0x0000000008001eea                isrMessagePut
 *fill*         0x0000000008001f16        0x2 
 .text.sysTimerTick
                0x0000000008001f18       0x50 ./BUILD/NUCLEO_F401RE/GCC_ARM/mbed-os/rtos/rtx/TARGET_CORTEX_M/rt_CMSIS.o
                0x0000000008001f18                sysTimerTick
 .text.isrMessageGet
                0x0000000008001f68       0x3a ./BUILD/NUCLEO_F401RE/GCC_ARM/mbed-os/rtos/rtx/TARGET_CORTEX_M/rt_CMSIS.o
                0x0000000008001f68                isrMessageGet
 *fill*         0x0000000008001fa2        0x2 
 .text.osMessageGet
                0x0000000008001fa4       0x34 ./BUILD/NUCLEO_F401RE/GCC_ARM/mbed-os/rtos/rtx/TARGET_CORTEX_M/rt_CMSIS.o
                0x0000000008001fa4                osMessageGet
 .text.osTimerThread
                0x0000000008001fd8       0x30 ./BUILD/NUCLEO_F401RE/GCC_ARM/mbed-os/rtos/rtx/TARGET_CORTEX_M/rt_CMSIS.o
                0x0000000008001fd8                osTimerThread
 .text.rt_evt_psh
                0x0000000008002008       0x54 ./BUILD/NUCLEO_F401RE/GCC_ARM/mbed-os/rtos/rtx/TARGET_CORTEX_M/rt_Event.o
                0x0000000008002008                rt_evt_psh
 .text.rt_put_prio
                0x000000000800205c       0x30 ./BUILD/NUCLEO_F401RE/GCC_ARM/mbed-os/rtos/rtx/TARGET_CORTEX_M/rt_List.o
                0x000000000800205c                rt_put_prio
 .text.rt_get_first
                0x000000000800208c       0x22 ./BUILD/NUCLEO_F401RE/GCC_ARM/mbed-os/rtos/rtx/TARGET_CORTEX_M/rt_List.o
                0x000000000800208c                rt_get_first
 *fill*         0x00000000080020ae        0x2 
 .text.rt_put_rdy_first
                0x00000000080020b0       0x14 ./BUILD/NUCLEO_F401RE/GCC_ARM/mbed-os/rtos/rtx/TARGET_CORTEX_M/rt_List.o
                0x00000000080020b0                rt_put_rdy_first
 .text.rt_put_dly
                0x00000000080020c4       0x48 ./BUILD/NUCLEO_F401RE/GCC_ARM/mbed-os/rtos/rtx/TARGET_CORTEX_M/rt_List.o
                0x00000000080020c4                rt_put_dly
 .text.rt_dec_dly
                0x000000000800210c       0x70 ./BUILD/NUCLEO_F401RE/GCC_ARM/mbed-os/rtos/rtx/TARGET_CORTEX_M/rt_List.o
                0x000000000800210c                rt_dec_dly
 .text.rt_rmv_list
                0x000000000800217c       0x2c ./BUILD/NUCLEO_F401RE/GCC_ARM/mbed-os/rtos/rtx/TARGET_CORTEX_M/rt_List.o
                0x000000000800217c                rt_rmv_list
 .text.rt_resort_prio
                0x00000000080021a8       0x30 ./BUILD/NUCLEO_F401RE/GCC_ARM/mbed-os/rtos/rtx/TARGET_CORTEX_M/rt_List.o
                0x00000000080021a8                rt_resort_prio
 .text.rt_rmv_dly
                0x00000000080021d8       0x26 ./BUILD/NUCLEO_F401RE/GCC_ARM/mbed-os/rtos/rtx/TARGET_CORTEX_M/rt_List.o
                0x00000000080021d8                rt_rmv_dly
 *fill*         0x00000000080021fe        0x2 
 .text.rt_psq_enq
                0x0000000008002200       0x4c ./BUILD/NUCLEO_F401RE/GCC_ARM/mbed-os/rtos/rtx/TARGET_CORTEX_M/rt_List.o
                0x0000000008002200                rt_psq_enq
 .text.rt_mbx_init
                0x000000000800224c       0x1a ./BUILD/NUCLEO_F401RE/GCC_ARM/mbed-os/rtos/rtx/TARGET_CORTEX_M/rt_Mailbox.o
                0x000000000800224c                rt_mbx_init
 *fill*         0x0000000008002266        0x2 
 .text.rt_mbx_wait
                0x0000000008002268       0xac ./BUILD/NUCLEO_F401RE/GCC_ARM/mbed-os/rtos/rtx/TARGET_CORTEX_M/rt_Mailbox.o
                0x0000000008002268                rt_mbx_wait
 .text.rt_mbx_check
                0x0000000008002314        0x8 ./BUILD/NUCLEO_F401RE/GCC_ARM/mbed-os/rtos/rtx/TARGET_CORTEX_M/rt_Mailbox.o
                0x0000000008002314                rt_mbx_check
 .text.isr_mbx_send
                0x000000000800231c        0xe ./BUILD/NUCLEO_F401RE/GCC_ARM/mbed-os/rtos/rtx/TARGET_CORTEX_M/rt_Mailbox.o
                0x000000000800231c                isr_mbx_send
 .text.isr_mbx_receive
                0x000000000800232a       0x50 ./BUILD/NUCLEO_F401RE/GCC_ARM/mbed-os/rtos/rtx/TARGET_CORTEX_M/rt_Mailbox.o
                0x000000000800232a                isr_mbx_receive
 *fill*         0x000000000800237a        0x2 
 .text.rt_mbx_psh
                0x000000000800237c       0xe4 ./BUILD/NUCLEO_F401RE/GCC_ARM/mbed-os/rtos/rtx/TARGET_CORTEX_M/rt_Mailbox.o
                0x000000000800237c                rt_mbx_psh
 .text._init_box
                0x0000000008002460       0x4a ./BUILD/NUCLEO_F401RE/GCC_ARM/mbed-os/rtos/rtx/TARGET_CORTEX_M/rt_MemBox.o
                0x0000000008002460                _init_box
 .text.rt_alloc_box
                0x00000000080024aa       0x1a ./BUILD/NUCLEO_F401RE/GCC_ARM/mbed-os/rtos/rtx/TARGET_CORTEX_M/rt_MemBox.o
                0x00000000080024aa                rt_alloc_box
 .text.rt_free_box
                0x00000000080024c4       0x28 ./BUILD/NUCLEO_F401RE/GCC_ARM/mbed-os/rtos/rtx/TARGET_CORTEX_M/rt_MemBox.o
                0x00000000080024c4                rt_free_box
 .text.rt_mut_init
                0x00000000080024ec       0x10 ./BUILD/NUCLEO_F401RE/GCC_ARM/mbed-os/rtos/rtx/TARGET_CORTEX_M/rt_Mutex.o
                0x00000000080024ec                rt_mut_init
 .text.rt_mut_delete
                0x00000000080024fc       0xac ./BUILD/NUCLEO_F401RE/GCC_ARM/mbed-os/rtos/rtx/TARGET_CORTEX_M/rt_Mutex.o
                0x00000000080024fc                rt_mut_delete
 .text.rt_mut_release
                0x00000000080025a8       0xe0 ./BUILD/NUCLEO_F401RE/GCC_ARM/mbed-os/rtos/rtx/TARGET_CORTEX_M/rt_Mutex.o
                0x00000000080025a8                rt_mut_release
 .text.rt_mut_wait
                0x0000000008002688       0x5c ./BUILD/NUCLEO_F401RE/GCC_ARM/mbed-os/rtos/rtx/TARGET_CORTEX_M/rt_Mutex.o
                0x0000000008002688                rt_mut_wait
 .text.rt_init_robin
                0x00000000080026e4       0x18 ./BUILD/NUCLEO_F401RE/GCC_ARM/mbed-os/rtos/rtx/TARGET_CORTEX_M/rt_Robin.o
                0x00000000080026e4                rt_init_robin
 .text.rt_chk_robin
                0x00000000080026fc       0x48 ./BUILD/NUCLEO_F401RE/GCC_ARM/mbed-os/rtos/rtx/TARGET_CORTEX_M/rt_Robin.o
                0x00000000080026fc                rt_chk_robin
 .text.rt_sem_init
                0x0000000008002744        0xc ./BUILD/NUCLEO_F401RE/GCC_ARM/mbed-os/rtos/rtx/TARGET_CORTEX_M/rt_Semaphore.o
                0x0000000008002744                rt_sem_init
 .text.rt_sem_delete
                0x0000000008002750       0x5c ./BUILD/NUCLEO_F401RE/GCC_ARM/mbed-os/rtos/rtx/TARGET_CORTEX_M/rt_Semaphore.o
                0x0000000008002750                rt_sem_delete
 .text.rt_sem_send
                0x00000000080027ac       0x2a ./BUILD/NUCLEO_F401RE/GCC_ARM/mbed-os/rtos/rtx/TARGET_CORTEX_M/rt_Semaphore.o
                0x00000000080027ac                rt_sem_send
 .text.isr_sem_send
                0x00000000080027d6       0x10 ./BUILD/NUCLEO_F401RE/GCC_ARM/mbed-os/rtos/rtx/TARGET_CORTEX_M/rt_Semaphore.o
                0x00000000080027d6                isr_sem_send
 *fill*         0x00000000080027e6        0x2 
 .text.rt_sem_psh
                0x00000000080027e8       0x34 ./BUILD/NUCLEO_F401RE/GCC_ARM/mbed-os/rtos/rtx/TARGET_CORTEX_M/rt_Semaphore.o
                0x00000000080027e8                rt_sem_psh
 .text.rt_psh_req
                0x000000000800281c       0x24 ./BUILD/NUCLEO_F401RE/GCC_ARM/mbed-os/rtos/rtx/TARGET_CORTEX_M/rt_System.o
                0x000000000800281c                rt_psh_req
 .text.rt_pop_req
                0x0000000008002840       0x78 ./BUILD/NUCLEO_F401RE/GCC_ARM/mbed-os/rtos/rtx/TARGET_CORTEX_M/rt_System.o
                0x0000000008002840                rt_pop_req
 .text.os_tick_init
                0x00000000080028b8       0x30 ./BUILD/NUCLEO_F401RE/GCC_ARM/mbed-os/rtos/rtx/TARGET_CORTEX_M/rt_System.o
                0x00000000080028b8                os_tick_init
 .text.os_tick_irqack
                0x00000000080028e8        0x2 ./BUILD/NUCLEO_F401RE/GCC_ARM/mbed-os/rtos/rtx/TARGET_CORTEX_M/rt_System.o
                0x00000000080028e8                os_tick_irqack
 *fill*         0x00000000080028ea        0x2 
 .text.rt_systick
                0x00000000080028ec       0x3c ./BUILD/NUCLEO_F401RE/GCC_ARM/mbed-os/rtos/rtx/TARGET_CORTEX_M/rt_System.o
                0x00000000080028ec                rt_systick
 .text.rt_stk_check
                0x0000000008002928       0x24 ./BUILD/NUCLEO_F401RE/GCC_ARM/mbed-os/rtos/rtx/TARGET_CORTEX_M/rt_System.o
                0x0000000008002928                rt_stk_check
 .text.rt_switch_req
                0x000000000800294c       0x20 ./BUILD/NUCLEO_F401RE/GCC_ARM/mbed-os/rtos/rtx/TARGET_CORTEX_M/rt_Task.o
                0x000000000800294c                rt_switch_req
 .text.rt_dispatch.part.0
                0x000000000800296c       0x14 ./BUILD/NUCLEO_F401RE/GCC_ARM/mbed-os/rtos/rtx/TARGET_CORTEX_M/rt_Task.o
 .text.rt_dispatch
                0x0000000008002980       0x48 ./BUILD/NUCLEO_F401RE/GCC_ARM/mbed-os/rtos/rtx/TARGET_CORTEX_M/rt_Task.o
                0x0000000008002980                rt_dispatch
 .text.rt_block
                0x00000000080029c8       0x34 ./BUILD/NUCLEO_F401RE/GCC_ARM/mbed-os/rtos/rtx/TARGET_CORTEX_M/rt_Task.o
                0x00000000080029c8                rt_block
 .text.rt_tsk_self
                0x00000000080029fc       0x10 ./BUILD/NUCLEO_F401RE/GCC_ARM/mbed-os/rtos/rtx/TARGET_CORTEX_M/rt_Task.o
                0x00000000080029fc                rt_tsk_self
 .text.rt_tsk_prio
                0x0000000008002a0c       0x7c ./BUILD/NUCLEO_F401RE/GCC_ARM/mbed-os/rtos/rtx/TARGET_CORTEX_M/rt_Task.o
                0x0000000008002a0c                rt_tsk_prio
 .text.rt_tsk_create
                0x0000000008002a88       0xac ./BUILD/NUCLEO_F401RE/GCC_ARM/mbed-os/rtos/rtx/TARGET_CORTEX_M/rt_Task.o
                0x0000000008002a88                rt_tsk_create
 .text.rt_tsk_delete
                0x0000000008002b34      0x154 ./BUILD/NUCLEO_F401RE/GCC_ARM/mbed-os/rtos/rtx/TARGET_CORTEX_M/rt_Task.o
                0x0000000008002b34                rt_tsk_delete
 .text.rt_sys_init
                0x0000000008002c88       0xf4 ./BUILD/NUCLEO_F401RE/GCC_ARM/mbed-os/rtos/rtx/TARGET_CORTEX_M/rt_Task.o
                0x0000000008002c88                rt_sys_init
 .text.rt_sys_start
                0x0000000008002d7c       0x8c ./BUILD/NUCLEO_F401RE/GCC_ARM/mbed-os/rtos/rtx/TARGET_CORTEX_M/rt_Task.o
                0x0000000008002d7c                rt_sys_start
 .text.rt_dly_wait
                0x0000000008002e08        0x6 ./BUILD/NUCLEO_F401RE/GCC_ARM/mbed-os/rtos/rtx/TARGET_CORTEX_M/rt_Time.o
                0x0000000008002e08                rt_dly_wait
 .text.SetSysClock_PLL_HSI.part.1
                0x0000000008002e0e       0x28 ./BUILD/NUCLEO_F401RE/GCC_ARM/mbed-os/targets/TARGET_STM/TARGET_STM32F4/TARGET_STM32F401xE/TARGET_NUCLEO_F401RE/system_stm32f4xx.o
 *fill*         0x0000000008002e36        0x2 
 .text.SystemCoreClockUpdate
                0x0000000008002e38       0x74 ./BUILD/NUCLEO_F401RE/GCC_ARM/mbed-os/targets/TARGET_STM/TARGET_STM32F4/TARGET_STM32F401xE/TARGET_NUCLEO_F401RE/system_stm32f4xx.o
                0x0000000008002e38                SystemCoreClockUpdate
 .text.SetSysClock_PLL_HSE
                0x0000000008002eac       0x7c ./BUILD/NUCLEO_F401RE/GCC_ARM/mbed-os/targets/TARGET_STM/TARGET_STM32F4/TARGET_STM32F401xE/TARGET_NUCLEO_F401RE/system_stm32f4xx.o
                0x0000000008002eac                SetSysClock_PLL_HSE
 .text.SetSysClock_PLL_HSI
                0x0000000008002f28       0x78 ./BUILD/NUCLEO_F401RE/GCC_ARM/mbed-os/targets/TARGET_STM/TARGET_STM32F4/TARGET_STM32F401xE/TARGET_NUCLEO_F401RE/system_stm32f4xx.o
                0x0000000008002f28                SetSysClock_PLL_HSI
 .text.SetSysClock
                0x0000000008002fa0       0x1a ./BUILD/NUCLEO_F401RE/GCC_ARM/mbed-os/targets/TARGET_STM/TARGET_STM32F4/TARGET_STM32F401xE/TARGET_NUCLEO_F401RE/system_stm32f4xx.o
                0x0000000008002fa0                SetSysClock
 *fill*         0x0000000008002fba        0x2 
 .text.SystemInit
                0x0000000008002fbc       0x74 ./BUILD/NUCLEO_F401RE/GCC_ARM/mbed-os/targets/TARGET_STM/TARGET_STM32F4/TARGET_STM32F401xE/TARGET_NUCLEO_F401RE/system_stm32f4xx.o
                0x0000000008002fbc                SystemInit
 .text.Reset_Handler
                0x0000000008003030       0x34 ./BUILD/NUCLEO_F401RE/GCC_ARM/mbed-os/targets/TARGET_STM/TARGET_STM32F4/TARGET_STM32F401xE/device/TOOLCHAIN_GCC_ARM/startup_stm32f401xe.o
                0x0000000008003030                Reset_Handler
 .text.Default_Handler
                0x0000000008003064        0x2 ./BUILD/NUCLEO_F401RE/GCC_ARM/mbed-os/targets/TARGET_STM/TARGET_STM32F4/TARGET_STM32F401xE/device/TOOLCHAIN_GCC_ARM/startup_stm32f401xe.o
                0x0000000008003064                RTC_Alarm_IRQHandler
                0x0000000008003064                EXTI2_IRQHandler
                0x0000000008003064                DebugMon_Handler
                0x0000000008003064                SPI4_IRQHandler
                0x0000000008003064                TIM1_CC_IRQHandler
                0x0000000008003064                DMA2_Stream5_IRQHandler
                0x0000000008003064                HardFault_Handler
                0x0000000008003064                DMA1_Stream5_IRQHandler
                0x0000000008003064                PVD_IRQHandler
                0x0000000008003064                SDIO_IRQHandler
                0x0000000008003064                TAMP_STAMP_IRQHandler
                0x0000000008003064                NMI_Handler
                0x0000000008003064                EXTI3_IRQHandler
                0x0000000008003064                TIM1_UP_TIM10_IRQHandler
                0x0000000008003064                I2C3_ER_IRQHandler
                0x0000000008003064                EXTI0_IRQHandler
                0x0000000008003064                I2C2_EV_IRQHandler
                0x0000000008003064                DMA1_Stream2_IRQHandler
                0x0000000008003064                FPU_IRQHandler
                0x0000000008003064                UsageFault_Handler
                0x0000000008003064                DMA2_Stream2_IRQHandler
                0x0000000008003064                SPI1_IRQHandler
                0x0000000008003064                TIM1_BRK_TIM9_IRQHandler
                0x0000000008003064                DMA2_Stream3_IRQHandler
                0x0000000008003064                USART6_IRQHandler
                0x0000000008003064                DMA2_Stream0_IRQHandler
                0x0000000008003064                TIM4_IRQHandler
                0x0000000008003064                I2C1_EV_IRQHandler
                0x0000000008003064                DMA1_Stream6_IRQHandler
                0x0000000008003064                DMA1_Stream1_IRQHandler
                0x0000000008003064                TIM3_IRQHandler
                0x0000000008003064                RCC_IRQHandler
                0x0000000008003064                Default_Handler
                0x0000000008003064                EXTI15_10_IRQHandler
                0x0000000008003064                ADC_IRQHandler
                0x0000000008003064                DMA1_Stream7_IRQHandler
                0x0000000008003064                TIM5_IRQHandler
                0x0000000008003064                DMA2_Stream7_IRQHandler
                0x0000000008003064                I2C3_EV_IRQHandler
                0x0000000008003064                EXTI9_5_IRQHandler
                0x0000000008003064                RTC_WKUP_IRQHandler
                0x0000000008003064                SPI2_IRQHandler
                0x0000000008003064                MemManage_Handler
                0x0000000008003064                DMA1_Stream0_IRQHandler
                0x0000000008003064                EXTI4_IRQHandler
                0x0000000008003064                WWDG_IRQHandler
                0x0000000008003064                TIM2_IRQHandler
                0x0000000008003064                OTG_FS_WKUP_IRQHandler
                0x0000000008003064                TIM1_TRG_COM_TIM11_IRQHandler
                0x0000000008003064                EXTI1_IRQHandler
                0x0000000008003064                USART2_IRQHandler
                0x0000000008003064                I2C2_ER_IRQHandler
                0x0000000008003064                DMA2_Stream1_IRQHandler
                0x0000000008003064                FLASH_IRQHandler
                0x0000000008003064                DMA2_Stream4_IRQHandler
                0x0000000008003064                BusFault_Handler
                0x0000000008003064                USART1_IRQHandler
                0x0000000008003064                OTG_FS_IRQHandler
                0x0000000008003064                SPI3_IRQHandler
                0x0000000008003064                DMA1_Stream4_IRQHandler
                0x0000000008003064                I2C1_ER_IRQHandler
                0x0000000008003064                DMA2_Stream6_IRQHandler
                0x0000000008003064                DMA1_Stream3_IRQHandler
 *fill*         0x0000000008003066        0x2 
 .text.__NVIC_SetVector
                0x0000000008003068       0x40 ./BUILD/NUCLEO_F401RE/GCC_ARM/mbed-os/targets/TARGET_STM/TARGET_STM32F4/TARGET_STM32F401xE/device/cmsis_nvic.o
                0x0000000008003068                __NVIC_SetVector
 .text.HAL_Init
                0x00000000080030a8       0x30 ./BUILD/NUCLEO_F401RE/GCC_ARM/mbed-os/targets/TARGET_STM/TARGET_STM32F4/device/stm32f4xx_hal.o
                0x00000000080030a8                HAL_Init
 .text.HAL_IncTick
                0x00000000080030d8       0x10 ./BUILD/NUCLEO_F401RE/GCC_ARM/mbed-os/targets/TARGET_STM/TARGET_STM32F4/device/stm32f4xx_hal.o
                0x00000000080030d8                HAL_IncTick
 .text.HAL_GetTick
                0x00000000080030e8        0xc ./BUILD/NUCLEO_F401RE/GCC_ARM/mbed-os/targets/TARGET_STM/TARGET_STM32F4/device/stm32f4xx_hal.o
                0x00000000080030e8                HAL_GetTick
 .text.HAL_MspInit
                0x00000000080030f4        0x2 ./BUILD/NUCLEO_F401RE/GCC_ARM/mbed-os/targets/TARGET_STM/TARGET_STM32F4/device/stm32f4xx_hal_msp_template.o
                0x00000000080030f4                HAL_MspInit
 *fill*         0x00000000080030f6        0x2 
 .text.HAL_RCC_OscConfig
                0x00000000080030f8      0x2e0 ./BUILD/NUCLEO_F401RE/GCC_ARM/mbed-os/targets/TARGET_STM/TARGET_STM32F4/device/stm32f4xx_hal_rcc.o
                0x00000000080030f8                HAL_RCC_OscConfig
 .text.HAL_RCC_GetSysClockFreq
                0x00000000080033d8       0x74 ./BUILD/NUCLEO_F401RE/GCC_ARM/mbed-os/targets/TARGET_STM/TARGET_STM32F4/device/stm32f4xx_hal_rcc.o
                0x00000000080033d8                HAL_RCC_GetSysClockFreq
 .text.HAL_RCC_ClockConfig
                0x000000000800344c      0x16c ./BUILD/NUCLEO_F401RE/GCC_ARM/mbed-os/targets/TARGET_STM/TARGET_STM32F4/device/stm32f4xx_hal_rcc.o
                0x000000000800344c                HAL_RCC_ClockConfig
 .text.HAL_RCC_GetPCLK1Freq
                0x00000000080035b8       0x30 ./BUILD/NUCLEO_F401RE/GCC_ARM/mbed-os/targets/TARGET_STM/TARGET_STM32F4/device/stm32f4xx_hal_rcc.o
                0x00000000080035b8                HAL_RCC_GetPCLK1Freq
 .text.HAL_RCC_GetPCLK2Freq
                0x00000000080035e8       0x30 ./BUILD/NUCLEO_F401RE/GCC_ARM/mbed-os/targets/TARGET_STM/TARGET_STM32F4/device/stm32f4xx_hal_rcc.o
                0x00000000080035e8                HAL_RCC_GetPCLK2Freq
 .text.HAL_RCC_GetClockConfig
                0x0000000008003618       0x3c ./BUILD/NUCLEO_F401RE/GCC_ARM/mbed-os/targets/TARGET_STM/TARGET_STM32F4/device/stm32f4xx_hal_rcc.o
                0x0000000008003618                HAL_RCC_GetClockConfig
 .text.HAL_TIM_OC_MspInit
                0x0000000008003654        0x2 ./BUILD/NUCLEO_F401RE/GCC_ARM/mbed-os/targets/TARGET_STM/TARGET_STM32F4/device/stm32f4xx_hal_tim.o
                0x0000000008003654                HAL_TIM_OC_MspInit
 *fill*         0x0000000008003656        0x2 
 .text.TIM_Base_SetConfig
                0x0000000008003658       0x98 ./BUILD/NUCLEO_F401RE/GCC_ARM/mbed-os/targets/TARGET_STM/TARGET_STM32F4/device/stm32f4xx_hal_tim.o
                0x0000000008003658                TIM_Base_SetConfig
 .text.HAL_TIM_OC_Init
                0x00000000080036f0       0x34 ./BUILD/NUCLEO_F401RE/GCC_ARM/mbed-os/targets/TARGET_STM/TARGET_STM32F4/device/stm32f4xx_hal_tim.o
                0x00000000080036f0                HAL_TIM_OC_Init
 .text.TIM_CCxChannelCmd
                0x0000000008003724       0x18 ./BUILD/NUCLEO_F401RE/GCC_ARM/mbed-os/targets/TARGET_STM/TARGET_STM32F4/device/stm32f4xx_hal_tim.o
                0x0000000008003724                TIM_CCxChannelCmd
 .text.HAL_TIM_PWM_Start
                0x000000000800373c       0x2c ./BUILD/NUCLEO_F401RE/GCC_ARM/mbed-os/targets/TARGET_STM/TARGET_STM32F4/device/stm32f4xx_hal_tim.o
                0x000000000800373c                HAL_TIM_PWM_Start
 .text.HAL_TIM_OC_Start
                0x0000000008003768        0x4 ./BUILD/NUCLEO_F401RE/GCC_ARM/mbed-os/targets/TARGET_STM/TARGET_STM32F4/device/stm32f4xx_hal_tim.o
                0x0000000008003768                HAL_TIM_OC_Start
 .text.UART_SetConfig
                0x000000000800376c      0x234 ./BUILD/NUCLEO_F401RE/GCC_ARM/mbed-os/targets/TARGET_STM/TARGET_STM32F4/device/stm32f4xx_hal_uart.o
 .text.HAL_UART_MspInit
                0x00000000080039a0        0x2 ./BUILD/NUCLEO_F401RE/GCC_ARM/mbed-os/targets/TARGET_STM/TARGET_STM32F4/device/stm32f4xx_hal_uart.o
                0x00000000080039a0                HAL_UART_MspInit
 .text.HAL_UART_Init
                0x00000000080039a2       0x5c ./BUILD/NUCLEO_F401RE/GCC_ARM/mbed-os/targets/TARGET_STM/TARGET_STM32F4/device/stm32f4xx_hal_uart.o
                0x00000000080039a2                HAL_UART_Init
 .text.mbed_sdk_init
                0x00000000080039fe        0xe ./BUILD/NUCLEO_F401RE/GCC_ARM/mbed-os/targets/TARGET_STM/TARGET_STM32F4/mbed_overrides.o
                0x00000000080039fe                mbed_sdk_init
 .text.init_uart
                0x0000000008003a0c       0x64 ./BUILD/NUCLEO_F401RE/GCC_ARM/mbed-os/targets/TARGET_STM/TARGET_STM32F4/serial_api.o
 .text.serial_init
                0x0000000008003a70      0x154 ./BUILD/NUCLEO_F401RE/GCC_ARM/mbed-os/targets/TARGET_STM/TARGET_STM32F4/serial_api.o
                0x0000000008003a70                serial_init
 .text.serial_baud
                0x0000000008003bc4        0x6 ./BUILD/NUCLEO_F401RE/GCC_ARM/mbed-os/targets/TARGET_STM/TARGET_STM32F4/serial_api.o
                0x0000000008003bc4                serial_baud
 *fill*         0x0000000008003bca        0x2 
 .text.serial_irq_handler
                0x0000000008003bcc       0x18 ./BUILD/NUCLEO_F401RE/GCC_ARM/mbed-os/targets/TARGET_STM/TARGET_STM32F4/serial_api.o
                0x0000000008003bcc                serial_irq_handler
 .text.serial_readable
                0x0000000008003be4       0x14 ./BUILD/NUCLEO_F401RE/GCC_ARM/mbed-os/targets/TARGET_STM/TARGET_STM32F4/serial_api.o
                0x0000000008003be4                serial_readable
 .text.serial_getc
                0x0000000008003bf8       0x24 ./BUILD/NUCLEO_F401RE/GCC_ARM/mbed-os/targets/TARGET_STM/TARGET_STM32F4/serial_api.o
                0x0000000008003bf8                serial_getc
 .text.serial_writable
                0x0000000008003c1c       0x14 ./BUILD/NUCLEO_F401RE/GCC_ARM/mbed-os/targets/TARGET_STM/TARGET_STM32F4/serial_api.o
                0x0000000008003c1c                serial_writable
 .text.serial_putc
                0x0000000008003c30       0x24 ./BUILD/NUCLEO_F401RE/GCC_ARM/mbed-os/targets/TARGET_STM/TARGET_STM32F4/serial_api.o
                0x0000000008003c30                serial_putc
 .text.Set_GPIO_Clock
                0x0000000008003c54       0xe0 ./BUILD/NUCLEO_F401RE/GCC_ARM/mbed-os/targets/TARGET_STM/gpio_api.o
                0x0000000008003c54                Set_GPIO_Clock
 .text.gpio_set
                0x0000000008003d34       0x2c ./BUILD/NUCLEO_F401RE/GCC_ARM/mbed-os/targets/TARGET_STM/gpio_api.o
                0x0000000008003d34                gpio_set
 .text.gpio_init
                0x0000000008003d60       0x40 ./BUILD/NUCLEO_F401RE/GCC_ARM/mbed-os/targets/TARGET_STM/gpio_api.o
                0x0000000008003d60                gpio_init
 .text.gpio_mode
                0x0000000008003da0        0x8 ./BUILD/NUCLEO_F401RE/GCC_ARM/mbed-os/targets/TARGET_STM/gpio_api.o
                0x0000000008003da0                gpio_mode
 .text.gpio_dir
                0x0000000008003da8       0x52 ./BUILD/NUCLEO_F401RE/GCC_ARM/mbed-os/targets/TARGET_STM/gpio_api.o
                0x0000000008003da8                gpio_dir
 *fill*         0x0000000008003dfa        0x2 
 .text.timer_irq_handler
                0x0000000008003dfc       0x58 ./BUILD/NUCLEO_F401RE/GCC_ARM/mbed-os/targets/TARGET_STM/hal_tick_32b.o
                0x0000000008003dfc                timer_irq_handler
 .text.HAL_InitTick
                0x0000000008003e54       0xc0 ./BUILD/NUCLEO_F401RE/GCC_ARM/mbed-os/targets/TARGET_STM/hal_tick_32b.o
                0x0000000008003e54                HAL_InitTick
 .text.LL_GPIO_SetPinPull
                0x0000000008003f14       0x2c ./BUILD/NUCLEO_F401RE/GCC_ARM/mbed-os/targets/TARGET_STM/pinmap.o
 .text.stm_pin_PullConfig
                0x0000000008003f40        0xe ./BUILD/NUCLEO_F401RE/GCC_ARM/mbed-os/targets/TARGET_STM/pinmap.o
 *fill*         0x0000000008003f4e        0x2 
 .text.pin_function